ASxxxx Linker V05.00,  page 1.
Hexidecimal  [16-Bits]

Area                       Addr        Size        Decimal Bytes (Attributes)
--------------------       ----        ----        ------- ----- ------------
.  .ABS.                   0000        0000 =           0. bytes (ABS,OVR,CSEG)

         Value  Global                             Global Defined In Module
         -----  --------------------------------   ------------------------
          0000  l__DATA                         
          0000  l__CODE                         
          0000  s__DATA                         
          0000  s__CODE                         
          0000  l_.text.unlikely                
          0000  .__.ABS.                           crt0.c
          0000  l_.text.last                    
          0000  l_.bankswitch.data              
          0000  l_.bankswitch.code              
          0000  s_.cartridge                    
          0000  l_.text.hot                     
          0000  s_.direct                       
          0001  l_.data                         
          0001  l_.0xffx                        
          0001  l_.0xf0                         
          0002  l_.0xe9                         
          0010  l_.dpd0                         
          0016  l_.dpcb                         
          0019  l_.dped                         
          001E  l_.0xe7                         
          0021  l_.dpfc                         
          0023  s_.bootloader                   
          0023  l_.cartridge                    
          003B  l_.bootloader                   
          005E  s_.text                         
          005E  s_.bankswitch.data              
          005E  s_.bankswitch.code              
          0068  l_.0xf7                         
          007A  l_.dpff                         
          0080  l_.dpc8                         
          0092  l_.0xf6                         
          0095  l_.0xf4                         
          009D  l_.0xf9                         
          00A7  l_.0xf2                         
          00AD  l_.0xf1                         
          00B3  l_.0xea                         
          00C7  l_.dpfd                         
          00CB  l_.0xf8                         
          00D1  l_.dpfe                         
          00D8  l_.0xf3                         
          00EF  l_.0xf5                         
          00F1  l_.bss                          
          0100  l_.direct                       
          0666  l_.text                         
          06C4  s_.text.unlikely                
          06C4  s_.text.last                    
          06C4  s_.text.hot                     
          C800  s_.dpc8                         
          C880  s_.data                         
          C881  s_.bss                          
ASxxxx Linker V05.00,  page 2.
Hexidecimal  [16-Bits]

Area                       Addr        Size        Decimal Bytes (Attributes)
--------------------       ----        ----        ------- ----- ------------
.  .ABS.                   0000        0000 =           0. bytes (ABS,OVR,CSEG)

         Value  Global                             Global Defined In Module
         -----  --------------------------------   ------------------------
          CBEA  s_.dpcb                         
          D000  s_.dpd0                         
          E7B5  s_.0xe7                         
          E98A  s_.0xe9                         
          EA3E  s_.0xea                         
          ED77  s_.dped                         
          F000  s_.0xf0                         
          F14C  s_.0xf1                         
          F256  s_.0xf2                         
          F308  s_.0xf3                         
          F404  s_.0xf4                         
          F511  s_.0xf5                         
          F601  s_.0xf6                         
          F742  s_.0xf7                         
          F835  s_.0xf8                         
          F92E  s_.0xf9                         
          FC6D  s_.dpfc                         
          FD0D  s_.dpfd                         
          FE28  s_.dpfe                         
          FF16  s_.dpff                         
          FF9F  s_.0xffx                        

ASxxxx Linker V05.00,  page 3.
Hexidecimal  [16-Bits]
[ Bank == rom ]

Area                       Addr        Size        Decimal Bytes (Attributes)
--------------------       ----        ----        ------- ----- ------------
.cartridge                 0000        0023 =          35. bytes (REL,CON,CSEG)

         Value  Global                             Global Defined In Module
         -----  --------------------------------   ------------------------
          0000  _game_header                       cartridge.enr.c

ASxxxx Linker V05.00,  page 4.
Hexidecimal  [16-Bits]
[ Bank == rom ]

Area                       Addr        Size        Decimal Bytes (Attributes)
--------------------       ----        ----        ------- ----- ------------
.bootloader                0023        003B =          59. bytes (REL,CON,CSEG)

         Value  Global                             Global Defined In Module
         -----  --------------------------------   ------------------------
          0023  A$crt0$58                          crt0.c
          0026  A$crt0$59                          crt0.c
          002A  A$crt0$60                          crt0.c
          002E  A$crt0$61                          crt0.c
          0032  A$crt0$62                          crt0.c
          0036  A$crt0$63                          crt0.c
          0039  A$crt0$64                          crt0.c
          003B  A$crt0$66                          crt0.c
          003D  A$crt0$67                          crt0.c
          003F  A$crt0$68                          crt0.c
          0041  A$crt0$69                          crt0.c
          0043  A$crt0$71                          crt0.c
          0047  A$crt0$72                          crt0.c
          004A  A$crt0$73                          crt0.c
          004C  A$crt0$75                          crt0.c
          004E  A$crt0$76                          crt0.c
          0050  A$crt0$77                          crt0.c
          0052  A$crt0$79                          crt0.c
          0055  A$crt0$80                          crt0.c
          0056  A$crt0$81                          crt0.c
          0058  A$crt0$82                          crt0.c
          005B  A$crt0$84                          crt0.c

ASxxxx Linker V05.00,  page 5.
Hexidecimal  [16-Bits]
[ Bank == rom ]

Area                       Addr        Size        Decimal Bytes (Attributes)
--------------------       ----        ----        ------- ----- ------------
.text                      005E        0666 =        1638. bytes (REL,CON,CSEG)

         Value  Global                             Global Defined In Module
         -----  --------------------------------   ------------------------
          005E  _MousePointer                      main.enr.c
          0069  _setup                             main.enr.c
          0069  A$main$55                          main.enr.c
          006C  A$main$60                          main.enr.c
          006F  A$main$65                          main.enr.c
          0072  A$main$70                          main.enr.c
          0075  A$main$75                          main.enr.c
          0078  A$main$80                          main.enr.c
          007B  A$main$81                          main.enr.c
          007C  A$main$83                          main.enr.c
          007F  A$main$84                          main.enr.c
          0080  A$main$86                          main.enr.c
          0083  A$main$87                          main.enr.c
          0084  A$main$89                          main.enr.c
          0086  A$main$90                          main.enr.c
          0089  A$main$91                          main.enr.c
          008A  A$main$93                          main.enr.c
          008C  A$main$94                          main.enr.c
          008F  A$main$95                          main.enr.c
          0145  A$main$136                         main.enr.c
          0145  _mainMenu                          main.enr.c
          0147  A$main$137                         main.enr.c
          0149  A$main$138                         main.enr.c
          014C  A$main$139                         main.enr.c
          014E  A$main$140                         main.enr.c
          0151  A$main$141                         main.enr.c
          0153  A$main$146                         main.enr.c
          0155  A$main$147                         main.enr.c
          0157  A$main$148                         main.enr.c
          015A  A$main$149                         main.enr.c
          015C  A$main$150                         main.enr.c
          015F  A$main$151                         main.enr.c
          0161  A$main$156                         main.enr.c
          0163  A$main$157                         main.enr.c
          0165  A$main$158                         main.enr.c
          0168  A$main$159                         main.enr.c
          016A  A$main$160                         main.enr.c
          016D  A$main$161                         main.enr.c
          016F  A$main$166                         main.enr.c
          0171  A$main$167                         main.enr.c
          0173  A$main$168                         main.enr.c
          0176  A$main$169                         main.enr.c
          0178  A$main$170                         main.enr.c
          017B  A$main$171                         main.enr.c
          017D  A$main$176                         main.enr.c
          017F  A$main$177                         main.enr.c
          0181  A$main$178                         main.enr.c
          0184  A$main$179                         main.enr.c
          0186  A$main$180                         main.enr.c
ASxxxx Linker V05.00,  page 6.
Hexidecimal  [16-Bits]
[ Bank == rom ]

Area                       Addr        Size        Decimal Bytes (Attributes)
--------------------       ----        ----        ------- ----- ------------
.text                      005E        0666 =        1638. bytes (REL,CON,CSEG)

         Value  Global                             Global Defined In Module
         -----  --------------------------------   ------------------------
          0189  A$main$181                         main.enr.c
          018B  A$main$186                         main.enr.c
          018E  A$main$187                         main.enr.c
          0190  A$main$188                         main.enr.c
          0191  A$main$189                         main.enr.c
          0193  A$main$194                         main.enr.c
          0195  A$main$195                         main.enr.c
          0198  A$main$200                         main.enr.c
          019A  A$main$201                         main.enr.c
          019C  A$main$202                         main.enr.c
          019F  A$main$203                         main.enr.c
          01A1  A$main$204                         main.enr.c
          01A4  A$main$205                         main.enr.c
          01A6  A$main$206                         main.enr.c
          01A9  A$main$208                         main.enr.c
          01AC  A$main$209                         main.enr.c
          01AE  A$main$210                         main.enr.c
          01AF  A$main$211                         main.enr.c
          01B1  A$main$216                         main.enr.c
          01B3  A$main$217                         main.enr.c
          01B6  A$main$222                         main.enr.c
          01B8  A$main$223                         main.enr.c
          01BA  A$main$224                         main.enr.c
          01BD  A$main$225                         main.enr.c
          01BF  A$main$226                         main.enr.c
          01C2  A$main$227                         main.enr.c
          01C4  A$main$228                         main.enr.c
          01C7  A$main$230                         main.enr.c
          01CA  A$main$231                         main.enr.c
          01CC  A$main$232                         main.enr.c
          01CD  A$main$233                         main.enr.c
          01CF  A$main$238                         main.enr.c
          01D1  A$main$239                         main.enr.c
          01D4  A$main$244                         main.enr.c
          01D6  A$main$245                         main.enr.c
          01D8  A$main$246                         main.enr.c
          01DB  A$main$247                         main.enr.c
          01DD  A$main$248                         main.enr.c
          01E0  A$main$249                         main.enr.c
          01E2  A$main$250                         main.enr.c
          01E4  A$main$252                         main.enr.c
          01E7  A$main$253                         main.enr.c
          01E9  A$main$254                         main.enr.c
          01EA  A$main$255                         main.enr.c
          01EC  A$main$260                         main.enr.c
          01EE  A$main$261                         main.enr.c
          01F1  A$main$266                         main.enr.c
          01F3  A$main$267                         main.enr.c
          01F5  A$main$268                         main.enr.c
          01F8  A$main$269                         main.enr.c
ASxxxx Linker V05.00,  page 7.
Hexidecimal  [16-Bits]
[ Bank == rom ]

Area                       Addr        Size        Decimal Bytes (Attributes)
--------------------       ----        ----        ------- ----- ------------
.text                      005E        0666 =        1638. bytes (REL,CON,CSEG)

         Value  Global                             Global Defined In Module
         -----  --------------------------------   ------------------------
          01FA  A$main$270                         main.enr.c
          01FD  A$main$271                         main.enr.c
          01FF  A$main$273                         main.enr.c
          0200  _RepairIdentityGame                main.enr.c
          0200  A$main$276                         main.enr.c
          0202  A$main$281                         main.enr.c
          0204  A$main$282                         main.enr.c
          0207  A$main$287                         main.enr.c
          020A  A$main$288                         main.enr.c
          020C  A$main$289                         main.enr.c
          020F  A$main$290                         main.enr.c
          0211  A$main$291                         main.enr.c
          0213  A$main$292                         main.enr.c
          0215  A$main$293                         main.enr.c
          0217  A$main$294                         main.enr.c
          0219  A$main$295                         main.enr.c
          021B  A$main$296                         main.enr.c
          021D  A$main$297                         main.enr.c
          021F  A$main$298                         main.enr.c
          0222  A$main$299                         main.enr.c
          0224  A$main$304                         main.enr.c
          0226  A$main$305                         main.enr.c
          0229  A$main$310                         main.enr.c
          022C  A$main$311                         main.enr.c
          022F  A$main$316                         main.enr.c
          0232  A$main$317                         main.enr.c
          0233  A$main$318                         main.enr.c
          0235  A$main$323                         main.enr.c
          0238  A$main$324                         main.enr.c
          023A  A$main$325                         main.enr.c
          023D  A$main$326                         main.enr.c
          023F  A$main$328                         main.enr.c
          0242  A$main$329                         main.enr.c
          0243  A$main$330                         main.enr.c
          0245  A$main$335                         main.enr.c
          0248  A$main$336                         main.enr.c
          024A  A$main$337                         main.enr.c
          024D  A$main$343                         main.enr.c
          0250  A$main$344                         main.enr.c
          0251  A$main$345                         main.enr.c
          0253  A$main$350                         main.enr.c
          0256  A$main$351                         main.enr.c
          0258  A$main$352                         main.enr.c
          025B  A$main$353                         main.enr.c
          025D  A$main$355                         main.enr.c
          0260  A$main$356                         main.enr.c
          0261  A$main$357                         main.enr.c
          0263  A$main$362                         main.enr.c
          0266  A$main$363                         main.enr.c
          0268  A$main$364                         main.enr.c
ASxxxx Linker V05.00,  page 8.
Hexidecimal  [16-Bits]
[ Bank == rom ]

Area                       Addr        Size        Decimal Bytes (Attributes)
--------------------       ----        ----        ------- ----- ------------
.text                      005E        0666 =        1638. bytes (REL,CON,CSEG)

         Value  Global                             Global Defined In Module
         -----  --------------------------------   ------------------------
          026B  A$main$370                         main.enr.c
          026E  A$main$371                         main.enr.c
          0270  A$main$372                         main.enr.c
          0272  A$main$373                         main.enr.c
          0274  A$main$374                         main.enr.c
          0277  A$main$380                         main.enr.c
          027A  A$main$381                         main.enr.c
          027C  A$main$382                         main.enr.c
          027E  A$main$383                         main.enr.c
          0280  A$main$384                         main.enr.c
          0283  A$main$390                         main.enr.c
          0286  A$main$391                         main.enr.c
          0288  A$main$392                         main.enr.c
          028A  A$main$393                         main.enr.c
          028C  A$main$394                         main.enr.c
          028F  A$main$400                         main.enr.c
          0292  A$main$401                         main.enr.c
          0294  A$main$402                         main.enr.c
          0296  A$main$403                         main.enr.c
          0298  A$main$404                         main.enr.c
          029B  A$main$410                         main.enr.c
          029E  A$main$411                         main.enr.c
          02A0  A$main$412                         main.enr.c
          02A1  A$main$414                         main.enr.c
          02A4  A$main$415                         main.enr.c
          02A5  A$main$417                         main.enr.c
          02A8  A$main$418                         main.enr.c
          02BD  _main                              main.enr.c
          02BD  A$main$425                         main.enr.c
          02BF  A$main$426                         main.enr.c
          02C1  A$main$431                         main.enr.c
          02C4  A$main$436                         main.enr.c
          02C7  A$main$441                         main.enr.c
          02CA  A$main$446                         main.enr.c
          02CD  A$main$451                         main.enr.c
          02D0  A$main$461                         main.enr.c
          02D3  A$main$466                         main.enr.c
          02D6  A$main$471                         main.enr.c
          02D9  A$main$476                         main.enr.c
          02DB  A$main$477                         main.enr.c
          02DE  A$main$482                         main.enr.c
          02E1  A$main$483                         main.enr.c
          02E3  A$main$484                         main.enr.c
          02E5  A$main$485                         main.enr.c
          02E7  A$main$486                         main.enr.c
          02E9  A$main$487                         main.enr.c
          02EB  A$main$488                         main.enr.c
          02EC  A$main$489                         main.enr.c
          02EE  A$main$490                         main.enr.c
          02F0  A$main$491                         main.enr.c
ASxxxx Linker V05.00,  page 9.
Hexidecimal  [16-Bits]
[ Bank == rom ]

Area                       Addr        Size        Decimal Bytes (Attributes)
--------------------       ----        ----        ------- ----- ------------
.text                      005E        0666 =        1638. bytes (REL,CON,CSEG)

         Value  Global                             Global Defined In Module
         -----  --------------------------------   ------------------------
          02F1  A$main$492                         main.enr.c
          02F2  A$main$493                         main.enr.c
          02F5  A$main$494                         main.enr.c
          02F7  A$main$495                         main.enr.c
          02F9  A$main$496                         main.enr.c
          0305  A$main$508                         main.enr.c
          0307  A$main$509                         main.enr.c
          0309  A$main$510                         main.enr.c
          030C  A$main$511                         main.enr.c
          030E  A$main$512                         main.enr.c
          0311  A$main$513                         main.enr.c
          0313  A$main$518                         main.enr.c
          0316  A$main$524                         main.enr.c
          0318  A$main$525                         main.enr.c
          031A  A$main$526                         main.enr.c
          031D  A$main$527                         main.enr.c
          031F  A$main$528                         main.enr.c
          0322  A$main$529                         main.enr.c
          0324  A$main$534                         main.enr.c
          0327  A$main$540                         main.enr.c
          032A  A$main$541                         main.enr.c
          032C  A$main$542                         main.enr.c
          032D  A$main$543                         main.enr.c
          032F  A$main$544                         main.enr.c
          0332  A$main$545                         main.enr.c
          0333  A$main$546                         main.enr.c
          0335  A$main$551                         main.enr.c
          0337  A$main$552                         main.enr.c
          033A  A$main$553                         main.enr.c
          033C  A$main$555                         main.enr.c
          033F  A$main$556                         main.enr.c
          0340  A$main$557                         main.enr.c
          0342  A$main$562                         main.enr.c
          0344  A$main$563                         main.enr.c
          0346  A$main$564                         main.enr.c
          0349  A$main$565                         main.enr.c
          034B  A$main$566                         main.enr.c
          034E  A$main$567                         main.enr.c
          0350  A$main$568                         main.enr.c
          0352  A$main$574                         main.enr.c
          0355  A$main$580                         main.enr.c
          0358  A$main$586                         main.enr.c
          035A  A$main$587                         main.enr.c
          035C  A$main$588                         main.enr.c
          035F  A$main$589                         main.enr.c
          0361  A$main$590                         main.enr.c
          0364  A$main$591                         main.enr.c
          0366  A$main$596                         main.enr.c
          0369  A$main$602                         main.enr.c
          036C  A$main$607                         main.enr.c
ASxxxx Linker V05.00,  page 10.
Hexidecimal  [16-Bits]
[ Bank == rom ]

Area                       Addr        Size        Decimal Bytes (Attributes)
--------------------       ----        ----        ------- ----- ------------
.text                      005E        0666 =        1638. bytes (REL,CON,CSEG)

         Value  Global                             Global Defined In Module
         -----  --------------------------------   ------------------------
          036F  _reg_max_data                      ymplayer.pre.s
          036F  A$ymPlayer.pre.asx$79              ymplayer.pre.s
          037F  rleEncodedData                     ymplayer.pre.s
          037F  A$ymPlayer.pre.asx$88              ymplayer.pre.s
          0380  moreBits                           ymplayer.pre.s
          0380  A$ymPlayer.pre.asx$91              ymplayer.pre.s
          0381  A$ymPlayer.pre.asx$94              ymplayer.pre.s
          0383  A$ymPlayer.pre.asx$95              ymplayer.pre.s
          0385  A$ymPlayer.pre.asx$97              ymplayer.pre.s
          0387  A$ymPlayer.pre.asx$98              ymplayer.pre.s
          0389  A$ymPlayer.pre.asx$99              ymplayer.pre.s
          038B  A$ymPlayer.pre.asx$100             ymplayer.pre.s
          038D  A$ymPlayer.pre.asx$101             ymplayer.pre.s
          038F  A$ymPlayer.pre.asx$102             ymplayer.pre.s
          0391  bit_is_ready1                      ymplayer.pre.s
          0391  A$ymPlayer.pre.asx$108             ymplayer.pre.s
          0393  A$ymPlayer.pre.asx$110             ymplayer.pre.s
          0395  A$ymPlayer.pre.asx$112             ymplayer.pre.s
          0397  A$ymPlayer.pre.asx$113             ymplayer.pre.s
          0399  A$ymPlayer.pre.asx$114             ymplayer.pre.s
          039B  A$ymPlayer.pre.asx$119             ymplayer.pre.s
          039C  A$ymPlayer.pre.asx$122             ymplayer.pre.s
          039E  A$ymPlayer.pre.asx$123             ymplayer.pre.s
          03A0  A$ymPlayer.pre.asx$125             ymplayer.pre.s
          03A2  A$ymPlayer.pre.asx$126             ymplayer.pre.s
          03A4  A$ymPlayer.pre.asx$127             ymplayer.pre.s
          03A6  A$ymPlayer.pre.asx$128             ymplayer.pre.s
          03A8  A$ymPlayer.pre.asx$129             ymplayer.pre.s
          03AA  A$ymPlayer.pre.asx$130             ymplayer.pre.s
          03AC  bit_is_ready2                      ymplayer.pre.s
          03AC  A$ymPlayer.pre.asx$136             ymplayer.pre.s
          03AE  A$ymPlayer.pre.asx$138             ymplayer.pre.s
          03B0  A$ymPlayer.pre.asx$140             ymplayer.pre.s
          03B2  A$ymPlayer.pre.asx$141             ymplayer.pre.s
          03B3  rleCounterBit0NotSet               ymplayer.pre.s
          03B3  A$ymPlayer.pre.asx$144             ymplayer.pre.s
          03B4  A$ymPlayer.pre.asx$147             ymplayer.pre.s
          03B6  A$ymPlayer.pre.asx$148             ymplayer.pre.s
          03B8  A$ymPlayer.pre.asx$150             ymplayer.pre.s
          03BA  A$ymPlayer.pre.asx$151             ymplayer.pre.s
          03BC  A$ymPlayer.pre.asx$152             ymplayer.pre.s
          03BE  A$ymPlayer.pre.asx$153             ymplayer.pre.s
          03C0  A$ymPlayer.pre.asx$154             ymplayer.pre.s
          03C2  A$ymPlayer.pre.asx$155             ymplayer.pre.s
          03C4  bit_is_ready3                      ymplayer.pre.s
          03C4  A$ymPlayer.pre.asx$161             ymplayer.pre.s
          03C6  A$ymPlayer.pre.asx$163             ymplayer.pre.s
          03C8  A$ymPlayer.pre.asx$165             ymplayer.pre.s
          03CA  A$ymPlayer.pre.asx$166             ymplayer.pre.s
          03CB  rleCounterBit1NotSet               ymplayer.pre.s
ASxxxx Linker V05.00,  page 11.
Hexidecimal  [16-Bits]
[ Bank == rom ]

Area                       Addr        Size        Decimal Bytes (Attributes)
--------------------       ----        ----        ------- ----- ------------
.text                      005E        0666 =        1638. bytes (REL,CON,CSEG)

         Value  Global                             Global Defined In Module
         -----  --------------------------------   ------------------------
          03CB  A$ymPlayer.pre.asx$169             ymplayer.pre.s
          03CC  A$ymPlayer.pre.asx$172             ymplayer.pre.s
          03CE  A$ymPlayer.pre.asx$173             ymplayer.pre.s
          03D0  A$ymPlayer.pre.asx$175             ymplayer.pre.s
          03D2  A$ymPlayer.pre.asx$176             ymplayer.pre.s
          03D4  A$ymPlayer.pre.asx$177             ymplayer.pre.s
          03D6  A$ymPlayer.pre.asx$178             ymplayer.pre.s
          03D8  A$ymPlayer.pre.asx$179             ymplayer.pre.s
          03DA  A$ymPlayer.pre.asx$180             ymplayer.pre.s
          03DC  bit_is_ready4                      ymplayer.pre.s
          03DC  A$ymPlayer.pre.asx$186             ymplayer.pre.s
          03DE  A$ymPlayer.pre.asx$188             ymplayer.pre.s
          03E0  A$ymPlayer.pre.asx$190             ymplayer.pre.s
          03E2  A$ymPlayer.pre.asx$191             ymplayer.pre.s
          03E3  rleCounterBit2NotSet               ymplayer.pre.s
          03E3  A$ymPlayer.pre.asx$194             ymplayer.pre.s
          03E5  A$ymPlayer.pre.asx$195             ymplayer.pre.s
          03E9  A$ymPlayer.pre.asx$196             ymplayer.pre.s
          03EA  A$ymPlayer.pre.asx$199             ymplayer.pre.s
          03EC  A$ymPlayer.pre.asx$200             ymplayer.pre.s
          03EE  A$ymPlayer.pre.asx$202             ymplayer.pre.s
          03F0  A$ymPlayer.pre.asx$203             ymplayer.pre.s
          03F2  A$ymPlayer.pre.asx$204             ymplayer.pre.s
          03F4  A$ymPlayer.pre.asx$205             ymplayer.pre.s
          03F6  A$ymPlayer.pre.asx$206             ymplayer.pre.s
          03F8  A$ymPlayer.pre.asx$207             ymplayer.pre.s
          03FA  A$ymPlayer.pre.asx$213             ymplayer.pre.s
          03FA  bit_is_ready5                      ymplayer.pre.s
          03FC  A$ymPlayer.pre.asx$215             ymplayer.pre.s
          03FE  A$ymPlayer.pre.asx$217             ymplayer.pre.s
          0400  A$ymPlayer.pre.asx$218             ymplayer.pre.s
          0401  rleCounterBit3NotSet               ymplayer.pre.s
          0401  A$ymPlayer.pre.asx$221             ymplayer.pre.s
          0403  A$ymPlayer.pre.asx$222             ymplayer.pre.s
          0407  A$ymPlayer.pre.asx$223             ymplayer.pre.s
          0408  A$ymPlayer.pre.asx$226             ymplayer.pre.s
          040A  A$ymPlayer.pre.asx$227             ymplayer.pre.s
          040C  A$ymPlayer.pre.asx$229             ymplayer.pre.s
          040E  A$ymPlayer.pre.asx$230             ymplayer.pre.s
          0410  A$ymPlayer.pre.asx$231             ymplayer.pre.s
          0412  A$ymPlayer.pre.asx$232             ymplayer.pre.s
          0414  A$ymPlayer.pre.asx$233             ymplayer.pre.s
          0416  A$ymPlayer.pre.asx$234             ymplayer.pre.s
          0418  A$ymPlayer.pre.asx$240             ymplayer.pre.s
          0418  bit_is_ready6                      ymplayer.pre.s
          041A  A$ymPlayer.pre.asx$242             ymplayer.pre.s
          041C  A$ymPlayer.pre.asx$244             ymplayer.pre.s
          041E  A$ymPlayer.pre.asx$245             ymplayer.pre.s
          041F  rleCounterBit4NotSet               ymplayer.pre.s
          041F  A$ymPlayer.pre.asx$248             ymplayer.pre.s
ASxxxx Linker V05.00,  page 12.
Hexidecimal  [16-Bits]
[ Bank == rom ]

Area                       Addr        Size        Decimal Bytes (Attributes)
--------------------       ----        ----        ------- ----- ------------
.text                      005E        0666 =        1638. bytes (REL,CON,CSEG)

         Value  Global                             Global Defined In Module
         -----  --------------------------------   ------------------------
          0421  A$ymPlayer.pre.asx$249             ymplayer.pre.s
          0423  A$ymPlayer.pre.asx$250             ymplayer.pre.s
          0424  A$ymPlayer.pre.asx$253             ymplayer.pre.s
          0426  A$ymPlayer.pre.asx$254             ymplayer.pre.s
          0428  A$ymPlayer.pre.asx$256             ymplayer.pre.s
          042A  A$ymPlayer.pre.asx$257             ymplayer.pre.s
          042C  A$ymPlayer.pre.asx$258             ymplayer.pre.s
          042E  A$ymPlayer.pre.asx$259             ymplayer.pre.s
          0430  A$ymPlayer.pre.asx$260             ymplayer.pre.s
          0432  A$ymPlayer.pre.asx$261             ymplayer.pre.s
          0434  bit_is_ready7                      ymplayer.pre.s
          0434  A$ymPlayer.pre.asx$267             ymplayer.pre.s
          0436  A$ymPlayer.pre.asx$269             ymplayer.pre.s
          0438  A$ymPlayer.pre.asx$271             ymplayer.pre.s
          043A  A$ymPlayer.pre.asx$272             ymplayer.pre.s
          043B  rleCounterBit5NotSet               ymplayer.pre.s
          043B  A$ymPlayer.pre.asx$275             ymplayer.pre.s
          043D  A$ymPlayer.pre.asx$276             ymplayer.pre.s
          043F  A$ymPlayer.pre.asx$277             ymplayer.pre.s
          0440  A$ymPlayer.pre.asx$280             ymplayer.pre.s
          0442  A$ymPlayer.pre.asx$281             ymplayer.pre.s
          0444  A$ymPlayer.pre.asx$283             ymplayer.pre.s
          0446  A$ymPlayer.pre.asx$284             ymplayer.pre.s
          0448  A$ymPlayer.pre.asx$285             ymplayer.pre.s
          044A  A$ymPlayer.pre.asx$286             ymplayer.pre.s
          044C  A$ymPlayer.pre.asx$287             ymplayer.pre.s
          044E  A$ymPlayer.pre.asx$288             ymplayer.pre.s
          0450  bit_is_ready8                      ymplayer.pre.s
          0450  A$ymPlayer.pre.asx$294             ymplayer.pre.s
          0452  A$ymPlayer.pre.asx$296             ymplayer.pre.s
          0454  A$ymPlayer.pre.asx$298             ymplayer.pre.s
          0456  A$ymPlayer.pre.asx$299             ymplayer.pre.s
          0457  rleCounterBit6NotSet               ymplayer.pre.s
          0457  A$ymPlayer.pre.asx$302             ymplayer.pre.s
          0459  A$ymPlayer.pre.asx$303             ymplayer.pre.s
          045B  A$ymPlayer.pre.asx$304             ymplayer.pre.s
          045C  A$ymPlayer.pre.asx$307             ymplayer.pre.s
          045E  A$ymPlayer.pre.asx$308             ymplayer.pre.s
          0460  A$ymPlayer.pre.asx$310             ymplayer.pre.s
          0462  A$ymPlayer.pre.asx$311             ymplayer.pre.s
          0464  A$ymPlayer.pre.asx$312             ymplayer.pre.s
          0466  A$ymPlayer.pre.asx$313             ymplayer.pre.s
          0468  A$ymPlayer.pre.asx$314             ymplayer.pre.s
          046A  A$ymPlayer.pre.asx$315             ymplayer.pre.s
          046C  A$ymPlayer.pre.asx$321             ymplayer.pre.s
          046C  bit_is_ready9                      ymplayer.pre.s
          046E  A$ymPlayer.pre.asx$323             ymplayer.pre.s
          0470  A$ymPlayer.pre.asx$325             ymplayer.pre.s
          0472  A$ymPlayer.pre.asx$326             ymplayer.pre.s
          0473  rleCounterBit7NotSet               ymplayer.pre.s
ASxxxx Linker V05.00,  page 13.
Hexidecimal  [16-Bits]
[ Bank == rom ]

Area                       Addr        Size        Decimal Bytes (Attributes)
--------------------       ----        ----        ------- ----- ------------
.text                      005E        0666 =        1638. bytes (REL,CON,CSEG)

         Value  Global                             Global Defined In Module
         -----  --------------------------------   ------------------------
          0473  A$ymPlayer.pre.asx$329             ymplayer.pre.s
          0475  A$ymPlayer.pre.asx$330             ymplayer.pre.s
          0477  A$ymPlayer.pre.asx$332             ymplayer.pre.s
          0479  read16bitContinue                  ymplayer.pre.s
          0479  A$ymPlayer.pre.asx$335             ymplayer.pre.s
          047B  A$ymPlayer.pre.asx$337             ymplayer.pre.s
          047C  A$ymPlayer.pre.asx$338             ymplayer.pre.s
          047D  A$ymPlayer.pre.asx$339             ymplayer.pre.s
          047F  A$ymPlayer.pre.asx$340             ymplayer.pre.s
          0481  no_carry                           ymplayer.pre.s
          0481  A$ymPlayer.pre.asx$344             ymplayer.pre.s
          0483  A$ymPlayer.pre.asx$347             ymplayer.pre.s
          0485  A$ymPlayer.pre.asx$348             ymplayer.pre.s
          0487  A$ymPlayer.pre.asx$350             ymplayer.pre.s
          0489  A$ymPlayer.pre.asx$351             ymplayer.pre.s
          048B  A$ymPlayer.pre.asx$352             ymplayer.pre.s
          048D  A$ymPlayer.pre.asx$353             ymplayer.pre.s
          048F  A$ymPlayer.pre.asx$354             ymplayer.pre.s
          0491  A$ymPlayer.pre.asx$355             ymplayer.pre.s
          0493  bit_is_ready10                     ymplayer.pre.s
          0493  A$ymPlayer.pre.asx$361             ymplayer.pre.s
          0495  A$ymPlayer.pre.asx$363             ymplayer.pre.s
          0497  A$ymPlayer.pre.asx$365             ymplayer.pre.s
          0499  A$ymPlayer.pre.asx$366             ymplayer.pre.s
          049B  A$ymPlayer.pre.asx$369             ymplayer.pre.s
          049B  rleCounterBitXNotSet               ymplayer.pre.s
          049D  A$ymPlayer.pre.asx$370             ymplayer.pre.s
          049F  rle16bitdone                       ymplayer.pre.s
          049F  A$ymPlayer.pre.asx$375             ymplayer.pre.s
          04A1  rle8bitdone                        ymplayer.pre.s
          04A1  A$ymPlayer.pre.asx$379             ymplayer.pre.s
          04A3  A$ymPlayer.pre.asx$382             ymplayer.pre.s
          04A5  do_ym_sound                        ymplayer.pre.s
          04A5  A$ymPlayer.pre.asx$388             ymplayer.pre.s
          04A8  A$ymPlayer.pre.asx$389             ymplayer.pre.s
          04AA  A$ymPlayer.pre.asx$390             ymplayer.pre.s
          04AD  A$ymPlayer.pre.asx$391             ymplayer.pre.s
          04B0  A$ymPlayer.pre.asx$392             ymplayer.pre.s
          04B3  A$ymPlayer.pre.asx$393             ymplayer.pre.s
          04B6  A$ymPlayer.pre.asx$394             ymplayer.pre.s
          04B9  getCurrentRegByte                  ymplayer.pre.s
          04B9  next_reg                           ymplayer.pre.s
          04B9  A$ymPlayer.pre.asx$404             ymplayer.pre.s
          04BB  A$ymPlayer.pre.asx$405             ymplayer.pre.s
          04BD  A$ymPlayer.pre.asx$407             ymplayer.pre.s
          04BF  A$ymPlayer.pre.asx$408             ymplayer.pre.s
          04C1  A$ymPlayer.pre.asx$409             ymplayer.pre.s
          04C3  A$ymPlayer.pre.asx$410             ymplayer.pre.s
          04C5  A$ymPlayer.pre.asx$413             ymplayer.pre.s
          04C5  inPhraseOut                        ymplayer.pre.s
ASxxxx Linker V05.00,  page 14.
Hexidecimal  [16-Bits]
[ Bank == rom ]

Area                       Addr        Size        Decimal Bytes (Attributes)
--------------------       ----        ----        ------- ----- ------------
.text                      005E        0666 =        1638. bytes (REL,CON,CSEG)

         Value  Global                             Global Defined In Module
         -----  --------------------------------   ------------------------
          04C7  A$ymPlayer.pre.asx$414             ymplayer.pre.s
          04C9  A$ymPlayer.pre.asx$415             ymplayer.pre.s
          04CB  A$ymPlayer.pre.asx$416             ymplayer.pre.s
          04CD  A$ymPlayer.pre.asx$417             ymplayer.pre.s
          04CF  A$ymPlayer.pre.asx$418             ymplayer.pre.s
          04D1  A$ymPlayer.pre.asx$419             ymplayer.pre.s
          04D3  A$ymPlayer.pre.asx$422             ymplayer.pre.s
          04D3  not_in_phrase                      ymplayer.pre.s
          04D6  A$ymPlayer.pre.asx$423             ymplayer.pre.s
          04D8  done                               ymplayer.pre.s
          04D8  A$ymPlayer.pre.asx$429             ymplayer.pre.s
          04D8  currentPharseNotEnded              ymplayer.pre.s
          04DA  A$ymPlayer.pre.asx$430             ymplayer.pre.s
          04DC  A$ymPlayer.pre.asx$433             ymplayer.pre.s
          04DE  A$ymPlayer.pre.asx$434             ymplayer.pre.s
          04E0  A$ymPlayer.pre.asx$435             ymplayer.pre.s
          04E2  A$ymPlayer.pre.asx$436             ymplayer.pre.s
          04E4  no13                               ymplayer.pre.s
          04E4  A$ymPlayer.pre.asx$440             ymplayer.pre.s
          04E6  A$ymPlayer.pre.asx$441             ymplayer.pre.s
          04E8  A$ymPlayer.pre.asx$442             ymplayer.pre.s
          04EA  A$ymPlayer.pre.asx$443             ymplayer.pre.s
          04EC  A$ymPlayer.pre.asx$444             ymplayer.pre.s
          04EE  A$ymPlayer.pre.asx$445             ymplayer.pre.s
          04F0  A$ymPlayer.pre.asx$446             ymplayer.pre.s
          04F2  A$ymPlayer.pre.asx$447             ymplayer.pre.s
          04F4  A$ymPlayer.pre.asx$448             ymplayer.pre.s
          04F6  A$ymPlayer.pre.asx$449             ymplayer.pre.s
          04F8  A$ymPlayer.pre.asx$450             ymplayer.pre.s
          04FA  doNotWriteReg13                    ymplayer.pre.s
          04FA  A$ymPlayer.pre.asx$455             ymplayer.pre.s
          04FD  A$ymPlayer.pre.asx$456             ymplayer.pre.s
          0500  A$ymPlayer.pre.asx$457             ymplayer.pre.s
          0502  A$ymPlayer.pre.asx$460             ymplayer.pre.s
          0502  ymsodone                           ymplayer.pre.s
          0503  noValidByte                        ymplayer.pre.s
          0503  A$ymPlayer.pre.asx$470             ymplayer.pre.s
          0505  A$ymPlayer.pre.asx$471             ymplayer.pre.s
          0507  A$ymPlayer.pre.asx$473             ymplayer.pre.s
          0509  A$ymPlayer.pre.asx$474             ymplayer.pre.s
          050B  A$ymPlayer.pre.asx$475             ymplayer.pre.s
          050D  A$ymPlayer.pre.asx$476             ymplayer.pre.s
          050F  A$ymPlayer.pre.asx$477             ymplayer.pre.s
          0511  A$ymPlayer.pre.asx$478             ymplayer.pre.s
          0513  bit_is_ready12                     ymplayer.pre.s
          0513  A$ymPlayer.pre.asx$484             ymplayer.pre.s
          0515  A$ymPlayer.pre.asx$486             ymplayer.pre.s
          0517  A$ymPlayer.pre.asx$490             ymplayer.pre.s
          051B  A$ymPlayer.pre.asx$493             ymplayer.pre.s
          051D  A$ymPlayer.pre.asx$501             ymplayer.pre.s
ASxxxx Linker V05.00,  page 15.
Hexidecimal  [16-Bits]
[ Bank == rom ]

Area                       Addr        Size        Decimal Bytes (Attributes)
--------------------       ----        ----        ------- ----- ------------
.text                      005E        0666 =        1638. bytes (REL,CON,CSEG)

         Value  Global                             Global Defined In Module
         -----  --------------------------------   ------------------------
          051D  dechifer                           ymplayer.pre.s
          051F  A$ymPlayer.pre.asx$502             ymplayer.pre.s
          0521  A$ymPlayer.pre.asx$504             ymplayer.pre.s
          0523  A$ymPlayer.pre.asx$505             ymplayer.pre.s
          0525  A$ymPlayer.pre.asx$506             ymplayer.pre.s
          0527  A$ymPlayer.pre.asx$507             ymplayer.pre.s
          0529  A$ymPlayer.pre.asx$508             ymplayer.pre.s
          052B  A$ymPlayer.pre.asx$509             ymplayer.pre.s
          052D  bit_is_ready13                     ymplayer.pre.s
          052D  A$ymPlayer.pre.asx$515             ymplayer.pre.s
          052F  A$ymPlayer.pre.asx$517             ymplayer.pre.s
          0531  A$ymPlayer.pre.asx$519             ymplayer.pre.s
          0533  A$ymPlayer.pre.asx$520             ymplayer.pre.s
          0537  A$ymPlayer.pre.asx$521             ymplayer.pre.s
          053A  A$ymPlayer.pre.asx$522             ymplayer.pre.s
          053D  A$ymPlayer.pre.asx$523             ymplayer.pre.s
          053E  A$ymPlayer.pre.asx$524             ymplayer.pre.s
          0541  A$ymPlayer.pre.asx$527             ymplayer.pre.s
          0541  getNextCodeBit                     ymplayer.pre.s
          0544  A$ymPlayer.pre.asx$528             ymplayer.pre.s
          0545  A$ymPlayer.pre.asx$531             ymplayer.pre.s
          0547  A$ymPlayer.pre.asx$532             ymplayer.pre.s
          0549  A$ymPlayer.pre.asx$534             ymplayer.pre.s
          054B  A$ymPlayer.pre.asx$535             ymplayer.pre.s
          054D  A$ymPlayer.pre.asx$536             ymplayer.pre.s
          054F  A$ymPlayer.pre.asx$537             ymplayer.pre.s
          0551  A$ymPlayer.pre.asx$538             ymplayer.pre.s
          0553  A$ymPlayer.pre.asx$539             ymplayer.pre.s
          0555  bit_is_ready14                     ymplayer.pre.s
          0555  A$ymPlayer.pre.asx$545             ymplayer.pre.s
          0557  A$ymPlayer.pre.asx$547             ymplayer.pre.s
          0559  A$ymPlayer.pre.asx$549             ymplayer.pre.s
          055B  A$ymPlayer.pre.asx$550             ymplayer.pre.s
          055E  testNextPhrase                     ymplayer.pre.s
          055E  A$ymPlayer.pre.asx$555             ymplayer.pre.s
          055E  code_bit_notset                    ymplayer.pre.s
          0560  A$ymPlayer.pre.asx$556             ymplayer.pre.s
          0562  A$ymPlayer.pre.asx$557             ymplayer.pre.s
          0564  increaseCodeBits                   ymplayer.pre.s
          0564  A$ymPlayer.pre.asx$561             ymplayer.pre.s
          0566  A$ymPlayer.pre.asx$562             ymplayer.pre.s
          0568  A$ymPlayer.pre.asx$563             ymplayer.pre.s
          056A  A$ymPlayer.pre.asx$564             ymplayer.pre.s
          056C  bitLenFound                        ymplayer.pre.s
          056C  A$ymPlayer.pre.asx$572             ymplayer.pre.s
          056E  A$ymPlayer.pre.asx$573             ymplayer.pre.s
          0571  A$ymPlayer.pre.asx$574             ymplayer.pre.s
          0573  A$ymPlayer.pre.asx$575             ymplayer.pre.s
          0575  A$ymPlayer.pre.asx$576             ymplayer.pre.s
          0577  A$ymPlayer.pre.asx$577             ymplayer.pre.s
ASxxxx Linker V05.00,  page 16.
Hexidecimal  [16-Bits]
[ Bank == rom ]

Area                       Addr        Size        Decimal Bytes (Attributes)
--------------------       ----        ----        ------- ----- ------------
.text                      005E        0666 =        1638. bytes (REL,CON,CSEG)

         Value  Global                             Global Defined In Module
         -----  --------------------------------   ------------------------
          057B  A$ymPlayer.pre.asx$578             ymplayer.pre.s
          057D  A$ymPlayer.pre.asx$579             ymplayer.pre.s
          057E  A$ymPlayer.pre.asx$580             ymplayer.pre.s
          0580  A$ymPlayer.pre.asx$581             ymplayer.pre.s
          0582  A$ymPlayer.pre.asx$582             ymplayer.pre.s
          0585  directByte                         ymplayer.pre.s
          0585  A$ymPlayer.pre.asx$588             ymplayer.pre.s
          0587  A$ymPlayer.pre.asx$589             ymplayer.pre.s
          058A  A$ymPlayer.pre.asx$590             ymplayer.pre.s
          058C  A$ymPlayer.pre.asx$591             ymplayer.pre.s
          058D  A$ymPlayer.pre.asx$592             ymplayer.pre.s
          058F  A$ymPlayer.pre.asx$593             ymplayer.pre.s
          0591  A$ymPlayer.pre.asx$599             ymplayer.pre.s
          0594  A$ymPlayer.pre.asx$600             ymplayer.pre.s
          0596  A$ymPlayer.pre.asx$601             ymplayer.pre.s
          0598  A$ymPlayer.pre.asx$602             ymplayer.pre.s
          059A  A$ymPlayer.pre.asx$603             ymplayer.pre.s
          059C  A$ymPlayer.pre.asx$604             ymplayer.pre.s
          059E  A$ymPlayer.pre.asx$605             ymplayer.pre.s
          05A0  A$ymPlayer.pre.asx$606             ymplayer.pre.s
          05A2  A$ymPlayer.pre.asx$607             ymplayer.pre.s
          05A4  A$ymPlayer.pre.asx$608             ymplayer.pre.s
          05A6  A$ymPlayer.pre.asx$609             ymplayer.pre.s
          05A8  reg8Bits                           ymplayer.pre.s
          05A8  A$ymPlayer.pre.asx$614             ymplayer.pre.s
          05AA  A$ymPlayer.pre.asx$615             ymplayer.pre.s
          05AC  A$ymPlayer.pre.asx$617             ymplayer.pre.s
          05AE  A$ymPlayer.pre.asx$618             ymplayer.pre.s
          05B0  A$ymPlayer.pre.asx$619             ymplayer.pre.s
          05B2  A$ymPlayer.pre.asx$620             ymplayer.pre.s
          05B4  A$ymPlayer.pre.asx$621             ymplayer.pre.s
          05B6  A$ymPlayer.pre.asx$622             ymplayer.pre.s
          05B8  bit_is_ready15                     ymplayer.pre.s
          05B8  A$ymPlayer.pre.asx$628             ymplayer.pre.s
          05BA  A$ymPlayer.pre.asx$630             ymplayer.pre.s
          05BC  A$ymPlayer.pre.asx$632             ymplayer.pre.s
          05BE  A$ymPlayer.pre.asx$633             ymplayer.pre.s
          05BF  A$ymPlayer.pre.asx$636             ymplayer.pre.s
          05BF  noBit1                             ymplayer.pre.s
          05C0  A$ymPlayer.pre.asx$639             ymplayer.pre.s
          05C2  A$ymPlayer.pre.asx$640             ymplayer.pre.s
          05C4  A$ymPlayer.pre.asx$642             ymplayer.pre.s
          05C6  A$ymPlayer.pre.asx$643             ymplayer.pre.s
          05C8  A$ymPlayer.pre.asx$644             ymplayer.pre.s
          05CA  A$ymPlayer.pre.asx$645             ymplayer.pre.s
          05CC  A$ymPlayer.pre.asx$646             ymplayer.pre.s
          05CE  A$ymPlayer.pre.asx$647             ymplayer.pre.s
          05D0  bit_is_ready16                     ymplayer.pre.s
          05D0  A$ymPlayer.pre.asx$653             ymplayer.pre.s
          05D2  A$ymPlayer.pre.asx$655             ymplayer.pre.s
ASxxxx Linker V05.00,  page 17.
Hexidecimal  [16-Bits]
[ Bank == rom ]

Area                       Addr        Size        Decimal Bytes (Attributes)
--------------------       ----        ----        ------- ----- ------------
.text                      005E        0666 =        1638. bytes (REL,CON,CSEG)

         Value  Global                             Global Defined In Module
         -----  --------------------------------   ------------------------
          05D4  A$ymPlayer.pre.asx$657             ymplayer.pre.s
          05D6  A$ymPlayer.pre.asx$658             ymplayer.pre.s
          05D7  A$ymPlayer.pre.asx$661             ymplayer.pre.s
          05D7  noBit2                             ymplayer.pre.s
          05D8  reg6Bits                           ymplayer.pre.s
          05D8  A$ymPlayer.pre.asx$666             ymplayer.pre.s
          05DA  A$ymPlayer.pre.asx$667             ymplayer.pre.s
          05DC  A$ymPlayer.pre.asx$669             ymplayer.pre.s
          05DE  A$ymPlayer.pre.asx$670             ymplayer.pre.s
          05E0  A$ymPlayer.pre.asx$671             ymplayer.pre.s
          05E2  A$ymPlayer.pre.asx$672             ymplayer.pre.s
          05E4  A$ymPlayer.pre.asx$673             ymplayer.pre.s
          05E6  A$ymPlayer.pre.asx$674             ymplayer.pre.s
          05E8  bit_is_ready17                     ymplayer.pre.s
          05E8  A$ymPlayer.pre.asx$680             ymplayer.pre.s
          05EA  A$ymPlayer.pre.asx$682             ymplayer.pre.s
          05EC  A$ymPlayer.pre.asx$684             ymplayer.pre.s
          05EE  A$ymPlayer.pre.asx$685             ymplayer.pre.s
          05EF  noBit3                             ymplayer.pre.s
          05EF  A$ymPlayer.pre.asx$688             ymplayer.pre.s
          05F0  reg5Bits                           ymplayer.pre.s
          05F0  A$ymPlayer.pre.asx$693             ymplayer.pre.s
          05F2  A$ymPlayer.pre.asx$694             ymplayer.pre.s
          05F4  A$ymPlayer.pre.asx$696             ymplayer.pre.s
          05F6  A$ymPlayer.pre.asx$697             ymplayer.pre.s
          05F8  A$ymPlayer.pre.asx$698             ymplayer.pre.s
          05FA  A$ymPlayer.pre.asx$699             ymplayer.pre.s
          05FC  A$ymPlayer.pre.asx$700             ymplayer.pre.s
          05FE  A$ymPlayer.pre.asx$701             ymplayer.pre.s
          0600  bit_is_ready18                     ymplayer.pre.s
          0600  A$ymPlayer.pre.asx$707             ymplayer.pre.s
          0602  A$ymPlayer.pre.asx$709             ymplayer.pre.s
          0604  A$ymPlayer.pre.asx$711             ymplayer.pre.s
          0606  A$ymPlayer.pre.asx$712             ymplayer.pre.s
          0607  A$ymPlayer.pre.asx$715             ymplayer.pre.s
          0607  noBit4                             ymplayer.pre.s
          0608  reg4Bits                           ymplayer.pre.s
          0608  A$ymPlayer.pre.asx$720             ymplayer.pre.s
          060A  A$ymPlayer.pre.asx$721             ymplayer.pre.s
          060C  A$ymPlayer.pre.asx$723             ymplayer.pre.s
          060E  A$ymPlayer.pre.asx$724             ymplayer.pre.s
          0610  A$ymPlayer.pre.asx$725             ymplayer.pre.s
          0612  A$ymPlayer.pre.asx$726             ymplayer.pre.s
          0614  A$ymPlayer.pre.asx$727             ymplayer.pre.s
          0616  A$ymPlayer.pre.asx$728             ymplayer.pre.s
          0618  bit_is_ready19                     ymplayer.pre.s
          0618  A$ymPlayer.pre.asx$734             ymplayer.pre.s
          061A  A$ymPlayer.pre.asx$736             ymplayer.pre.s
          061C  A$ymPlayer.pre.asx$738             ymplayer.pre.s
          061E  A$ymPlayer.pre.asx$739             ymplayer.pre.s
ASxxxx Linker V05.00,  page 18.
Hexidecimal  [16-Bits]
[ Bank == rom ]

Area                       Addr        Size        Decimal Bytes (Attributes)
--------------------       ----        ----        ------- ----- ------------
.text                      005E        0666 =        1638. bytes (REL,CON,CSEG)

         Value  Global                             Global Defined In Module
         -----  --------------------------------   ------------------------
          061F  A$ymPlayer.pre.asx$742             ymplayer.pre.s
          061F  noBit5                             ymplayer.pre.s
          0620  A$ymPlayer.pre.asx$745             ymplayer.pre.s
          0622  A$ymPlayer.pre.asx$746             ymplayer.pre.s
          0624  A$ymPlayer.pre.asx$748             ymplayer.pre.s
          0626  A$ymPlayer.pre.asx$749             ymplayer.pre.s
          0628  A$ymPlayer.pre.asx$750             ymplayer.pre.s
          062A  A$ymPlayer.pre.asx$751             ymplayer.pre.s
          062C  A$ymPlayer.pre.asx$752             ymplayer.pre.s
          062E  A$ymPlayer.pre.asx$753             ymplayer.pre.s
          0630  bit_is_ready20                     ymplayer.pre.s
          0630  A$ymPlayer.pre.asx$759             ymplayer.pre.s
          0632  A$ymPlayer.pre.asx$761             ymplayer.pre.s
          0634  A$ymPlayer.pre.asx$763             ymplayer.pre.s
          0636  A$ymPlayer.pre.asx$764             ymplayer.pre.s
          0637  A$ymPlayer.pre.asx$767             ymplayer.pre.s
          0637  noBit6                             ymplayer.pre.s
          0638  A$ymPlayer.pre.asx$770             ymplayer.pre.s
          063A  A$ymPlayer.pre.asx$771             ymplayer.pre.s
          063C  A$ymPlayer.pre.asx$773             ymplayer.pre.s
          063E  A$ymPlayer.pre.asx$774             ymplayer.pre.s
          0640  A$ymPlayer.pre.asx$775             ymplayer.pre.s
          0642  A$ymPlayer.pre.asx$776             ymplayer.pre.s
          0644  A$ymPlayer.pre.asx$777             ymplayer.pre.s
          0646  A$ymPlayer.pre.asx$778             ymplayer.pre.s
          0648  bit_is_ready21                     ymplayer.pre.s
          0648  A$ymPlayer.pre.asx$784             ymplayer.pre.s
          064A  A$ymPlayer.pre.asx$786             ymplayer.pre.s
          064C  A$ymPlayer.pre.asx$788             ymplayer.pre.s
          064E  A$ymPlayer.pre.asx$789             ymplayer.pre.s
          064F  A$ymPlayer.pre.asx$792             ymplayer.pre.s
          064F  noBit7                             ymplayer.pre.s
          0650  A$ymPlayer.pre.asx$795             ymplayer.pre.s
          0652  A$ymPlayer.pre.asx$796             ymplayer.pre.s
          0654  A$ymPlayer.pre.asx$798             ymplayer.pre.s
          0656  A$ymPlayer.pre.asx$799             ymplayer.pre.s
          0658  A$ymPlayer.pre.asx$800             ymplayer.pre.s
          065A  A$ymPlayer.pre.asx$801             ymplayer.pre.s
          065C  A$ymPlayer.pre.asx$802             ymplayer.pre.s
          065E  A$ymPlayer.pre.asx$803             ymplayer.pre.s
          0660  bit_is_ready22                     ymplayer.pre.s
          0660  A$ymPlayer.pre.asx$809             ymplayer.pre.s
          0662  A$ymPlayer.pre.asx$811             ymplayer.pre.s
          0664  A$ymPlayer.pre.asx$813             ymplayer.pre.s
          0666  A$ymPlayer.pre.asx$814             ymplayer.pre.s
          0667  A$ymPlayer.pre.asx$817             ymplayer.pre.s
          0667  noBit8                             ymplayer.pre.s
          0669  A$ymPlayer.pre.asx$818             ymplayer.pre.s
          066C  init_ym_sound                      ymplayer.pre.s
          066C  A$ymPlayer.pre.asx$823             ymplayer.pre.s
ASxxxx Linker V05.00,  page 19.
Hexidecimal  [16-Bits]
[ Bank == rom ]

Area                       Addr        Size        Decimal Bytes (Attributes)
--------------------       ----        ----        ------- ----- ------------
.text                      005E        0666 =        1638. bytes (REL,CON,CSEG)

         Value  Global                             Global Defined In Module
         -----  --------------------------------   ------------------------
          066F  A$ymPlayer.pre.asx$824             ymplayer.pre.s
          0672  A$ymPlayer.pre.asx$825             ymplayer.pre.s
          0675  A$ymPlayer.pre.asx$826             ymplayer.pre.s
          0678  A$ymPlayer.pre.asx$827             ymplayer.pre.s
          067B  A$ymPlayer.pre.asx$828             ymplayer.pre.s
          067D  A$ymPlayer.pre.asx$829             ymplayer.pre.s
          0680  A$ymPlayer.pre.asx$830             ymplayer.pre.s
          0683  A$ymPlayer.pre.asx$831             ymplayer.pre.s
          0685  A$ymPlayer.pre.asx$834             ymplayer.pre.s
          0685  nreg_init                          ymplayer.pre.s
          0688  A$ymPlayer.pre.asx$835             ymplayer.pre.s
          068A  A$ymPlayer.pre.asx$836             ymplayer.pre.s
          068D  A$ymPlayer.pre.asx$837             ymplayer.pre.s
          0690  A$ymPlayer.pre.asx$838             ymplayer.pre.s
          0693  A$ymPlayer.pre.asx$839             ymplayer.pre.s
          0696  A$ymPlayer.pre.asx$840             ymplayer.pre.s
          0699  A$ymPlayer.pre.asx$841             ymplayer.pre.s
          069C  A$ymPlayer.pre.asx$842             ymplayer.pre.s
          069F  A$ymPlayer.pre.asx$843             ymplayer.pre.s
          06A1  A$ymPlayer.pre.asx$844             ymplayer.pre.s
          06A3  regInitDone                        ymplayer.pre.s
          06A3  A$ymPlayer.pre.asx$847             ymplayer.pre.s
          06A6  A$ymPlayer.pre.asx$848             ymplayer.pre.s
          06A7  __Intensity_a                      vec_rum_14_05_Intensity_a.c
          06AC  __Print_Str_d                      vec_rum_05_02_03_Print_Str_d
          06BF  __Moveto_d                         vec_rum_13_07_Moveto_d.c

ASxxxx Linker V05.00,  page 20.
Hexidecimal  [16-Bits]
[ Bank == ram ]

Area                       Addr        Size        Decimal Bytes (Attributes)
--------------------       ----        ----        ------- ----- ------------
.data                      C880        0001 =           1. bytes (REL,CON,CSEG)

         Value  Global                             Global Defined In Module
         -----  --------------------------------   ------------------------
          C880  _exitText                          main.enr.c

ASxxxx Linker V05.00,  page 21.
Hexidecimal  [16-Bits]
[ Bank == ram ]

Area                       Addr        Size        Decimal Bytes (Attributes)
--------------------       ----        ----        ------- ----- ------------
.bss                       C881        00F1 =         241. bytes (REL,CON,CSEG)

         Value  Global                             Global Defined In Module
         -----  --------------------------------   ------------------------
          C881  _cursor_x                          main.enr.c
          C882  _cursor_y                          main.enr.c
          C883  _gameState                         main.enr.c
          C884  _cregister                         ymplayer.pre.s
          C885  _temp                              ymplayer.pre.s
          C886  _temp2                             ymplayer.pre.s
          C887  _temp3                             ymplayer.pre.s
          C888  _calc_coder                        ymplayer.pre.s
          C889  _calc_bits                         ymplayer.pre.s
          C88A  _ym_len                            ymplayer.pre.s
          C88C  _ym_data_current                   ymplayer.pre.s
          C88E  _ym_name                           ymplayer.pre.s
          C890  _ym_regs_used                      ymplayer.pre.s
          C891  _ym_regs_count                     ymplayer.pre.s
          C892  _ym_data_start                     ymplayer.pre.s

ASxxxx Linker V05.00,  page 22.
Hexidecimal  [16-Bits]
[ Bank == page_c8 ]

Area                       Addr        Size        Decimal Bytes (Attributes)
--------------------       ----        ----        ------- ----- ------------
.dpc8                      C800        0080 =         128. bytes (ABS,OVR,CSEG)

         Value  Global                             Global Defined In Module
         -----  --------------------------------   ------------------------
          C800  _Vec_Snd_shadow                    vec_ram_0xc8_0.c
          C800  _Vec_Snd_Shadow                    vec_ram_0xc8_1.c
          C80F  _Vec_Btn_State                     vec_ram_0xc8_0.c
          C810  _Vec_Prev_Btns                     vec_ram_0xc8_0.c
          C811  _Vec_Buttons                       vec_ram_0xc8_0.c
          C812  _Vec_Button_1_1                    vec_ram_0xc8_0.c
          C813  _Vec_Button_1_2                    vec_ram_0xc8_0.c
          C814  _Vec_Button_1_3                    vec_ram_0xc8_0.c
          C815  _Vec_Button_1_4                    vec_ram_0xc8_0.c
          C816  _Vec_Button_2_1                    vec_ram_0xc8_0.c
          C817  _Vec_Button_2_2                    vec_ram_0xc8_0.c
          C818  _Vec_Button_2_3                    vec_ram_0xc8_0.c
          C819  _Vec_Button_2_4                    vec_ram_0xc8_0.c
          C81A  _Vec_Joy_Resltn                    vec_ram_0xc8_0.c
          C81B  _Vec_Joy_1_X                       vec_ram_0xc8_0.c
          C81C  _Vec_Joy_1_Y                       vec_ram_0xc8_0.c
          C81D  _Vec_Joy_2_X                       vec_ram_0xc8_0.c
          C81E  _Vec_Joy_2_Y                       vec_ram_0xc8_0.c
          C81F  _Vec_Joy_mux                       vec_ram_0xc8_0.c
          C81F  _Vec_Joy_Mux_1_X                   vec_ram_0xc8_1.c
          C81F  _Vec_Joy_Mux                       vec_ram_0xc8_2.c
          C820  _Vec_Joy_Mux_1_Y                   vec_ram_0xc8_1.c
          C821  _Vec_Joy_Mux_2_X                   vec_ram_0xc8_1.c
          C822  _Vec_Joy_Mux_2_Y                   vec_ram_0xc8_1.c
          C823  _Vec_Misc_Count                    vec_ram_0xc8_0.c
          C824  _Vec_0Ref_Enable                   vec_ram_0xc8_0.c
          C825  _Vec_Loop_Count                    vec_ram_0xc8_0.c
          C825  _Vec_Loop_Count_hi                 vec_ram_0xc8_1.c
          C826  _Vec_Loop_Count_lo                 vec_ram_0xc8_1.c
          C827  _Vec_Brightness                    vec_ram_0xc8_0.c
          C828  _Vec_Dot_Dwell                     vec_ram_0xc8_0.c
          C829  _Vec_Pattern                       vec_ram_0xc8_0.c
          C82A  _Vec_Text_HW                       vec_ram_0xc8_0.c
          C82A  _Vec_Text_Height                   vec_ram_0xc8_1.c
          C82B  _Vec_Text_Width                    vec_ram_0xc8_1.c
          C82C  _Vec_Str_Ptr                       vec_ram_0xc8_0.c
          C82E  _Vec_counters                      vec_ram_0xc8_0.c
          C82E  _Vec_Counter_1                     vec_ram_0xc8_1.c
          C82E  _Vec_Counters                      vec_ram_0xc8_2.c
          C82F  _Vec_Counter_2                     vec_ram_0xc8_1.c
          C830  _Vec_Counter_3                     vec_ram_0xc8_1.c
          C831  _Vec_Counter_4                     vec_ram_0xc8_1.c
          C832  _Vec_Counter_5                     vec_ram_0xc8_1.c
          C833  _Vec_Counter_6                     vec_ram_0xc8_1.c
          C834  _Vec_RiseRun_Tmp                   vec_ram_0xc8_0.c
          C836  _Vec_Angle                         vec_ram_0xc8_0.c
          C837  _Vec_Run_Index                     vec_ram_0xc8_0.c
          C839  _Vec_Rise_Index                    vec_ram_0xc8_0.c
          C839  _Vec_XXX_00                        vec_ram_0xc8_1.c
ASxxxx Linker V05.00,  page 23.
Hexidecimal  [16-Bits]
[ Bank == page_c8 ]

Area                       Addr        Size        Decimal Bytes (Attributes)
--------------------       ----        ----        ------- ----- ------------
.dpc8                      C800        0080 =         128. bytes (ABS,OVR,CSEG)

         Value  Global                             Global Defined In Module
         -----  --------------------------------   ------------------------
          C83B  _Vec_RiseRun_Len                   vec_ram_0xc8_0.c
          C83B  _Vec_XXX_01                        vec_ram_0xc8_1.c
          C83C  _Vec_XXX_02                        vec_ram_0xc8_0.c
          C83D  _Vec_Rfrsh                         vec_ram_0xc8_0.c
          C83D  _Vec_Rfrsh_lo                      vec_ram_0xc8_1.c
          C83E  _Vec_Rfrsh_hi                      vec_ram_0xc8_1.c
          C83F  _Vec_Music_Work                    vec_ram_0xc8_0.c
          C842  _Vec_Music_Wk_A                    vec_ram_0xc8_0.c
          C843  _Vec_XXX_03                        vec_ram_0xc8_0.c
          C844  _Vec_XXX_04                        vec_ram_0xc8_0.c
          C845  _Vec_Music_Wk_7                    vec_ram_0xc8_0.c
          C846  _Vec_Music_Wk_6                    vec_ram_0xc8_0.c
          C847  _Vec_Music_Wk_5                    vec_ram_0xc8_0.c
          C848  _Vec_XXX_05                        vec_ram_0xc8_0.c
          C849  _Vec_XXX_06                        vec_ram_0xc8_0.c
          C84A  _Vec_XXX_07                        vec_ram_0xc8_0.c
          C84B  _Vec_Music_Wk_1                    vec_ram_0xc8_0.c
          C84C  _Vec_XXX_08                        vec_ram_0xc8_0.c
          C84D  _Vec_Freq_Table                    vec_ram_0xc8_0.c
          C84F  _Vec_ADSR_Table                    vec_ram_0xc8_0.c
          C84F  _Vec_Max_Players                   vec_ram_0xc8_1.c
          C850  _Vec_Max_Games                     vec_ram_0xc8_1.c
          C851  _Vec_Twang_Table                   vec_ram_0xc8_0.c
          C853  _Vec_Music_Ptr                     vec_ram_0xc8_0.c
          C853  _Vec_Expl_ChanA                    vec_ram_0xc8_1.c
          C854  _Vec_Expl_Chans                    vec_ram_0xc8_1.c
          C855  _Vec_Music_Chan                    vec_ram_0xc8_0.c
          C856  _Vec_Music_Flag                    vec_ram_0xc8_0.c
          C857  _Vec_Duration                      vec_ram_0xc8_0.c
          C858  _Vec_Expl_1                        vec_ram_0xc8_0.c
          C858  _Vec_Music_Twang                   vec_ram_0xc8_1.c
          C859  _Vec_Expl_2                        vec_ram_0xc8_0.c
          C85A  _Vec_Expl_3                        vec_ram_0xc8_0.c
          C85B  _Vec_Expl_4                        vec_ram_0xc8_0.c
          C85C  _Vec_Expl_Chan                     vec_ram_0xc8_0.c
          C85D  _Vec_Expl_ChanB                    vec_ram_0xc8_0.c
          C85E  _Vec_ADSR_timers                   vec_ram_0xc8_0.c
          C85E  _Vec_ADSR_Timers                   vec_ram_0xc8_1.c
          C85E  _Vec_XXX_09                        vec_ram_0xc8_2.c
          C861  _Vec_Music_freq                    vec_ram_0xc8_0.c
          C861  _Vec_Music_Freq                    vec_ram_0xc8_1.c
          C867  _Vec_Expl_Flag                     vec_ram_0xc8_0.c
          C868  _Vec_XXX_10                        vec_ram_0xc8_0.c
          C869  _Vec_XXX_11                        vec_ram_0xc8_0.c
          C86A  _Vec_XXX_12                        vec_ram_0xc8_0.c
          C86B  _Vec_XXX_13                        vec_ram_0xc8_0.c
          C86C  _Vec_XXX_14                        vec_ram_0xc8_0.c
          C86D  _Vec_XXX_15                        vec_ram_0xc8_0.c
          C86E  _Vec_XXX_16                        vec_ram_0xc8_0.c
          C86F  _Vec_XXX_17                        vec_ram_0xc8_0.c
ASxxxx Linker V05.00,  page 24.
Hexidecimal  [16-Bits]
[ Bank == page_c8 ]

Area                       Addr        Size        Decimal Bytes (Attributes)
--------------------       ----        ----        ------- ----- ------------
.dpc8                      C800        0080 =         128. bytes (ABS,OVR,CSEG)

         Value  Global                             Global Defined In Module
         -----  --------------------------------   ------------------------
          C870  _Vec_XXX_18                        vec_ram_0xc8_0.c
          C871  _Vec_XXX_19                        vec_ram_0xc8_0.c
          C872  _Vec_XXX_20                        vec_ram_0xc8_0.c
          C873  _Vec_XXX_21                        vec_ram_0xc8_0.c
          C874  _Vec_XXX_22                        vec_ram_0xc8_0.c
          C875  _Vec_XXX_23                        vec_ram_0xc8_0.c
          C876  _Vec_XXX_24                        vec_ram_0xc8_0.c
          C877  _Vec_Expl_Timer                    vec_ram_0xc8_0.c
          C878  _Vec_XXX_25                        vec_ram_0xc8_0.c
          C879  _Vec_Num_Players                   vec_ram_0xc8_0.c
          C87A  _Vec_Num_Game                      vec_ram_0xc8_0.c
          C87B  _Vec_Seed_Ptr                      vec_ram_0xc8_0.c
          C87D  _Vec_Random_Seed0                  vec_ram_0xc8_0.c
          C87D  _Vec_Random_Seed                   vec_ram_0xc8_1.c
          C87E  _Vec_Random_Seed1                  vec_ram_0xc8_0.c
          C87F  _Vec_Random_Seed2                  vec_ram_0xc8_0.c

ASxxxx Linker V05.00,  page 25.
Hexidecimal  [16-Bits]
[ Bank == page_cb ]

Area                       Addr        Size        Decimal Bytes (Attributes)
--------------------       ----        ----        ------- ----- ------------
.dpcb                      CBEA        0016 =          22. bytes (ABS,OVR,CSEG)

         Value  Global                             Global Defined In Module
         -----  --------------------------------   ------------------------
          CBEA  _Vec_Default_Stk                   vec_ram_0xcb_0.c
          CBEB  _Vec_High_Score                    vec_ram_0xcb_0.c
          CBEB  _Vec_High_score                    vec_ram_0xcb_1.c
          CBF2  _Vec_SWI3_Vector                   vec_ram_0xcb_0.c
          CBF2  _Vec_SWI3_vector                   vec_ram_0xcb_1.c
          CBF2  _Vec_SWI2_Vector                   vec_ram_0xcb_2.c
          CBF2  _Vec_SWI2_vector                   vec_ram_0xcb_3.c
          CBF5  _Vec_FIRQ_Vector                   vec_ram_0xcb_0.c
          CBF5  _Vec_FIRQ_vector                   vec_ram_0xcb_1.c
          CBF8  _Vec_IRQ_Vector                    vec_ram_0xcb_0.c
          CBF8  _Vec_IRQ_vector                    vec_ram_0xcb_1.c
          CBFB  _Vec_SWI_Vector                    vec_ram_0xcb_0.c
          CBFB  _Vec_SWI_vector                    vec_ram_0xcb_1.c
          CBFB  _Vec_NWI_Vector                    vec_ram_0xcb_2.c
          CBFB  _Vec_NWI_vector                    vec_ram_0xcb_3.c
          CBFE  _Vec_Cold_Flag                     vec_ram_0xcb_0.c
ASxxxx Linker V05.00,  page 26.
Hexidecimal  [16-Bits]
[ Bank == page_d0 ]

Area                       Addr        Size        Decimal Bytes (Attributes)
--------------------       ----        ----        ------- ----- ------------
.dpd0                      D000        0010 =          16. bytes (ABS,OVR,CSEG)

         Value  Global                             Global Defined In Module
         -----  --------------------------------   ------------------------
          D000  _VIA_port_b                        vec_ram_0xd0_0.c
          D000  _VIA_port_ba                       vec_ram_0xd0_1.c
          D001  _VIA_port_a                        vec_ram_0xd0_0.c
          D002  _VIA_DDR_b                         vec_ram_0xd0_0.c
          D002  _VIA_DDR_ba                        vec_ram_0xd0_1.c
          D003  _VIA_DDR_a                         vec_ram_0xd0_0.c
          D004  _VIA_t1_cnt_lo                     vec_ram_0xd0_0.c
          D004  _VIA_t1_cnt                        vec_ram_0xd0_1.c
          D005  _VIA_t1_cnt_hi                     vec_ram_0xd0_0.c
          D006  _VIA_t1_lch_lo                     vec_ram_0xd0_0.c
          D006  _VIA_t1_lch                        vec_ram_0xd0_1.c
          D007  _VIA_t1_lch_hi                     vec_ram_0xd0_0.c
          D008  _VIA_t2_lo                         vec_ram_0xd0_0.c
          D008  _VIA_t2                            vec_ram_0xd0_1.c
          D009  _VIA_t2_hi                         vec_ram_0xd0_0.c
          D00A  _VIA_shift_reg                     vec_ram_0xd0_0.c
          D00A  _dummy                             vec_ram_0xd0_1.c
          D00B  _VIA_aux_cntl                      vec_ram_0xd0_0.c
          D00B  _VIA_aux_cntl_w                    vec_ram_0xd0_1.c
          D00C  _VIA_cntl                          vec_ram_0xd0_0.c
          D00D  _VIA_int_flags                     vec_ram_0xd0_0.c
          D00E  _VIA_int_enable                    vec_ram_0xd0_0.c
          D00F  _VIA_port_a_nohs                   vec_ram_0xd0_0.c

ASxxxx Linker V05.00,  page 27.
Hexidecimal  [16-Bits]
[ Bank == page_00 ]

Area                       Addr        Size        Decimal Bytes (Attributes)
--------------------       ----        ----        ------- ----- ------------
.direct                    0000        0100 =         256. bytes (ABS,OVR,CSEG)

         Value  Global                             Global Defined In Module
         -----  --------------------------------   ------------------------
          0000  _dp_Vec_Snd_shadow                 vec_ram_dpc8_0.c
          0000  _dp_Vec_Snd_Shadow                 vec_ram_dpc8_1.c
          0000  _dp_VIA_port_b                     vec_ram_dpd0_0.c
          0000  _dp_VIA_port_ba                    vec_ram_dpd0_1.c
          0001  _dp_VIA_port_a                     vec_ram_dpd0_0.c
          0002  _dp_VIA_DDR_b                      vec_ram_dpd0_0.c
          0002  _dp_VIA_DDR_ba                     vec_ram_dpd0_1.c
          0003  _dp_VIA_DDR_a                      vec_ram_dpd0_0.c
          0004  _dp_VIA_t1_cnt_lo                  vec_ram_dpd0_0.c
          0004  _dp_VIA_t1_cnt                     vec_ram_dpd0_1.c
          0005  _dp_VIA_t1_cnt_hi                  vec_ram_dpd0_0.c
          0006  _dp_VIA_t1_lch_lo                  vec_ram_dpd0_0.c
          0006  _dp_VIA_t1_lch                     vec_ram_dpd0_1.c
          0007  _dp_VIA_t1_lch_hi                  vec_ram_dpd0_0.c
          0008  _dp_VIA_t2_lo                      vec_ram_dpd0_0.c
          0008  _dp_VIA_t2                         vec_ram_dpd0_1.c
          0009  _dp_VIA_t2_hi                      vec_ram_dpd0_0.c
          000A  _dp_VIA_shift_reg                  vec_ram_dpd0_0.c
          000A  _dp_dummy                          vec_ram_dpd0_1.c
          000B  _dp_VIA_aux_cntl                   vec_ram_dpd0_0.c
          000B  _dp_VIA_aux_cntl_w                 vec_ram_dpd0_1.c
          000C  _dp_VIA_cntl                       vec_ram_dpd0_0.c
          000D  _dp_VIA_int_flags                  vec_ram_dpd0_0.c
          000D  _dp_Vec_Music_1                    vec_rom_dpfd_0.c
          000E  _dp_VIA_int_enable                 vec_ram_dpd0_0.c
          000F  _dp_Vec_Btn_State                  vec_ram_dpc8_0.c
          000F  _dp_VIA_port_a_nohs                vec_ram_dpd0_0.c
          0010  _dp_Vec_Prev_Btns                  vec_ram_dpc8_0.c
          0011  _dp_Vec_Buttons                    vec_ram_dpc8_0.c
          0012  _dp_Vec_Button_1_1                 vec_ram_dpc8_0.c
          0013  _dp_Vec_Button_1_2                 vec_ram_dpc8_0.c
          0014  _dp_Vec_Button_1_3                 vec_ram_dpc8_0.c
          0015  _dp_Vec_Button_1_4                 vec_ram_dpc8_0.c
          0016  _dp_Vec_Button_2_1                 vec_ram_dpc8_0.c
          0016  _dp_Vec_ADSR_FADE8                 vec_rom_dpff_0.c
          0017  _dp_Vec_Button_2_2                 vec_ram_dpc8_0.c
          0018  _dp_Vec_Button_2_3                 vec_ram_dpc8_0.c
          0019  _dp_Vec_Button_2_4                 vec_ram_dpc8_0.c
          001A  _dp_Vec_Joy_Resltn                 vec_ram_dpc8_0.c
          001B  _dp_Vec_Joy_1_X                    vec_ram_dpc8_0.c
          001C  _dp_Vec_Joy_1_Y                    vec_ram_dpc8_0.c
          001D  _dp_Vec_Joy_2_X                    vec_ram_dpc8_0.c
          001D  _dp_Vec_Music_2                    vec_rom_dpfd_0.c
          001E  _dp_Vec_Joy_2_Y                    vec_ram_dpc8_0.c
          001F  _dp_Vec_Joy_mux                    vec_ram_dpc8_0.c
          001F  _dp_Vec_Joy_Mux_1_X                vec_ram_dpc8_1.c
          001F  _dp_Vec_Joy_Mux                    vec_ram_dpc8_2.c
          0020  _dp_Vec_Joy_Mux_1_Y                vec_ram_dpc8_1.c
          0021  _dp_Vec_Joy_Mux_2_X                vec_ram_dpc8_1.c
ASxxxx Linker V05.00,  page 28.
Hexidecimal  [16-Bits]
[ Bank == page_00 ]

Area                       Addr        Size        Decimal Bytes (Attributes)
--------------------       ----        ----        ------- ----- ------------
.direct                    0000        0100 =         256. bytes (ABS,OVR,CSEG)

         Value  Global                             Global Defined In Module
         -----  --------------------------------   ------------------------
          0022  _dp_Vec_Joy_Mux_2_Y                vec_ram_dpc8_1.c
          0023  _dp_Vec_Misc_Count                 vec_ram_dpc8_0.c
          0024  _dp_Vec_0Ref_Enable                vec_ram_dpc8_0.c
          0025  _dp_Vec_Loop_Count                 vec_ram_dpc8_0.c
          0025  _dp_Vec_Loop_Count_hi              vec_ram_dpc8_1.c
          0026  _dp_Vec_Loop_Count_lo              vec_ram_dpc8_1.c
          0026  _dp_Vec_Music_9                    vec_rom_dpff_0.c
[...]
          FF26  _Vec_Music_9                       vec_rom_0xff_0.c
          FF44  _Vec_Music_a                       vec_rom_0xff_0.c
          FF62  _Vec_Music_b                       vec_rom_0xff_0.c
          FF7A  _Vec_Music_c                       vec_rom_0xff_0.c
          FF8F  _Vec_Music_d                       vec_rom_0xff_0.c

ASxxxx Linker V05.00,  page 36.
Hexidecimal  [16-Bits]
[ Bank == page_e7 ]

Area                       Addr        Size        Decimal Bytes (Attributes)
--------------------       ----        ----        ------- ----- ------------
.0xe7                      E7B5        001E =          30. bytes (ABS,OVR,CSEG)

         Value  Global                             Global Defined In Module
         -----  --------------------------------   ------------------------
          E7B5  ___Displ8_xy                       vec_rum_0xe7.c
          E7D2  ___Displ16_xy                      vec_rum_0xe7.c

ASxxxx Linker V05.00,  page 37.
Hexidecimal  [16-Bits]
[ Bank == page_e9 ]

Area                       Addr        Size        Decimal Bytes (Attributes)
--------------------       ----        ----        ------- ----- ------------
.0xe9                      E98A        0002 =           2. bytes (ABS,OVR,CSEG)

         Value  Global                             Global Defined In Module
         -----  --------------------------------   ------------------------
          E98A  ___Ranpos                          vec_rum_0xe9.c

ASxxxx Linker V05.00,  page 38.
Hexidecimal  [16-Bits]
[ Bank == page_ea ]

Area                       Addr        Size        Decimal Bytes (Attributes)
--------------------       ----        ----        ------- ----- ------------
.0xea                      EA3E        00B3 =         179. bytes (ABS,OVR,CSEG)

         Value  Global                             Global Defined In Module
         -----  --------------------------------   ------------------------
          EA3E  ___Rnd_Cone                        vec_rum_0xea.c
          EA5D  ___Dot_y                           vec_rum_0xea.c
          EA6D  ___Dot_py                          vec_rum_0xea.c
          EA7F  ___Draw_Pack                       vec_rum_0xea.c
          EA8D  ___Draw_Pack_py                    vec_rum_0xea.c
          EAA8  ___Print_Msg                       vec_rum_0xea.c
          EAB4  ___Draw_Score                      vec_rum_0xea.c
          EACF  ___Draw_Scores                     vec_rum_0xea.c
          EAF0  ___Wait_Bound                      vec_rum_0xea.c

ASxxxx Linker V05.00,  page 39.
Hexidecimal  [16-Bits]
[ Bank == page_f0 ]

Area                       Addr        Size        Decimal Bytes (Attributes)
--------------------       ----        ----        ------- ----- ------------
.0xf0                      F000        0001 =           1. bytes (ABS,OVR,CSEG)

         Value  Global                             Global Defined In Module
         -----  --------------------------------   ------------------------
          F000  ___Reset                           vec_rum_0xf0.c

ASxxxx Linker V05.00,  page 40.
Hexidecimal  [16-Bits]
[ Bank == page_f1 ]

Area                       Addr        Size        Decimal Bytes (Attributes)
--------------------       ----        ----        ------- ----- ------------
.0xf1                      F14C        00AD =         173. bytes (ABS,OVR,CSEG)

         Value  Global                             Global Defined In Module
         -----  --------------------------------   ------------------------
          F14C  ___Init_VIA                        vec_rum_0xf1.c
          F164  ___Init_OS_RAM                     vec_rum_0xf1.c
          F18B  ___Init_OS                         vec_rum_0xf1.c
          F192  ___Wait_Recal                      vec_rum_0xf1.c
          F1AA  ___DP_to_D0                        vec_rum_0xf1.c
          F1AF  ___DP_to_C8                        vec_rum_0xf1.c
          F1B4  ___Read_Btns_Mask                  vec_rum_0xf1.c
          F1BA  ___Read_Btns                       vec_rum_0xf1.c
          F1F5  ___Joy_Analog                      vec_rum_0xf1.c
          F1F8  ___Joy_Digital                     vec_rum_0xf1.c

ASxxxx Linker V05.00,  page 41.
Hexidecimal  [16-Bits]
[ Bank == page_f2 ]

Area                       Addr        Size        Decimal Bytes (Attributes)
--------------------       ----        ----        ------- ----- ------------
.0xf2                      F256        00A7 =         167. bytes (ABS,OVR,CSEG)

         Value  Global                             Global Defined In Module
         -----  --------------------------------   ------------------------
          F256  ___Sound_Byte                      vec_rum_0xf2.c
          F259  ___Sound_Byte_x                    vec_rum_0xf2.c
          F272  ___Clear_Sound                     vec_rum_0xf2.c
          F27D  ___Sound_Bytes                     vec_rum_0xf2.c
          F284  ___Sound_Bytes_x                   vec_rum_0xf2.c
          F289  ___Do_Sound                        vec_rum_0xf2.c
          F28C  ___Do_Sound_x                      vec_rum_0xf2.c
          F29D  ___Intensity_1F                    vec_rum_0xf2.c
          F2A1  ___Intensity_3F                    vec_rum_0xf2.c
          F2A5  ___Intensity_5F                    vec_rum_0xf2.c
          F2A9  ___Intensity_7F                    vec_rum_0xf2.c
          F2AB  ___Intensity_a                     vec_rum_0xf2.c
          F2BE  ___Dot_ix_b                        vec_rum_0xf2.c
          F2C1  ___Dot_ix                          vec_rum_0xf2.c
          F2C3  ___Dot_d                           vec_rum_0xf2.c
          F2C5  ___Dot_here                        vec_rum_0xf2.c
          F2D5  ___Dot_List                        vec_rum_0xf2.c
          F2DE  ___Dot_List_Reset                  vec_rum_0xf2.c
          F2E6  ___Recalibrate                     vec_rum_0xf2.c
          F2F2  ___Moveto_x_7F                     vec_rum_0xf2.c
          F2FC  ___Moveto_d_7F                     vec_rum_0xf2.c

ASxxxx Linker V05.00,  page 42.
Hexidecimal  [16-Bits]
[ Bank == page_f3 ]

Area                       Addr        Size        Decimal Bytes (Attributes)
--------------------       ----        ----        ------- ----- ------------
.0xf3                      F308        00D8 =         216. bytes (ABS,OVR,CSEG)

         Value  Global                             Global Defined In Module
         -----  --------------------------------   ------------------------
          F308  ___Moveto_ix_FF                    vec_rum_0xf3.c
          F30C  ___Moveto_ix_7F                    vec_rum_0xf3.c
          F30E  ___Moveto_ix_b                     vec_rum_0xf3.c
          F310  ___Moveto_ix                       vec_rum_0xf3.c
          F312  ___Moveto_d                        vec_rum_0xf3.c
          F34A  ___Reset0Ref_D0                    vec_rum_0xf3.c
          F34F  ___Check0Ref                       vec_rum_0xf3.c
          F354  ___Reset0Ref                       vec_rum_0xf3.c
          F35B  ___Reset_Pen                       vec_rum_0xf3.c
          F36B  ___Reset0Int                       vec_rum_0xf3.c
          F373  ___Print_Str_hwyx                  vec_rum_0xf3.c
          F378  ___Print_Str_yx                    vec_rum_0xf3.c
          F37A  ___Print_Str_d                     vec_rum_0xf3.c
          F385  ___Print_List_hw                   vec_rum_0xf3.c
          F38A  ___Print_List                      vec_rum_0xf3.c
          F38C  ___Print_List_chk                  vec_rum_0xf3.c
          F391  ___Print_Ships_x                   vec_rum_0xf3.c
          F393  ___Print_Ships                     vec_rum_0xf3.c
          F3AD  ___Mov_Draw_VLc_a                  vec_rum_0xf3.c
          F3B1  ___Mov_Draw_VL_b                   vec_rum_0xf3.c
          F3B5  ___Mov_Draw_VLcs                   vec_rum_0xf3.c
          F3B7  ___Mov_Draw_VL_ab                  vec_rum_0xf3.c
          F3B9  ___Mov_Draw_VL_a                   vec_rum_0xf3.c
          F3BC  ___Mov_Draw_VL                     vec_rum_0xf3.c
          F3BE  ___Mov_Draw_VL_d                   vec_rum_0xf3.c
          F3CE  ___Draw_VLc                        vec_rum_0xf3.c
          F3D2  ___Draw_VL_b                       vec_rum_0xf3.c
          F3D6  ___Draw_VLcs                       vec_rum_0xf3.c
          F3D8  ___Draw_VL_ab                      vec_rum_0xf3.c
          F3DA  ___Draw_VL_a                       vec_rum_0xf3.c
          F3DD  ___Draw_VL                         vec_rum_0xf3.c
          F3DF  ___Draw_Line_d                     vec_rum_0xf3.c
ASxxxx Linker V05.00,  page 43.
Hexidecimal  [16-Bits]
[ Bank == page_f4 ]

Area                       Addr        Size        Decimal Bytes (Attributes)
--------------------       ----        ----        ------- ----- ------------
.0xf4                      F404        0095 =         149. bytes (ABS,OVR,CSEG)

         Value  Global                             Global Defined In Module
         -----  --------------------------------   ------------------------
          F404  ___Draw_VLp_FF                     vec_rum_0xf4.c
          F408  ___Draw_VLp_7F                     vec_rum_0xf4.c
          F40C  ___Draw_VLp_scale                  vec_rum_0xf4.c
          F40E  ___Draw_VLp_b                      vec_rum_0xf4.c
          F410  ___Draw_VLp                        vec_rum_0xf4.c
          F433  ___Draw_Pat_VL_aa                  vec_rum_0xf4.c
          F434  ___Draw_Pat_VL_a                   vec_rum_0xf4.c
          F437  ___Draw_Pat_VL                     vec_rum_0xf4.c
          F439  ___Draw_Pat_VL_d                   vec_rum_0xf4.c
          F46E  ___Draw_VL_mode                    vec_rum_0xf4.c
          F495  ___Print_Str                       vec_rum_0xf4.c
          F498  ___Print_MRast                     vec_rum_0xf4.c
ASxxxx Linker V05.00,  page 44.
Hexidecimal  [16-Bits]
[ Bank == page_f5 ]

Area                       Addr        Size        Decimal Bytes (Attributes)
--------------------       ----        ----        ------- ----- ------------
.0xf5                      F511        00EF =         239. bytes (ABS,OVR,CSEG)

         Value  Global                             Global Defined In Module
         -----  --------------------------------   ------------------------
          F511  ___Random_3                        vec_rum_0xf5.c
          F517  ___Random                          vec_rum_0xf5.c
          F533  ___Init_Music_Buf                  vec_rum_0xf5.c
          F53F  ___Clear_x_b                       vec_rum_0xf5.c
          F542  ___Clear_C8_RAM                    vec_rum_0xf5.c
          F545  ___Clear_x_256                     vec_rum_0xf5.c
          F548  ___Clear_x_d                       vec_rum_0xf5.c
          F550  ___Clear_x_b_80                    vec_rum_0xf5.c
          F552  ___Clear_x_b_a                     vec_rum_0xf5.c
          F55A  ___Dec_3_Counters                  vec_rum_0xf5.c
          F55E  ___Dec_6_Counters                  vec_rum_0xf5.c
          F563  ___Dec_Counters                    vec_rum_0xf5.c
          F56D  ___Delay_3                         vec_rum_0xf5.c
          F571  ___Delay_2                         vec_rum_0xf5.c
          F575  ___Delay_1                         vec_rum_0xf5.c
          F579  ___Delay_0                         vec_rum_0xf5.c
          F57A  ___Delay_b                         vec_rum_0xf5.c
          F57D  ___Delay_RTS                       vec_rum_0xf5.c
          F57E  ___Bitmask_a                       vec_rum_0xf5.c
          F584  ___Abs_a_b                         vec_rum_0xf5.c
          F58B  ___Abs_b                           vec_rum_0xf5.c
          F593  ___Rise_Run_Angle                  vec_rum_0xf5.c
          F5D9  ___Get_Rise_Idx                    vec_rum_0xf5.c
          F5DB  ___Xform_Sin                       vec_rum_0xf5.c
          F5EF  ___Get_Rise_Run                    vec_rum_0xf5.c
          F5FF  ___Rise_Run_X                      vec_rum_0xf5.c

ASxxxx Linker V05.00,  page 45.
Hexidecimal  [16-Bits]
[ Bank == page_f6 ]

Area                       Addr        Size        Decimal Bytes (Attributes)
--------------------       ----        ----        ------- ----- ------------
.0xf6                      F601        0092 =         146. bytes (ABS,OVR,CSEG)

         Value  Global                             Global Defined In Module
         -----  --------------------------------   ------------------------
          F601  ___Rise_Run_Y                      vec_rum_0xf6.c
          F603  ___Rise_Run_Len                    vec_rum_0xf6.c
          F610  ___Rot_VL_ab                       vec_rum_0xf6.c
          F613  ___Rot_VL_Diff                     vec_rum_0xf6.c
          F616  ___Rot_VL                          vec_rum_0xf6.c
          F61F  ___Rot_VL_Mode                     vec_rum_0xf6.c
          F622  ___Rot_VL_Pack                     vec_rum_0xf6.c
          F62B  ___Rot_VL_M_dft                    vec_rum_0xf6.c
          F65B  ___Xform_Run_a                     vec_rum_0xf6.c
          F65D  ___Xform_Run                       vec_rum_0xf6.c
          F661  ___Xform_Rise_a                    vec_rum_0xf6.c
          F663  ___Xform_Rise                      vec_rum_0xf6.c
          F67F  ___Move_Mem_a_1                    vec_rum_0xf6.c
          F683  ___Move_Mem_a                      vec_rum_0xf6.c
          F687  ___Init_Music_chk                  vec_rum_0xf6.c
          F68D  ___Init_Music                      vec_rum_0xf6.c
          F690  ___Init_Music_a                    vec_rum_0xf6.c
          F692  ___Init_Music_x                    vec_rum_0xf6.c

ASxxxx Linker V05.00,  page 46.
Hexidecimal  [16-Bits]
[ Bank == page_f7 ]

Area                       Addr        Size        Decimal Bytes (Attributes)
--------------------       ----        ----        ------- ----- ------------
.0xf7                      F742        0068 =         104. bytes (ABS,OVR,CSEG)

         Value  Global                             Global Defined In Module
         -----  --------------------------------   ------------------------
          F742  ___Stop_Sound                      vec_rum_0xf7.c
          F7A9  ___Select_Game                     vec_rum_0xf7.c

ASxxxx Linker V05.00,  page 47.
Hexidecimal  [16-Bits]
[ Bank == page_f8 ]

Area                       Addr        Size        Decimal Bytes (Attributes)
--------------------       ----        ----        ------- ----- ------------
.0xf8                      F835        00CB =         203. bytes (ABS,OVR,CSEG)

         Value  Global                             Global Defined In Module
         -----  --------------------------------   ------------------------
          F835  ___Display_Option                  vec_rum_0xf8.c
          F84F  ___Clear_Score                     vec_rum_0xf8.c
          F85E  ___Add_Score_a                     vec_rum_0xf8.c
          F87C  ___Add_Score_d                     vec_rum_0xf8.c
          F8B7  ___Strip_Zeros                     vec_rum_0xf8.c
          F8C7  ___Compare_Score                   vec_rum_0xf8.c
          F8D8  ___New_High_Score                  vec_rum_0xf8.c
          F8E5  ___Obj_Will_Hit_u                  vec_rum_0xf8.c
          F8F3  ___Obj_Will_Hit                    vec_rum_0xf8.c
          F8FF  ___Obj_Hit                         vec_rum_0xf8.c

ASxxxx Linker V05.00,  page 48.
Hexidecimal  [16-Bits]
[ Bank == page_f9 ]

Area                       Addr        Size        Decimal Bytes (Attributes)
--------------------       ----        ----        ------- ----- ------------
.0xf9                      F92E        009D =         157. bytes (ABS,OVR,CSEG)

         Value  Global                             Global Defined In Module
         -----  --------------------------------   ------------------------
          F92E  ___Explosion_Snd                   vec_rum_0xf9.c
          F9CA  ___Set_Amp                         vec_rum_0xf9.c

ASxxxx Linker V05.00,  page 49.
Hexidecimal  [16-Bits]
[ Bank == page_ffx ]

Area                       Addr        Size        Decimal Bytes (Attributes)
--------------------       ----        ----        ------- ----- ------------
.0xffx                     FF9F        0001 =           1. bytes (ABS,OVR,CSEG)

         Value  Global                             Global Defined In Module
         -----  --------------------------------   ------------------------
          FF9F  ___Draw_Grid_VL                    vec_rum_0xff.c

ASxxxx Linker V05.00,  page 50.

Files Linked                              [ module(s) ]

C:\Users\tsuok\Downloads\Vide2.6_RC03.w3  [ crt0.c ]
C:\Users\tsuok\FalloutTTRPG\VectrexTest\  [ cartridge.enr.c ]
C:\Users\tsuok\FalloutTTRPG\VectrexTest\  [ main.enr.c ]
C:\Users\tsuok\FalloutTTRPG\VectrexTest\  [ ymplayer.pre.s ]
C:\Users\tsuok\Downloads\Vide2.6_RC03.w3  [ vec_ram_0xc8_0.c ]
C:\Users\tsuok\Downloads\Vide2.6_RC03.w3  [ vec_ram_0xc8_1.c ]
C:\Users\tsuok\Downloads\Vide2.6_RC03.w3  [ vec_ram_0xc8_2.c ]
C:\Users\tsuok\Downloads\Vide2.6_RC03.w3  [ vec_ram_0xcb_0.c ]
C:\Users\tsuok\Downloads\Vide2.6_RC03.w3  [ vec_ram_0xcb_1.c ]
C:\Users\tsuok\Downloads\Vide2.6_RC03.w3  [ vec_ram_0xcb_2.c ]
C:\Users\tsuok\Downloads\Vide2.6_RC03.w3  [ vec_ram_0xcb_3.c ]
C:\Users\tsuok\Downloads\Vide2.6_RC03.w3  [ vec_ram_0xd0_0.c ]
C:\Users\tsuok\Downloads\Vide2.6_RC03.w3  [ vec_ram_0xd0_1.c ]
C:\Users\tsuok\Downloads\Vide2.6_RC03.w3  [ vec_ram_dpc8_0.c ]
C:\Users\tsuok\Downloads\Vide2.6_RC03.w3  [ vec_ram_dpc8_1.c ]
C:\Users\tsuok\Downloads\Vide2.6_RC03.w3  [ vec_ram_dpc8_2.c ]
C:\Users\tsuok\Downloads\Vide2.6_RC03.w3  [ vec_ram_dpcb_0.c ]
C:\Users\tsuok\Downloads\Vide2.6_RC03.w3  [ vec_ram_dpcb_1.c ]
C:\Users\tsuok\Downloads\Vide2.6_RC03.w3  [ vec_ram_dpcb_2.c ]
C:\Users\tsuok\Downloads\Vide2.6_RC03.w3  [ vec_ram_dpcb_3.c ]
C:\Users\tsuok\Downloads\Vide2.6_RC03.w3  [ vec_ram_dpd0_0.c ]
C:\Users\tsuok\Downloads\Vide2.6_RC03.w3  [ vec_ram_dpd0_1.c ]
C:\Users\tsuok\Downloads\Vide2.6_RC03.w3  [ vec_rom_0xed_0.c ]
C:\Users\tsuok\Downloads\Vide2.6_RC03.w3  [ vec_rom_0xfc_0.c ]
C:\Users\tsuok\Downloads\Vide2.6_RC03.w3  [ vec_rom_0xfd_0.c ]
C:\Users\tsuok\Downloads\Vide2.6_RC03.w3  [ vec_rom_0xfe_0.c ]
C:\Users\tsuok\Downloads\Vide2.6_RC03.w3  [ vec_rom_0xfe_1.c ]
C:\Users\tsuok\Downloads\Vide2.6_RC03.w3  [ vec_rom_0xff_0.c ]
C:\Users\tsuok\Downloads\Vide2.6_RC03.w3  [ vec_rom_dped_0.c ]
C:\Users\tsuok\Downloads\Vide2.6_RC03.w3  [ vec_rom_dpfc_0.c ]
C:\Users\tsuok\Downloads\Vide2.6_RC03.w3  [ vec_rom_dpfd_0.c ]
C:\Users\tsuok\Downloads\Vide2.6_RC03.w3  [ vec_rom_dpfe_0.c ]
C:\Users\tsuok\Downloads\Vide2.6_RC03.w3  [ vec_rom_dpfe_1.c ]
C:\Users\tsuok\Downloads\Vide2.6_RC03.w3  [ vec_rom_dpff_0.c ]
C:\Users\tsuok\Downloads\Vide2.6_RC03.w3  [ vec_rum_0xe7.c ]
C:\Users\tsuok\Downloads\Vide2.6_RC03.w3  [ vec_rum_0xe9.c ]
C:\Users\tsuok\Downloads\Vide2.6_RC03.w3  [ vec_rum_0xea.c ]
C:\Users\tsuok\Downloads\Vide2.6_RC03.w3  [ vec_rum_0xf0.c ]
C:\Users\tsuok\Downloads\Vide2.6_RC03.w3  [ vec_rum_0xf1.c ]
C:\Users\tsuok\Downloads\Vide2.6_RC03.w3  [ vec_rum_0xf2.c ]
C:\Users\tsuok\Downloads\Vide2.6_RC03.w3  [ vec_rum_0xf3.c ]
C:\Users\tsuok\Downloads\Vide2.6_RC03.w3  [ vec_rum_0xf4.c ]
C:\Users\tsuok\Downloads\Vide2.6_RC03.w3  [ vec_rum_0xf5.c ]
C:\Users\tsuok\Downloads\Vide2.6_RC03.w3  [ vec_rum_0xf6.c ]
C:\Users\tsuok\Downloads\Vide2.6_RC03.w3  [ vec_rum_0xf7.c ]
C:\Users\tsuok\Downloads\Vide2.6_RC03.w3  [ vec_rum_0xf8.c ]
C:\Users\tsuok\Downloads\Vide2.6_RC03.w3  [ vec_rum_0xf9.c ]
C:\Users\tsuok\Downloads\Vide2.6_RC03.w3  [ vec_rum_0xff.c ]


Libraries Linked                          [ object file ]

C:\Users\tsuok\Downloads\Vide2.6_RC03.w3  [ ./rum/vec_rum_14_05_Intensity_a. ]
C:\Users\tsuok\Downloads\Vide2.6_RC03.w3  [ ./rum/vec_rum_05_02_03_Print_Str ]
C:\Users\tsuok\Downloads\Vide2.6_RC03.w3  [ ./rum/vec_rum_13_07_Moveto_d.rel ]


