ASxxxx Linker V05.00,  page 1.
Hexidecimal  [16-Bits]

Area                       Addr        Size        Decimal Bytes (Attributes)
--------------------       ----        ----        ------- ----- ------------
.  .ABS.                   0000        0000 =           0. bytes (ABS,OVR,CSEG)

         Value  Global                             Global Defined In Module
         -----  --------------------------------   ------------------------
          0000  l__DATA                         
          0000  l__CODE                         
          0000  s__DATA                         
          0000  s__CODE                         
          0000  l_.text.unlikely                
          0000  .__.ABS.                           crt0.c
          0000  l_.text.last                    
          0000  l_.bankswitch.data              
          0000  l_.bankswitch.code              
          0000  s_.cartridge                    
          0000  l_.text.hot                     
          0000  s_.direct                       
          0001  l_.data                         
          0001  l_.0xffx                        
          0001  l_.0xf0                         
          0002  l_.0xe9                         
          0010  l_.dpd0                         
          0016  l_.dpcb                         
          0019  l_.dped                         
          001E  l_.0xe7                         
          0021  l_.dpfc                         
          0023  s_.bootloader                   
          0023  l_.cartridge                    
          003B  l_.bootloader                   
          005E  s_.text                         
          005E  s_.bankswitch.data              
          005E  s_.bankswitch.code              
          0068  l_.0xf7                         
          007A  l_.dpff                         
          0080  l_.dpc8                         
          0092  l_.0xf6                         
          0095  l_.0xf4                         
          009D  l_.0xf9                         
          00A7  l_.0xf2                         
          00AD  l_.0xf1                         
          00B3  l_.0xea                         
          00C7  l_.dpfd                         
          00CB  l_.0xf8                         
          00D1  l_.dpfe                         
          00D8  l_.0xf3                         
          00EF  l_.0xf5                         
          00F1  l_.bss                          
          0100  l_.direct                       
          63F0  l_.text                         
          644E  s_.text.unlikely                
          644E  s_.text.last                    
          644E  s_.text.hot                     
          C800  s_.dpc8                         
          C880  s_.data                         
          C881  s_.bss                          
ASxxxx Linker V05.00,  page 2.
Hexidecimal  [16-Bits]

Area                       Addr        Size        Decimal Bytes (Attributes)
--------------------       ----        ----        ------- ----- ------------
.  .ABS.                   0000        0000 =           0. bytes (ABS,OVR,CSEG)

         Value  Global                             Global Defined In Module
         -----  --------------------------------   ------------------------
          CBEA  s_.dpcb                         
          D000  s_.dpd0                         
          E7B5  s_.0xe7                         
          E98A  s_.0xe9                         
          EA3E  s_.0xea                         
          ED77  s_.dped                         
          F000  s_.0xf0                         
          F14C  s_.0xf1                         
          F256  s_.0xf2                         
          F308  s_.0xf3                         
          F404  s_.0xf4                         
          F511  s_.0xf5                         
          F601  s_.0xf6                         
          F742  s_.0xf7                         
          F835  s_.0xf8                         
          F92E  s_.0xf9                         
          FC6D  s_.dpfc                         
          FD0D  s_.dpfd                         
          FE28  s_.dpfe                         
          FF16  s_.dpff                         
          FF9F  s_.0xffx                        

ASxxxx Linker V05.00,  page 3.
Hexidecimal  [16-Bits]
[ Bank == rom ]

Area                       Addr        Size        Decimal Bytes (Attributes)
--------------------       ----        ----        ------- ----- ------------
.cartridge                 0000        0023 =          35. bytes (REL,CON,CSEG)

         Value  Global                             Global Defined In Module
         -----  --------------------------------   ------------------------
          0000  _game_header                       cartridge.enr.c

ASxxxx Linker V05.00,  page 4.
Hexidecimal  [16-Bits]
[ Bank == rom ]

Area                       Addr        Size        Decimal Bytes (Attributes)
--------------------       ----        ----        ------- ----- ------------
.bootloader                0023        003B =          59. bytes (REL,CON,CSEG)

         Value  Global                             Global Defined In Module
         -----  --------------------------------   ------------------------
          0023  A$crt0$58                          crt0.c
          0026  A$crt0$59                          crt0.c
          002A  A$crt0$60                          crt0.c
          002E  A$crt0$61                          crt0.c
          0032  A$crt0$62                          crt0.c
          0036  A$crt0$63                          crt0.c
          0039  A$crt0$64                          crt0.c
          003B  A$crt0$66                          crt0.c
          003D  A$crt0$67                          crt0.c
          003F  A$crt0$68                          crt0.c
          0041  A$crt0$69                          crt0.c
          0043  A$crt0$71                          crt0.c
          0047  A$crt0$72                          crt0.c
          004A  A$crt0$73                          crt0.c
          004C  A$crt0$75                          crt0.c
          004E  A$crt0$76                          crt0.c
          0050  A$crt0$77                          crt0.c
          0052  A$crt0$79                          crt0.c
          0055  A$crt0$80                          crt0.c
          0056  A$crt0$81                          crt0.c
          0058  A$crt0$82                          crt0.c
          005B  A$crt0$84                          crt0.c

ASxxxx Linker V05.00,  page 5.
Hexidecimal  [16-Bits]
[ Bank == rom ]

Area                       Addr        Size        Decimal Bytes (Attributes)
--------------------       ----        ----        ------- ----- ------------
.text                      005E        63F0 =       25584. bytes (REL,CON,CSEG)

         Value  Global                             Global Defined In Module
         -----  --------------------------------   ------------------------
          005E  _ANbass_start                      anbass
          0060  _ANbass_reg_0                      anbass
          0069  _ANbass_pd_0                       anbass
          0078  _ANbass_reg_0_data                 anbass
          0178  _ANbass_reg_1                      anbass
          017E  _ANbass_pd_1                       anbass
          018A  _ANbass_reg_1_data                 anbass
          0276  _ANbass_reg_2                      anbass
          02F4  _ANbass_pd_2                       anbass
          0431  _ANbass_reg_2_data                 anbass
          0837  _ANbass_reg_3                      anbass
          0843  _ANbass_pd_3                       anbass
          0861  _ANbass_reg_3_data                 anbass
          0A1E  _ANbass_reg_4                      anbass
          0A60  _ANbass_pd_4                       anbass
          0AE4  _ANbass_reg_4_data                 anbass
          1103  _ANbass_reg_5                      anbass
          110F  _ANbass_pd_5                       anbass
          1124  _ANbass_reg_5_data                 anbass
          11E7  _ANbass_reg_6                      anbass
          11ED  _ANbass_pd_6                       anbass
          11FF  _ANbass_reg_6_data                 anbass
          1350  _ANbass_reg_7                      anbass
          1356  _ANbass_pd_7                       anbass
          1362  _ANbass_reg_7_data                 anbass
          145F  _ANbass_reg_8                      anbass
          1468  _ANbass_pd_8                       anbass
          147A  _ANbass_reg_8_data                 anbass
          15E8  _ANbass_reg_9                      anbass
          15F4  _ANbass_pd_9                       anbass
          1624  _ANbass_reg_9_data                 anbass
          170E  _ANbass_reg_10                     anbass
          171D  _ANbass_pd_10                      anbass
          174D  _ANbass_reg_10_data                anbass
          184C  _ANbass_data                       anbass
          189C  _ANbass_name                       anbass
          18AE  _MousePointer                      main.enr.c
          18B9  _setup                             main.enr.c
          18B9  A$main$55                          main.enr.c
          18BC  A$main$60                          main.enr.c
          18BF  A$main$65                          main.enr.c
          18C2  A$main$70                          main.enr.c
          18C5  A$main$75                          main.enr.c
          18C8  A$main$80                          main.enr.c
          18CB  A$main$81                          main.enr.c
          18CC  A$main$83                          main.enr.c
          18CF  A$main$84                          main.enr.c
          18D0  A$main$86                          main.enr.c
          18D3  A$main$87                          main.enr.c
ASxxxx Linker V05.00,  page 6.
Hexidecimal  [16-Bits]
[ Bank == rom ]

Area                       Addr        Size        Decimal Bytes (Attributes)
--------------------       ----        ----        ------- ----- ------------
.text                      005E        63F0 =       25584. bytes (REL,CON,CSEG)

         Value  Global                             Global Defined In Module
         -----  --------------------------------   ------------------------
          18D4  A$main$89                          main.enr.c
          18D6  A$main$90                          main.enr.c
          18D9  A$main$91                          main.enr.c
          18DA  A$main$93                          main.enr.c
          18DC  A$main$94                          main.enr.c
          18DF  A$main$95                          main.enr.c
          1995  A$main$132                         main.enr.c
          1995  _mainMenu                          main.enr.c
          1997  A$main$133                         main.enr.c
          1999  A$main$138                         main.enr.c
          199B  A$main$139                         main.enr.c
          199D  A$main$140                         main.enr.c
          19A0  A$main$141                         main.enr.c
          19A2  A$main$142                         main.enr.c
          19A5  A$main$143                         main.enr.c
          19A7  A$main$148                         main.enr.c
          19A9  A$main$149                         main.enr.c
          19AB  A$main$150                         main.enr.c
          19AE  A$main$151                         main.enr.c
          19B0  A$main$152                         main.enr.c
          19B3  A$main$153                         main.enr.c
          19B5  A$main$158                         main.enr.c
          19B7  A$main$159                         main.enr.c
          19B9  A$main$160                         main.enr.c
          19BC  A$main$161                         main.enr.c
          19BE  A$main$162                         main.enr.c
          19C1  A$main$163                         main.enr.c
          19C3  A$main$168                         main.enr.c
          19C5  A$main$169                         main.enr.c
          19C7  A$main$170                         main.enr.c
          19CA  A$main$171                         main.enr.c
          19CC  A$main$172                         main.enr.c
          19CF  A$main$173                         main.enr.c
          19D1  A$main$178                         main.enr.c
          19D3  A$main$179                         main.enr.c
          19D5  A$main$180                         main.enr.c
          19D8  A$main$181                         main.enr.c
          19DA  A$main$182                         main.enr.c
          19DD  A$main$183                         main.enr.c
          19DF  A$main$188                         main.enr.c
          19E2  A$main$193                         main.enr.c
          19E5  A$main$194                         main.enr.c
          19E8  A$main$195                         main.enr.c
          19EA  A$main$200                         main.enr.c
          19ED  A$main$201                         main.enr.c
          19EF  A$main$204                         main.enr.c
          19F1  A$main$205                         main.enr.c
          19F4  A$main$213                         main.enr.c
          19F7  A$main$218                         main.enr.c
          19FA  A$main$223                         main.enr.c
ASxxxx Linker V05.00,  page 7.
Hexidecimal  [16-Bits]
[ Bank == rom ]

Area                       Addr        Size        Decimal Bytes (Attributes)
--------------------       ----        ----        ------- ----- ------------
.text                      005E        63F0 =       25584. bytes (REL,CON,CSEG)

         Value  Global                             Global Defined In Module
         -----  --------------------------------   ------------------------
          19FD  A$main$224                         main.enr.c
          19FF  A$main$225                         main.enr.c
          1A00  A$main$226                         main.enr.c
          1A02  A$main$231                         main.enr.c
          1A04  A$main$232                         main.enr.c
          1A07  A$main$237                         main.enr.c
          1A09  A$main$238                         main.enr.c
          1A0B  A$main$239                         main.enr.c
          1A0E  A$main$240                         main.enr.c
          1A10  A$main$241                         main.enr.c
          1A13  A$main$242                         main.enr.c
          1A15  A$main$243                         main.enr.c
          1A18  A$main$245                         main.enr.c
          1A1B  A$main$246                         main.enr.c
          1A1D  A$main$247                         main.enr.c
          1A1E  A$main$248                         main.enr.c
          1A20  A$main$253                         main.enr.c
          1A22  A$main$254                         main.enr.c
          1A25  A$main$259                         main.enr.c
          1A27  A$main$260                         main.enr.c
          1A29  A$main$261                         main.enr.c
          1A2C  A$main$262                         main.enr.c
          1A2E  A$main$263                         main.enr.c
          1A31  A$main$264                         main.enr.c
          1A33  A$main$265                         main.enr.c
          1A36  A$main$267                         main.enr.c
          1A39  A$main$268                         main.enr.c
          1A3B  A$main$269                         main.enr.c
          1A3C  A$main$270                         main.enr.c
          1A3E  A$main$275                         main.enr.c
          1A40  A$main$276                         main.enr.c
          1A43  A$main$281                         main.enr.c
          1A45  A$main$282                         main.enr.c
          1A47  A$main$283                         main.enr.c
          1A4A  A$main$284                         main.enr.c
          1A4C  A$main$285                         main.enr.c
          1A4F  A$main$286                         main.enr.c
          1A51  A$main$287                         main.enr.c
          1A53  A$main$289                         main.enr.c
          1A56  A$main$290                         main.enr.c
          1A58  A$main$291                         main.enr.c
          1A59  A$main$292                         main.enr.c
          1A5B  A$main$297                         main.enr.c
          1A5D  A$main$298                         main.enr.c
          1A60  A$main$303                         main.enr.c
          1A62  A$main$304                         main.enr.c
          1A64  A$main$305                         main.enr.c
          1A67  A$main$306                         main.enr.c
          1A69  A$main$307                         main.enr.c
          1A6C  A$main$308                         main.enr.c
ASxxxx Linker V05.00,  page 8.
Hexidecimal  [16-Bits]
[ Bank == rom ]

Area                       Addr        Size        Decimal Bytes (Attributes)
--------------------       ----        ----        ------- ----- ------------
.text                      005E        63F0 =       25584. bytes (REL,CON,CSEG)

         Value  Global                             Global Defined In Module
         -----  --------------------------------   ------------------------
          1A6E  A$main$310                         main.enr.c
          1A70  A$main$311                         main.enr.c
          1A72  _RepairIdentityGame                main.enr.c
          1A72  A$main$314                         main.enr.c
          1A74  A$main$319                         main.enr.c
          1A76  A$main$320                         main.enr.c
          1A79  A$main$325                         main.enr.c
          1A7C  A$main$326                         main.enr.c
          1A7E  A$main$327                         main.enr.c
          1A81  A$main$328                         main.enr.c
          1A83  A$main$329                         main.enr.c
          1A85  A$main$330                         main.enr.c
          1A87  A$main$331                         main.enr.c
          1A89  A$main$332                         main.enr.c
          1A8B  A$main$333                         main.enr.c
          1A8D  A$main$334                         main.enr.c
          1A8F  A$main$335                         main.enr.c
          1A91  A$main$336                         main.enr.c
          1A94  A$main$337                         main.enr.c
          1A96  A$main$342                         main.enr.c
          1A98  A$main$343                         main.enr.c
          1A9B  A$main$348                         main.enr.c
          1A9E  A$main$349                         main.enr.c
          1AA1  A$main$354                         main.enr.c
          1AA4  A$main$355                         main.enr.c
          1AA5  A$main$356                         main.enr.c
          1AA7  A$main$361                         main.enr.c
          1AAA  A$main$362                         main.enr.c
          1AAC  A$main$363                         main.enr.c
          1AAF  A$main$364                         main.enr.c
          1AB1  A$main$366                         main.enr.c
          1AB4  A$main$367                         main.enr.c
          1AB5  A$main$368                         main.enr.c
          1AB7  A$main$373                         main.enr.c
          1ABA  A$main$374                         main.enr.c
          1ABC  A$main$375                         main.enr.c
          1ABF  A$main$381                         main.enr.c
          1AC2  A$main$382                         main.enr.c
          1AC3  A$main$383                         main.enr.c
          1AC5  A$main$388                         main.enr.c
          1AC8  A$main$389                         main.enr.c
          1ACA  A$main$390                         main.enr.c
          1ACD  A$main$391                         main.enr.c
          1ACF  A$main$393                         main.enr.c
          1AD2  A$main$394                         main.enr.c
          1AD3  A$main$395                         main.enr.c
          1AD5  A$main$400                         main.enr.c
          1AD8  A$main$401                         main.enr.c
          1ADA  A$main$402                         main.enr.c
          1ADD  A$main$408                         main.enr.c
ASxxxx Linker V05.00,  page 9.
Hexidecimal  [16-Bits]
[ Bank == rom ]

Area                       Addr        Size        Decimal Bytes (Attributes)
--------------------       ----        ----        ------- ----- ------------
.text                      005E        63F0 =       25584. bytes (REL,CON,CSEG)

         Value  Global                             Global Defined In Module
         -----  --------------------------------   ------------------------
          1AE0  A$main$409                         main.enr.c
          1AE2  A$main$410                         main.enr.c
          1AE4  A$main$411                         main.enr.c
          1AE6  A$main$412                         main.enr.c
          1AE9  A$main$418                         main.enr.c
          1AEC  A$main$419                         main.enr.c
          1AEE  A$main$420                         main.enr.c
          1AF0  A$main$421                         main.enr.c
          1AF2  A$main$422                         main.enr.c
          1AF5  A$main$428                         main.enr.c
          1AF8  A$main$429                         main.enr.c
          1AFA  A$main$430                         main.enr.c
          1AFC  A$main$431                         main.enr.c
          1AFE  A$main$432                         main.enr.c
          1B01  A$main$438                         main.enr.c
          1B04  A$main$439                         main.enr.c
          1B06  A$main$440                         main.enr.c
          1B08  A$main$441                         main.enr.c
          1B0A  A$main$442                         main.enr.c
          1B0D  A$main$448                         main.enr.c
          1B10  A$main$449                         main.enr.c
          1B12  A$main$450                         main.enr.c
          1B13  A$main$452                         main.enr.c
          1B16  A$main$453                         main.enr.c
          1B17  A$main$455                         main.enr.c
          1B1A  A$main$456                         main.enr.c
          1B2F  _main                              main.enr.c
          1B2F  A$main$463                         main.enr.c
          1B31  A$main$464                         main.enr.c
          1B33  A$main$469                         main.enr.c
          1B36  A$main$474                         main.enr.c
          1B39  A$main$479                         main.enr.c
          1B3C  A$main$484                         main.enr.c
          1B3F  A$main$489                         main.enr.c
          1B42  A$main$499                         main.enr.c
          1B45  A$main$504                         main.enr.c
          1B48  A$main$509                         main.enr.c
          1B4B  A$main$514                         main.enr.c
          1B4D  A$main$515                         main.enr.c
          1B50  A$main$520                         main.enr.c
          1B53  A$main$521                         main.enr.c
          1B55  A$main$522                         main.enr.c
          1B57  A$main$523                         main.enr.c
          1B59  A$main$524                         main.enr.c
          1B5B  A$main$525                         main.enr.c
          1B5D  A$main$526                         main.enr.c
          1B5E  A$main$527                         main.enr.c
          1B60  A$main$528                         main.enr.c
          1B62  A$main$529                         main.enr.c
          1B63  A$main$530                         main.enr.c
ASxxxx Linker V05.00,  page 10.
Hexidecimal  [16-Bits]
[ Bank == rom ]

Area                       Addr        Size        Decimal Bytes (Attributes)
--------------------       ----        ----        ------- ----- ------------
.text                      005E        63F0 =       25584. bytes (REL,CON,CSEG)

         Value  Global                             Global Defined In Module
         -----  --------------------------------   ------------------------
          1B64  A$main$531                         main.enr.c
          1B67  A$main$532                         main.enr.c
          1B69  A$main$533                         main.enr.c
          1B6B  A$main$534                         main.enr.c
          1B77  A$main$546                         main.enr.c
          1B79  A$main$547                         main.enr.c
          1B7B  A$main$548                         main.enr.c
          1B7E  A$main$549                         main.enr.c
          1B80  A$main$550                         main.enr.c
          1B83  A$main$551                         main.enr.c
          1B85  A$main$556                         main.enr.c
          1B88  A$main$562                         main.enr.c
          1B8A  A$main$563                         main.enr.c
          1B8C  A$main$564                         main.enr.c
          1B8F  A$main$565                         main.enr.c
          1B91  A$main$566                         main.enr.c
          1B94  A$main$567                         main.enr.c
          1B96  A$main$572                         main.enr.c
          1B99  A$main$578                         main.enr.c
          1B9C  A$main$579                         main.enr.c
          1B9E  A$main$580                         main.enr.c
          1B9F  A$main$581                         main.enr.c
          1BA1  A$main$582                         main.enr.c
          1BA4  A$main$583                         main.enr.c
          1BA5  A$main$584                         main.enr.c
          1BA7  A$main$589                         main.enr.c
          1BA9  A$main$590                         main.enr.c
          1BAC  A$main$591                         main.enr.c
          1BAF  A$main$593                         main.enr.c
          1BB2  A$main$594                         main.enr.c
          1BB3  A$main$595                         main.enr.c
          1BB5  A$main$600                         main.enr.c
          1BB7  A$main$601                         main.enr.c
          1BB9  A$main$602                         main.enr.c
          1BBC  A$main$603                         main.enr.c
          1BBE  A$main$604                         main.enr.c
          1BC1  A$main$605                         main.enr.c
          1BC3  A$main$610                         main.enr.c
          1BC6  A$main$611                         main.enr.c
          1BC8  A$main$612                         main.enr.c
          1BC9  A$main$613                         main.enr.c
          1BCB  A$main$614                         main.enr.c
          1BCE  A$main$615                         main.enr.c
          1BD0  A$main$616                         main.enr.c
          1BD1  A$main$617                         main.enr.c
          1BD3  A$main$618                         main.enr.c
          1BD6  A$main$619                         main.enr.c
          1BD8  A$main$620                         main.enr.c
          1BD9  A$main$621                         main.enr.c
          1BDB  A$main$627                         main.enr.c
ASxxxx Linker V05.00,  page 11.
Hexidecimal  [16-Bits]
[ Bank == rom ]

Area                       Addr        Size        Decimal Bytes (Attributes)
--------------------       ----        ----        ------- ----- ------------
.text                      005E        63F0 =       25584. bytes (REL,CON,CSEG)

         Value  Global                             Global Defined In Module
         -----  --------------------------------   ------------------------
          1BDE  A$main$632                         main.enr.c
          1BE1  A$main$633                         main.enr.c
          1BE3  A$main$639                         main.enr.c
          1BE6  A$main$645                         main.enr.c
          1BE9  A$main$651                         main.enr.c
          1BEB  A$main$652                         main.enr.c
          1BED  A$main$653                         main.enr.c
          1BF0  A$main$654                         main.enr.c
          1BF2  A$main$655                         main.enr.c
          1BF5  A$main$656                         main.enr.c
          1BF7  A$main$661                         main.enr.c
          1BFA  A$main$667                         main.enr.c
          1BFD  A$main$672                         main.enr.c
          1C00  _Drooling_start                    song_025
          1C02  _Drooling_reg_0                    song_025
          1C20  _Drooling_pd_0                     song_025
          1C47  _Drooling_reg_0_data               song_025
          208C  _Drooling_reg_1                    song_025
          2095  _Drooling_pd_1                     song_025
          20AA  _Drooling_reg_1_data               song_025
          227A  _Drooling_reg_2                    song_025
          22A1  _Drooling_pd_2                     song_025
          22F3  _Drooling_reg_2_data               song_025
          29C7  _Drooling_reg_3                    song_025
          29E2  _Drooling_pd_3                     song_025
          2A3D  _Drooling_reg_3_data               song_025
          2C85  _Drooling_reg_4                    song_025
          2CDC  _Drooling_pd_4                     song_025
          2D75  _Drooling_reg_4_data               song_025
          3058  _Drooling_reg_5                    song_025
          305B  _Drooling_pd_5                     song_025
          305E  _Drooling_reg_5_data               song_025
          3113  _Drooling_reg_6                    song_025
          3116  _Drooling_pd_6                     song_025
          3121  _Drooling_reg_6_data               song_025
          3241  _Drooling_reg_7                    song_025
          324D  _Drooling_pd_7                     song_025
          3278  _Drooling_reg_7_data               song_025
          36F7  _Drooling_reg_8                    song_025
          3709  _Drooling_pd_8                     song_025
          3731  _Drooling_reg_8_data               song_025
          3D52  _Drooling_reg_9                    song_025
          3D70  _Drooling_pd_9                     song_025
          3DBE  _Drooling_reg_9_data               song_025
          3E49  _Drooling_reg_10                   song_025
          3E67  _Drooling_pd_10                    song_025
          3EA3  _Drooling_reg_10_data              song_025
          40A7  _Drooling_data                     song_025
          40F7  _Drooling_name                     song_025
          4100  _Wolfchild_start                   wolfch1
ASxxxx Linker V05.00,  page 12.
Hexidecimal  [16-Bits]
[ Bank == rom ]

Area                       Addr        Size        Decimal Bytes (Attributes)
--------------------       ----        ----        ------- ----- ------------
.text                      005E        63F0 =       25584. bytes (REL,CON,CSEG)

         Value  Global                             Global Defined In Module
         -----  --------------------------------   ------------------------
          4102  _Wolfchild_reg_0                   wolfch1
          4135  _Wolfchild_pd_0                    wolfch1
          41CC  _Wolfchild_reg_0_data              wolfch1
          46FE  Wolfchild_reg_1                    wolfch1
          46FE  Wolfchild_pd_1                     wolfch1
          46FE  _Wolfchild_reg_1_data              wolfch1
          48A3  _Wolfchild_reg_2                   wolfch1
          48B5  _Wolfchild_pd_2                    wolfch1
          48F5  _Wolfchild_reg_2_data              wolfch1
          4FD7  _Wolfchild_reg_3                   wolfch1
          4FE0  _Wolfchild_pd_3                    wolfch1
          5008  _Wolfchild_reg_3_data              wolfch1
          5151  _Wolfchild_reg_4                   wolfch1
          51BA  _Wolfchild_pd_4                    wolfch1
          537D  _Wolfchild_reg_4_data              wolfch1
          575D  _Wolfchild_reg_5                   wolfch1
          5760  _Wolfchild_pd_5                    wolfch1
          5767  _Wolfchild_reg_5_data              wolfch1
          586D  Wolfchild_reg_6                    wolfch1
          586D  Wolfchild_pd_6                     wolfch1
          586D  _Wolfchild_reg_6_data              wolfch1
          5871  _Wolfchild_reg_7                   wolfch1
          587A  _Wolfchild_pd_7                    wolfch1
          589C  _Wolfchild_reg_7_data              wolfch1
          5A15  _Wolfchild_reg_8                   wolfch1
          5A24  _Wolfchild_pd_8                    wolfch1
          5A56  _Wolfchild_reg_8_data              wolfch1
          5D0C  _Wolfchild_reg_9                   wolfch1
          5D15  _Wolfchild_pd_9                    wolfch1
          5D3D  _Wolfchild_reg_9_data              wolfch1
          5E0A  _Wolfchild_reg_10                  wolfch1
          5E16  _Wolfchild_pd_10                   wolfch1
          5E47  _Wolfchild_reg_10_data             wolfch1
          6098  _Wolfchild_data                    wolfch1
          60E8  _Wolfchild_name                    wolfch1
          60F2  _reg_max_data                      ymplayer.pre.s
          60F2  A$ymPlayer.pre.asx$79              ymplayer.pre.s
          6102  rleEncodedData                     ymplayer.pre.s
          6102  A$ymPlayer.pre.asx$88              ymplayer.pre.s
          6103  moreBits                           ymplayer.pre.s
          6103  A$ymPlayer.pre.asx$91              ymplayer.pre.s
          6104  A$ymPlayer.pre.asx$94              ymplayer.pre.s
          6106  A$ymPlayer.pre.asx$95              ymplayer.pre.s
          6108  A$ymPlayer.pre.asx$97              ymplayer.pre.s
          610A  A$ymPlayer.pre.asx$98              ymplayer.pre.s
          610C  A$ymPlayer.pre.asx$99              ymplayer.pre.s
          610E  A$ymPlayer.pre.asx$100             ymplayer.pre.s
          6110  A$ymPlayer.pre.asx$101             ymplayer.pre.s
          6112  A$ymPlayer.pre.asx$102             ymplayer.pre.s
          6114  bit_is_ready1                      ymplayer.pre.s
ASxxxx Linker V05.00,  page 13.
Hexidecimal  [16-Bits]
[ Bank == rom ]

Area                       Addr        Size        Decimal Bytes (Attributes)
--------------------       ----        ----        ------- ----- ------------
.text                      005E        63F0 =       25584. bytes (REL,CON,CSEG)

         Value  Global                             Global Defined In Module
         -----  --------------------------------   ------------------------
          6114  A$ymPlayer.pre.asx$108             ymplayer.pre.s
          6116  A$ymPlayer.pre.asx$110             ymplayer.pre.s
          6118  A$ymPlayer.pre.asx$112             ymplayer.pre.s
          611A  A$ymPlayer.pre.asx$113             ymplayer.pre.s
          611C  A$ymPlayer.pre.asx$114             ymplayer.pre.s
          611E  A$ymPlayer.pre.asx$119             ymplayer.pre.s
          611F  A$ymPlayer.pre.asx$122             ymplayer.pre.s
          6121  A$ymPlayer.pre.asx$123             ymplayer.pre.s
          6123  A$ymPlayer.pre.asx$125             ymplayer.pre.s
          6125  A$ymPlayer.pre.asx$126             ymplayer.pre.s
          6127  A$ymPlayer.pre.asx$127             ymplayer.pre.s
          6129  A$ymPlayer.pre.asx$128             ymplayer.pre.s
          612B  A$ymPlayer.pre.asx$129             ymplayer.pre.s
          612D  A$ymPlayer.pre.asx$130             ymplayer.pre.s
          612F  bit_is_ready2                      ymplayer.pre.s
          612F  A$ymPlayer.pre.asx$136             ymplayer.pre.s
          6131  A$ymPlayer.pre.asx$138             ymplayer.pre.s
          6133  A$ymPlayer.pre.asx$140             ymplayer.pre.s
          6135  A$ymPlayer.pre.asx$141             ymplayer.pre.s
          6136  rleCounterBit0NotSet               ymplayer.pre.s
          6136  A$ymPlayer.pre.asx$144             ymplayer.pre.s
          6137  A$ymPlayer.pre.asx$147             ymplayer.pre.s
          6139  A$ymPlayer.pre.asx$148             ymplayer.pre.s
          613B  A$ymPlayer.pre.asx$150             ymplayer.pre.s
          613D  A$ymPlayer.pre.asx$151             ymplayer.pre.s
          613F  A$ymPlayer.pre.asx$152             ymplayer.pre.s
          6141  A$ymPlayer.pre.asx$153             ymplayer.pre.s
          6143  A$ymPlayer.pre.asx$154             ymplayer.pre.s
          6145  A$ymPlayer.pre.asx$155             ymplayer.pre.s
          6147  bit_is_ready3                      ymplayer.pre.s
          6147  A$ymPlayer.pre.asx$161             ymplayer.pre.s
          6149  A$ymPlayer.pre.asx$163             ymplayer.pre.s
          614B  A$ymPlayer.pre.asx$165             ymplayer.pre.s
          614D  A$ymPlayer.pre.asx$166             ymplayer.pre.s
          614E  rleCounterBit1NotSet               ymplayer.pre.s
          614E  A$ymPlayer.pre.asx$169             ymplayer.pre.s
          614F  A$ymPlayer.pre.asx$172             ymplayer.pre.s
          6151  A$ymPlayer.pre.asx$173             ymplayer.pre.s
          6153  A$ymPlayer.pre.asx$175             ymplayer.pre.s
          6155  A$ymPlayer.pre.asx$176             ymplayer.pre.s
          6157  A$ymPlayer.pre.asx$177             ymplayer.pre.s
          6159  A$ymPlayer.pre.asx$178             ymplayer.pre.s
          615B  A$ymPlayer.pre.asx$179             ymplayer.pre.s
          615D  A$ymPlayer.pre.asx$180             ymplayer.pre.s
          615F  bit_is_ready4                      ymplayer.pre.s
          615F  A$ymPlayer.pre.asx$186             ymplayer.pre.s
          6161  A$ymPlayer.pre.asx$188             ymplayer.pre.s
          6163  A$ymPlayer.pre.asx$190             ymplayer.pre.s
          6165  A$ymPlayer.pre.asx$191             ymplayer.pre.s
          6166  rleCounterBit2NotSet               ymplayer.pre.s
ASxxxx Linker V05.00,  page 14.
Hexidecimal  [16-Bits]
[ Bank == rom ]

Area                       Addr        Size        Decimal Bytes (Attributes)
--------------------       ----        ----        ------- ----- ------------
.text                      005E        63F0 =       25584. bytes (REL,CON,CSEG)

         Value  Global                             Global Defined In Module
         -----  --------------------------------   ------------------------
          6166  A$ymPlayer.pre.asx$194             ymplayer.pre.s
          6168  A$ymPlayer.pre.asx$195             ymplayer.pre.s
          616C  A$ymPlayer.pre.asx$196             ymplayer.pre.s
          616D  A$ymPlayer.pre.asx$199             ymplayer.pre.s
          616F  A$ymPlayer.pre.asx$200             ymplayer.pre.s
          6171  A$ymPlayer.pre.asx$202             ymplayer.pre.s
          6173  A$ymPlayer.pre.asx$203             ymplayer.pre.s
          6175  A$ymPlayer.pre.asx$204             ymplayer.pre.s
          6177  A$ymPlayer.pre.asx$205             ymplayer.pre.s
          6179  A$ymPlayer.pre.asx$206             ymplayer.pre.s
          617B  A$ymPlayer.pre.asx$207             ymplayer.pre.s
          617D  A$ymPlayer.pre.asx$213             ymplayer.pre.s
          617D  bit_is_ready5                      ymplayer.pre.s
          617F  A$ymPlayer.pre.asx$215             ymplayer.pre.s
          6181  A$ymPlayer.pre.asx$217             ymplayer.pre.s
          6183  A$ymPlayer.pre.asx$218             ymplayer.pre.s
          6184  rleCounterBit3NotSet               ymplayer.pre.s
          6184  A$ymPlayer.pre.asx$221             ymplayer.pre.s
          6186  A$ymPlayer.pre.asx$222             ymplayer.pre.s
          618A  A$ymPlayer.pre.asx$223             ymplayer.pre.s
          618B  A$ymPlayer.pre.asx$226             ymplayer.pre.s
          618D  A$ymPlayer.pre.asx$227             ymplayer.pre.s
          618F  A$ymPlayer.pre.asx$229             ymplayer.pre.s
          6191  A$ymPlayer.pre.asx$230             ymplayer.pre.s
          6193  A$ymPlayer.pre.asx$231             ymplayer.pre.s
          6195  A$ymPlayer.pre.asx$232             ymplayer.pre.s
          6197  A$ymPlayer.pre.asx$233             ymplayer.pre.s
          6199  A$ymPlayer.pre.asx$234             ymplayer.pre.s
          619B  A$ymPlayer.pre.asx$240             ymplayer.pre.s
          619B  bit_is_ready6                      ymplayer.pre.s
          619D  A$ymPlayer.pre.asx$242             ymplayer.pre.s
          619F  A$ymPlayer.pre.asx$244             ymplayer.pre.s
          61A1  A$ymPlayer.pre.asx$245             ymplayer.pre.s
          61A2  rleCounterBit4NotSet               ymplayer.pre.s
          61A2  A$ymPlayer.pre.asx$248             ymplayer.pre.s
          61A4  A$ymPlayer.pre.asx$249             ymplayer.pre.s
          61A6  A$ymPlayer.pre.asx$250             ymplayer.pre.s
          61A7  A$ymPlayer.pre.asx$253             ymplayer.pre.s
          61A9  A$ymPlayer.pre.asx$254             ymplayer.pre.s
          61AB  A$ymPlayer.pre.asx$256             ymplayer.pre.s
          61AD  A$ymPlayer.pre.asx$257             ymplayer.pre.s
          61AF  A$ymPlayer.pre.asx$258             ymplayer.pre.s
          61B1  A$ymPlayer.pre.asx$259             ymplayer.pre.s
          61B3  A$ymPlayer.pre.asx$260             ymplayer.pre.s
          61B5  A$ymPlayer.pre.asx$261             ymplayer.pre.s
          61B7  bit_is_ready7                      ymplayer.pre.s
          61B7  A$ymPlayer.pre.asx$267             ymplayer.pre.s
          61B9  A$ymPlayer.pre.asx$269             ymplayer.pre.s
          61BB  A$ymPlayer.pre.asx$271             ymplayer.pre.s
          61BD  A$ymPlayer.pre.asx$272             ymplayer.pre.s
ASxxxx Linker V05.00,  page 15.
Hexidecimal  [16-Bits]
[ Bank == rom ]

Area                       Addr        Size        Decimal Bytes (Attributes)
--------------------       ----        ----        ------- ----- ------------
.text                      005E        63F0 =       25584. bytes (REL,CON,CSEG)

         Value  Global                             Global Defined In Module
         -----  --------------------------------   ------------------------
          61BE  rleCounterBit5NotSet               ymplayer.pre.s
          61BE  A$ymPlayer.pre.asx$275             ymplayer.pre.s
          61C0  A$ymPlayer.pre.asx$276             ymplayer.pre.s
          61C2  A$ymPlayer.pre.asx$277             ymplayer.pre.s
          61C3  A$ymPlayer.pre.asx$280             ymplayer.pre.s
          61C5  A$ymPlayer.pre.asx$281             ymplayer.pre.s
          61C7  A$ymPlayer.pre.asx$283             ymplayer.pre.s
          61C9  A$ymPlayer.pre.asx$284             ymplayer.pre.s
          61CB  A$ymPlayer.pre.asx$285             ymplayer.pre.s
          61CD  A$ymPlayer.pre.asx$286             ymplayer.pre.s
          61CF  A$ymPlayer.pre.asx$287             ymplayer.pre.s
          61D1  A$ymPlayer.pre.asx$288             ymplayer.pre.s
          61D3  bit_is_ready8                      ymplayer.pre.s
          61D3  A$ymPlayer.pre.asx$294             ymplayer.pre.s
          61D5  A$ymPlayer.pre.asx$296             ymplayer.pre.s
          61D7  A$ymPlayer.pre.asx$298             ymplayer.pre.s
          61D9  A$ymPlayer.pre.asx$299             ymplayer.pre.s
          61DA  rleCounterBit6NotSet               ymplayer.pre.s
          61DA  A$ymPlayer.pre.asx$302             ymplayer.pre.s
          61DC  A$ymPlayer.pre.asx$303             ymplayer.pre.s
          61DE  A$ymPlayer.pre.asx$304             ymplayer.pre.s
          61DF  A$ymPlayer.pre.asx$307             ymplayer.pre.s
          61E1  A$ymPlayer.pre.asx$308             ymplayer.pre.s
          61E3  A$ymPlayer.pre.asx$310             ymplayer.pre.s
          61E5  A$ymPlayer.pre.asx$311             ymplayer.pre.s
          61E7  A$ymPlayer.pre.asx$312             ymplayer.pre.s
          61E9  A$ymPlayer.pre.asx$313             ymplayer.pre.s
          61EB  A$ymPlayer.pre.asx$314             ymplayer.pre.s
          61ED  A$ymPlayer.pre.asx$315             ymplayer.pre.s
          61EF  A$ymPlayer.pre.asx$321             ymplayer.pre.s
          61EF  bit_is_ready9                      ymplayer.pre.s
          61F1  A$ymPlayer.pre.asx$323             ymplayer.pre.s
          61F3  A$ymPlayer.pre.asx$325             ymplayer.pre.s
          61F5  A$ymPlayer.pre.asx$326             ymplayer.pre.s
          61F6  rleCounterBit7NotSet               ymplayer.pre.s
          61F6  A$ymPlayer.pre.asx$329             ymplayer.pre.s
          61F8  A$ymPlayer.pre.asx$330             ymplayer.pre.s
          61FA  A$ymPlayer.pre.asx$332             ymplayer.pre.s
          61FC  read16bitContinue                  ymplayer.pre.s
          61FC  A$ymPlayer.pre.asx$335             ymplayer.pre.s
          61FE  A$ymPlayer.pre.asx$337             ymplayer.pre.s
          61FF  A$ymPlayer.pre.asx$338             ymplayer.pre.s
          6200  A$ymPlayer.pre.asx$339             ymplayer.pre.s
          6202  A$ymPlayer.pre.asx$340             ymplayer.pre.s
          6204  no_carry                           ymplayer.pre.s
          6204  A$ymPlayer.pre.asx$344             ymplayer.pre.s
          6206  A$ymPlayer.pre.asx$347             ymplayer.pre.s
          6208  A$ymPlayer.pre.asx$348             ymplayer.pre.s
          620A  A$ymPlayer.pre.asx$350             ymplayer.pre.s
          620C  A$ymPlayer.pre.asx$351             ymplayer.pre.s
ASxxxx Linker V05.00,  page 16.
Hexidecimal  [16-Bits]
[ Bank == rom ]

Area                       Addr        Size        Decimal Bytes (Attributes)
--------------------       ----        ----        ------- ----- ------------
.text                      005E        63F0 =       25584. bytes (REL,CON,CSEG)

         Value  Global                             Global Defined In Module
         -----  --------------------------------   ------------------------
          620E  A$ymPlayer.pre.asx$352             ymplayer.pre.s
          6210  A$ymPlayer.pre.asx$353             ymplayer.pre.s
          6212  A$ymPlayer.pre.asx$354             ymplayer.pre.s
          6214  A$ymPlayer.pre.asx$355             ymplayer.pre.s
          6216  bit_is_ready10                     ymplayer.pre.s
          6216  A$ymPlayer.pre.asx$361             ymplayer.pre.s
          6218  A$ymPlayer.pre.asx$363             ymplayer.pre.s
          621A  A$ymPlayer.pre.asx$365             ymplayer.pre.s
          621C  A$ymPlayer.pre.asx$366             ymplayer.pre.s
          621E  A$ymPlayer.pre.asx$369             ymplayer.pre.s
          621E  rleCounterBitXNotSet               ymplayer.pre.s
          6220  A$ymPlayer.pre.asx$370             ymplayer.pre.s
          6222  rle16bitdone                       ymplayer.pre.s
          6222  A$ymPlayer.pre.asx$375             ymplayer.pre.s
          6224  rle8bitdone                        ymplayer.pre.s
          6224  A$ymPlayer.pre.asx$379             ymplayer.pre.s
          6226  A$ymPlayer.pre.asx$382             ymplayer.pre.s
          6228  do_ym_sound                        ymplayer.pre.s
          6228  A$ymPlayer.pre.asx$388             ymplayer.pre.s
          622B  A$ymPlayer.pre.asx$389             ymplayer.pre.s
          622D  A$ymPlayer.pre.asx$390             ymplayer.pre.s
          6230  A$ymPlayer.pre.asx$391             ymplayer.pre.s
          6233  A$ymPlayer.pre.asx$392             ymplayer.pre.s
          6236  A$ymPlayer.pre.asx$393             ymplayer.pre.s
          6239  A$ymPlayer.pre.asx$394             ymplayer.pre.s
          623C  getCurrentRegByte                  ymplayer.pre.s
          623C  next_reg                           ymplayer.pre.s
          623C  A$ymPlayer.pre.asx$404             ymplayer.pre.s
          623E  A$ymPlayer.pre.asx$405             ymplayer.pre.s
          6240  A$ymPlayer.pre.asx$407             ymplayer.pre.s
          6242  A$ymPlayer.pre.asx$408             ymplayer.pre.s
          6244  A$ymPlayer.pre.asx$409             ymplayer.pre.s
          6246  A$ymPlayer.pre.asx$410             ymplayer.pre.s
          6248  A$ymPlayer.pre.asx$413             ymplayer.pre.s
          6248  inPhraseOut                        ymplayer.pre.s
          624A  A$ymPlayer.pre.asx$414             ymplayer.pre.s
          624C  A$ymPlayer.pre.asx$415             ymplayer.pre.s
          624E  A$ymPlayer.pre.asx$416             ymplayer.pre.s
          6250  A$ymPlayer.pre.asx$417             ymplayer.pre.s
          6252  A$ymPlayer.pre.asx$418             ymplayer.pre.s
          6254  A$ymPlayer.pre.asx$419             ymplayer.pre.s
          6256  A$ymPlayer.pre.asx$422             ymplayer.pre.s
          6256  not_in_phrase                      ymplayer.pre.s
          6259  A$ymPlayer.pre.asx$423             ymplayer.pre.s
          625B  done                               ymplayer.pre.s
          625B  A$ymPlayer.pre.asx$429             ymplayer.pre.s
          625B  currentPharseNotEnded              ymplayer.pre.s
          625D  A$ymPlayer.pre.asx$430             ymplayer.pre.s
          625F  A$ymPlayer.pre.asx$433             ymplayer.pre.s
          6261  A$ymPlayer.pre.asx$434             ymplayer.pre.s
ASxxxx Linker V05.00,  page 17.
Hexidecimal  [16-Bits]
[ Bank == rom ]

Area                       Addr        Size        Decimal Bytes (Attributes)
--------------------       ----        ----        ------- ----- ------------
.text                      005E        63F0 =       25584. bytes (REL,CON,CSEG)

         Value  Global                             Global Defined In Module
         -----  --------------------------------   ------------------------
          6263  A$ymPlayer.pre.asx$435             ymplayer.pre.s
          6265  A$ymPlayer.pre.asx$436             ymplayer.pre.s
          6267  no13                               ymplayer.pre.s
          6267  A$ymPlayer.pre.asx$440             ymplayer.pre.s
          6269  A$ymPlayer.pre.asx$441             ymplayer.pre.s
          626B  A$ymPlayer.pre.asx$442             ymplayer.pre.s
          626D  A$ymPlayer.pre.asx$443             ymplayer.pre.s
          626F  A$ymPlayer.pre.asx$444             ymplayer.pre.s
          6271  A$ymPlayer.pre.asx$445             ymplayer.pre.s
          6273  A$ymPlayer.pre.asx$446             ymplayer.pre.s
          6275  A$ymPlayer.pre.asx$447             ymplayer.pre.s
          6277  A$ymPlayer.pre.asx$448             ymplayer.pre.s
          6279  A$ymPlayer.pre.asx$449             ymplayer.pre.s
          627B  A$ymPlayer.pre.asx$450             ymplayer.pre.s
          627D  doNotWriteReg13                    ymplayer.pre.s
          627D  A$ymPlayer.pre.asx$455             ymplayer.pre.s
          6280  A$ymPlayer.pre.asx$456             ymplayer.pre.s
          6283  A$ymPlayer.pre.asx$457             ymplayer.pre.s
          6285  A$ymPlayer.pre.asx$460             ymplayer.pre.s
          6285  ymsodone                           ymplayer.pre.s
          6286  noValidByte                        ymplayer.pre.s
          6286  A$ymPlayer.pre.asx$470             ymplayer.pre.s
          6288  A$ymPlayer.pre.asx$471             ymplayer.pre.s
          628A  A$ymPlayer.pre.asx$473             ymplayer.pre.s
          628C  A$ymPlayer.pre.asx$474             ymplayer.pre.s
          628E  A$ymPlayer.pre.asx$475             ymplayer.pre.s
          6290  A$ymPlayer.pre.asx$476             ymplayer.pre.s
          6292  A$ymPlayer.pre.asx$477             ymplayer.pre.s
          6294  A$ymPlayer.pre.asx$478             ymplayer.pre.s
          6296  bit_is_ready12                     ymplayer.pre.s
          6296  A$ymPlayer.pre.asx$484             ymplayer.pre.s
          6298  A$ymPlayer.pre.asx$486             ymplayer.pre.s
          629A  A$ymPlayer.pre.asx$490             ymplayer.pre.s
          629E  A$ymPlayer.pre.asx$493             ymplayer.pre.s
          62A0  A$ymPlayer.pre.asx$501             ymplayer.pre.s
          62A0  dechifer                           ymplayer.pre.s
          62A2  A$ymPlayer.pre.asx$502             ymplayer.pre.s
          62A4  A$ymPlayer.pre.asx$504             ymplayer.pre.s
          62A6  A$ymPlayer.pre.asx$505             ymplayer.pre.s
          62A8  A$ymPlayer.pre.asx$506             ymplayer.pre.s
          62AA  A$ymPlayer.pre.asx$507             ymplayer.pre.s
          62AC  A$ymPlayer.pre.asx$508             ymplayer.pre.s
          62AE  A$ymPlayer.pre.asx$509             ymplayer.pre.s
          62B0  bit_is_ready13                     ymplayer.pre.s
          62B0  A$ymPlayer.pre.asx$515             ymplayer.pre.s
          62B2  A$ymPlayer.pre.asx$517             ymplayer.pre.s
          62B4  A$ymPlayer.pre.asx$519             ymplayer.pre.s
          62B6  A$ymPlayer.pre.asx$520             ymplayer.pre.s
          62BA  A$ymPlayer.pre.asx$521             ymplayer.pre.s
          62BD  A$ymPlayer.pre.asx$522             ymplayer.pre.s
ASxxxx Linker V05.00,  page 18.
Hexidecimal  [16-Bits]
[ Bank == rom ]

Area                       Addr        Size        Decimal Bytes (Attributes)
--------------------       ----        ----        ------- ----- ------------
.text                      005E        63F0 =       25584. bytes (REL,CON,CSEG)

         Value  Global                             Global Defined In Module
         -----  --------------------------------   ------------------------
          62C0  A$ymPlayer.pre.asx$523             ymplayer.pre.s
          62C1  A$ymPlayer.pre.asx$524             ymplayer.pre.s
          62C4  A$ymPlayer.pre.asx$527             ymplayer.pre.s
          62C4  getNextCodeBit                     ymplayer.pre.s
          62C7  A$ymPlayer.pre.asx$528             ymplayer.pre.s
          62C8  A$ymPlayer.pre.asx$531             ymplayer.pre.s
          62CA  A$ymPlayer.pre.asx$532             ymplayer.pre.s
          62CC  A$ymPlayer.pre.asx$534             ymplayer.pre.s
          62CE  A$ymPlayer.pre.asx$535             ymplayer.pre.s
          62D0  A$ymPlayer.pre.asx$536             ymplayer.pre.s
          62D2  A$ymPlayer.pre.asx$537             ymplayer.pre.s
          62D4  A$ymPlayer.pre.asx$538             ymplayer.pre.s
          62D6  A$ymPlayer.pre.asx$539             ymplayer.pre.s
          62D8  bit_is_ready14                     ymplayer.pre.s
          62D8  A$ymPlayer.pre.asx$545             ymplayer.pre.s
          62DA  A$ymPlayer.pre.asx$547             ymplayer.pre.s
          62DC  A$ymPlayer.pre.asx$549             ymplayer.pre.s
          62DE  A$ymPlayer.pre.asx$550             ymplayer.pre.s
          62E1  testNextPhrase                     ymplayer.pre.s
          62E1  A$ymPlayer.pre.asx$555             ymplayer.pre.s
          62E1  code_bit_notset                    ymplayer.pre.s
          62E3  A$ymPlayer.pre.asx$556             ymplayer.pre.s
          62E5  A$ymPlayer.pre.asx$557             ymplayer.pre.s
          62E7  increaseCodeBits                   ymplayer.pre.s
          62E7  A$ymPlayer.pre.asx$561             ymplayer.pre.s
          62E9  A$ymPlayer.pre.asx$562             ymplayer.pre.s
          62EB  A$ymPlayer.pre.asx$563             ymplayer.pre.s
          62ED  A$ymPlayer.pre.asx$564             ymplayer.pre.s
          62EF  bitLenFound                        ymplayer.pre.s
          62EF  A$ymPlayer.pre.asx$572             ymplayer.pre.s
          62F1  A$ymPlayer.pre.asx$573             ymplayer.pre.s
          62F4  A$ymPlayer.pre.asx$574             ymplayer.pre.s
          62F6  A$ymPlayer.pre.asx$575             ymplayer.pre.s
          62F8  A$ymPlayer.pre.asx$576             ymplayer.pre.s
          62FA  A$ymPlayer.pre.asx$577             ymplayer.pre.s
          62FE  A$ymPlayer.pre.asx$578             ymplayer.pre.s
          6300  A$ymPlayer.pre.asx$579             ymplayer.pre.s
          6301  A$ymPlayer.pre.asx$580             ymplayer.pre.s
          6303  A$ymPlayer.pre.asx$581             ymplayer.pre.s
          6305  A$ymPlayer.pre.asx$582             ymplayer.pre.s
          6308  directByte                         ymplayer.pre.s
          6308  A$ymPlayer.pre.asx$588             ymplayer.pre.s
          630A  A$ymPlayer.pre.asx$589             ymplayer.pre.s
          630D  A$ymPlayer.pre.asx$590             ymplayer.pre.s
          630F  A$ymPlayer.pre.asx$591             ymplayer.pre.s
          6310  A$ymPlayer.pre.asx$592             ymplayer.pre.s
          6312  A$ymPlayer.pre.asx$593             ymplayer.pre.s
          6314  A$ymPlayer.pre.asx$599             ymplayer.pre.s
          6317  A$ymPlayer.pre.asx$600             ymplayer.pre.s
          6319  A$ymPlayer.pre.asx$601             ymplayer.pre.s
ASxxxx Linker V05.00,  page 19.
Hexidecimal  [16-Bits]
[ Bank == rom ]

Area                       Addr        Size        Decimal Bytes (Attributes)
--------------------       ----        ----        ------- ----- ------------
.text                      005E        63F0 =       25584. bytes (REL,CON,CSEG)

         Value  Global                             Global Defined In Module
         -----  --------------------------------   ------------------------
          631B  A$ymPlayer.pre.asx$602             ymplayer.pre.s
          631D  A$ymPlayer.pre.asx$603             ymplayer.pre.s
          631F  A$ymPlayer.pre.asx$604             ymplayer.pre.s
          6321  A$ymPlayer.pre.asx$605             ymplayer.pre.s
          6323  A$ymPlayer.pre.asx$606             ymplayer.pre.s
          6325  A$ymPlayer.pre.asx$607             ymplayer.pre.s
          6327  A$ymPlayer.pre.asx$608             ymplayer.pre.s
          6329  A$ymPlayer.pre.asx$609             ymplayer.pre.s
          632B  reg8Bits                           ymplayer.pre.s
          632B  A$ymPlayer.pre.asx$614             ymplayer.pre.s
          632D  A$ymPlayer.pre.asx$615             ymplayer.pre.s
          632F  A$ymPlayer.pre.asx$617             ymplayer.pre.s
          6331  A$ymPlayer.pre.asx$618             ymplayer.pre.s
          6333  A$ymPlayer.pre.asx$619             ymplayer.pre.s
          6335  A$ymPlayer.pre.asx$620             ymplayer.pre.s
          6337  A$ymPlayer.pre.asx$621             ymplayer.pre.s
          6339  A$ymPlayer.pre.asx$622             ymplayer.pre.s
          633B  bit_is_ready15                     ymplayer.pre.s
          633B  A$ymPlayer.pre.asx$628             ymplayer.pre.s
          633D  A$ymPlayer.pre.asx$630             ymplayer.pre.s
          633F  A$ymPlayer.pre.asx$632             ymplayer.pre.s
          6341  A$ymPlayer.pre.asx$633             ymplayer.pre.s
          6342  A$ymPlayer.pre.asx$636             ymplayer.pre.s
          6342  noBit1                             ymplayer.pre.s
          6343  A$ymPlayer.pre.asx$639             ymplayer.pre.s
          6345  A$ymPlayer.pre.asx$640             ymplayer.pre.s
          6347  A$ymPlayer.pre.asx$642             ymplayer.pre.s
          6349  A$ymPlayer.pre.asx$643             ymplayer.pre.s
          634B  A$ymPlayer.pre.asx$644             ymplayer.pre.s
          634D  A$ymPlayer.pre.asx$645             ymplayer.pre.s
          634F  A$ymPlayer.pre.asx$646             ymplayer.pre.s
          6351  A$ymPlayer.pre.asx$647             ymplayer.pre.s
          6353  bit_is_ready16                     ymplayer.pre.s
          6353  A$ymPlayer.pre.asx$653             ymplayer.pre.s
          6355  A$ymPlayer.pre.asx$655             ymplayer.pre.s
          6357  A$ymPlayer.pre.asx$657             ymplayer.pre.s
          6359  A$ymPlayer.pre.asx$658             ymplayer.pre.s
          635A  A$ymPlayer.pre.asx$661             ymplayer.pre.s
          635A  noBit2                             ymplayer.pre.s
          635B  reg6Bits                           ymplayer.pre.s
          635B  A$ymPlayer.pre.asx$666             ymplayer.pre.s
          635D  A$ymPlayer.pre.asx$667             ymplayer.pre.s
          635F  A$ymPlayer.pre.asx$669             ymplayer.pre.s
          6361  A$ymPlayer.pre.asx$670             ymplayer.pre.s
          6363  A$ymPlayer.pre.asx$671             ymplayer.pre.s
          6365  A$ymPlayer.pre.asx$672             ymplayer.pre.s
          6367  A$ymPlayer.pre.asx$673             ymplayer.pre.s
          6369  A$ymPlayer.pre.asx$674             ymplayer.pre.s
          636B  bit_is_ready17                     ymplayer.pre.s
          636B  A$ymPlayer.pre.asx$680             ymplayer.pre.s
ASxxxx Linker V05.00,  page 20.
Hexidecimal  [16-Bits]
[ Bank == rom ]

Area                       Addr        Size        Decimal Bytes (Attributes)
--------------------       ----        ----        ------- ----- ------------
.text                      005E        63F0 =       25584. bytes (REL,CON,CSEG)

         Value  Global                             Global Defined In Module
         -----  --------------------------------   ------------------------
          636D  A$ymPlayer.pre.asx$682             ymplayer.pre.s
          636F  A$ymPlayer.pre.asx$684             ymplayer.pre.s
          6371  A$ymPlayer.pre.asx$685             ymplayer.pre.s
          6372  noBit3                             ymplayer.pre.s
          6372  A$ymPlayer.pre.asx$688             ymplayer.pre.s
          6373  reg5Bits                           ymplayer.pre.s
          6373  A$ymPlayer.pre.asx$693             ymplayer.pre.s
          6375  A$ymPlayer.pre.asx$694             ymplayer.pre.s
          6377  A$ymPlayer.pre.asx$696             ymplayer.pre.s
          6379  A$ymPlayer.pre.asx$697             ymplayer.pre.s
          637B  A$ymPlayer.pre.asx$698             ymplayer.pre.s
          637D  A$ymPlayer.pre.asx$699             ymplayer.pre.s
          637F  A$ymPlayer.pre.asx$700             ymplayer.pre.s
          6381  A$ymPlayer.pre.asx$701             ymplayer.pre.s
          6383  bit_is_ready18                     ymplayer.pre.s
          6383  A$ymPlayer.pre.asx$707             ymplayer.pre.s
          6385  A$ymPlayer.pre.asx$709             ymplayer.pre.s
          6387  A$ymPlayer.pre.asx$711             ymplayer.pre.s
          6389  A$ymPlayer.pre.asx$712             ymplayer.pre.s
          638A  A$ymPlayer.pre.asx$715             ymplayer.pre.s
          638A  noBit4                             ymplayer.pre.s
          638B  reg4Bits                           ymplayer.pre.s
          638B  A$ymPlayer.pre.asx$720             ymplayer.pre.s
          638D  A$ymPlayer.pre.asx$721             ymplayer.pre.s
          638F  A$ymPlayer.pre.asx$723             ymplayer.pre.s
          6391  A$ymPlayer.pre.asx$724             ymplayer.pre.s
          6393  A$ymPlayer.pre.asx$725             ymplayer.pre.s
          6395  A$ymPlayer.pre.asx$726             ymplayer.pre.s
          6397  A$ymPlayer.pre.asx$727             ymplayer.pre.s
          6399  A$ymPlayer.pre.asx$728             ymplayer.pre.s
          639B  bit_is_ready19                     ymplayer.pre.s
          639B  A$ymPlayer.pre.asx$734             ymplayer.pre.s
          639D  A$ymPlayer.pre.asx$736             ymplayer.pre.s
          639F  A$ymPlayer.pre.asx$738             ymplayer.pre.s
          63A1  A$ymPlayer.pre.asx$739             ymplayer.pre.s
          63A2  A$ymPlayer.pre.asx$742             ymplayer.pre.s
          63A2  noBit5                             ymplayer.pre.s
          63A3  A$ymPlayer.pre.asx$745             ymplayer.pre.s
          63A5  A$ymPlayer.pre.asx$746             ymplayer.pre.s
          63A7  A$ymPlayer.pre.asx$748             ymplayer.pre.s
          63A9  A$ymPlayer.pre.asx$749             ymplayer.pre.s
          63AB  A$ymPlayer.pre.asx$750             ymplayer.pre.s
          63AD  A$ymPlayer.pre.asx$751             ymplayer.pre.s
          63AF  A$ymPlayer.pre.asx$752             ymplayer.pre.s
          63B1  A$ymPlayer.pre.asx$753             ymplayer.pre.s
          63B3  bit_is_ready20                     ymplayer.pre.s
          63B3  A$ymPlayer.pre.asx$759             ymplayer.pre.s
          63B5  A$ymPlayer.pre.asx$761             ymplayer.pre.s
          63B7  A$ymPlayer.pre.asx$763             ymplayer.pre.s
          63B9  A$ymPlayer.pre.asx$764             ymplayer.pre.s
ASxxxx Linker V05.00,  page 21.
Hexidecimal  [16-Bits]
[ Bank == rom ]

Area                       Addr        Size        Decimal Bytes (Attributes)
--------------------       ----        ----        ------- ----- ------------
.text                      005E        63F0 =       25584. bytes (REL,CON,CSEG)

         Value  Global                             Global Defined In Module
         -----  --------------------------------   ------------------------
          63BA  A$ymPlayer.pre.asx$767             ymplayer.pre.s
          63BA  noBit6                             ymplayer.pre.s
          63BB  A$ymPlayer.pre.asx$770             ymplayer.pre.s
          63BD  A$ymPlayer.pre.asx$771             ymplayer.pre.s
          63BF  A$ymPlayer.pre.asx$773             ymplayer.pre.s
          63C1  A$ymPlayer.pre.asx$774             ymplayer.pre.s
          63C3  A$ymPlayer.pre.asx$775             ymplayer.pre.s
          63C5  A$ymPlayer.pre.asx$776             ymplayer.pre.s
          63C7  A$ymPlayer.pre.asx$777             ymplayer.pre.s
          63C9  A$ymPlayer.pre.asx$778             ymplayer.pre.s
          63CB  bit_is_ready21                     ymplayer.pre.s
          63CB  A$ymPlayer.pre.asx$784             ymplayer.pre.s
          63CD  A$ymPlayer.pre.asx$786             ymplayer.pre.s
          63CF  A$ymPlayer.pre.asx$788             ymplayer.pre.s
          63D1  A$ymPlayer.pre.asx$789             ymplayer.pre.s
          63D2  A$ymPlayer.pre.asx$792             ymplayer.pre.s
          63D2  noBit7                             ymplayer.pre.s
          63D3  A$ymPlayer.pre.asx$795             ymplayer.pre.s
          63D5  A$ymPlayer.pre.asx$796             ymplayer.pre.s
          63D7  A$ymPlayer.pre.asx$798             ymplayer.pre.s
          63D9  A$ymPlayer.pre.asx$799             ymplayer.pre.s
          63DB  A$ymPlayer.pre.asx$800             ymplayer.pre.s
          63DD  A$ymPlayer.pre.asx$801             ymplayer.pre.s
          63DF  A$ymPlayer.pre.asx$802             ymplayer.pre.s
          63E1  A$ymPlayer.pre.asx$803             ymplayer.pre.s
          63E3  bit_is_ready22                     ymplayer.pre.s
          63E3  A$ymPlayer.pre.asx$809             ymplayer.pre.s
          63E5  A$ymPlayer.pre.asx$811             ymplayer.pre.s
          63E7  A$ymPlayer.pre.asx$813             ymplayer.pre.s
          63E9  A$ymPlayer.pre.asx$814             ymplayer.pre.s
          63EA  A$ymPlayer.pre.asx$817             ymplayer.pre.s
          63EA  noBit8                             ymplayer.pre.s
          63EC  A$ymPlayer.pre.asx$818             ymplayer.pre.s
          63EF  init_ym_sound                      ymplayer.pre.s
          63EF  A$ymPlayer.pre.asx$823             ymplayer.pre.s
          63F2  A$ymPlayer.pre.asx$824             ymplayer.pre.s
          63F5  A$ymPlayer.pre.asx$825             ymplayer.pre.s
          63F8  A$ymPlayer.pre.asx$826             ymplayer.pre.s
          63FB  A$ymPlayer.pre.asx$827             ymplayer.pre.s
          63FE  A$ymPlayer.pre.asx$828             ymplayer.pre.s
          6400  A$ymPlayer.pre.asx$829             ymplayer.pre.s
          6403  A$ymPlayer.pre.asx$830             ymplayer.pre.s
          6406  A$ymPlayer.pre.asx$831             ymplayer.pre.s
          6408  A$ymPlayer.pre.asx$834             ymplayer.pre.s
          6408  nreg_init                          ymplayer.pre.s
          640B  A$ymPlayer.pre.asx$835             ymplayer.pre.s
          640D  A$ymPlayer.pre.asx$836             ymplayer.pre.s
          6410  A$ymPlayer.pre.asx$837             ymplayer.pre.s
          6413  A$ymPlayer.pre.asx$838             ymplayer.pre.s
          6416  A$ymPlayer.pre.asx$839             ymplayer.pre.s
ASxxxx Linker V05.00,  page 22.
Hexidecimal  [16-Bits]
[ Bank == rom ]

Area                       Addr        Size        Decimal Bytes (Attributes)
--------------------       ----        ----        ------- ----- ------------
.text                      005E        63F0 =       25584. bytes (REL,CON,CSEG)

         Value  Global                             Global Defined In Module
         -----  --------------------------------   ------------------------
          6419  A$ymPlayer.pre.asx$840             ymplayer.pre.s
          641C  A$ymPlayer.pre.asx$841             ymplayer.pre.s
          641F  A$ymPlayer.pre.asx$842             ymplayer.pre.s
          6422  A$ymPlayer.pre.asx$843             ymplayer.pre.s
          6424  A$ymPlayer.pre.asx$844             ymplayer.pre.s
          6426  regInitDone                        ymplayer.pre.s
          6426  A$ymPlayer.pre.asx$847             ymplayer.pre.s
          6429  A$ymPlayer.pre.asx$848             ymplayer.pre.s
          642A  __Intensity_a                      vec_rum_14_05_Intensity_a.c
          642F  __Do_Sound                         vec_rum_12_06_Do_Sound.c
          6436  __Print_Str_d                      vec_rum_05_02_03_Print_Str_d
          6449  __Moveto_d                         vec_rum_13_07_Moveto_d.c

ASxxxx Linker V05.00,  page 23.
Hexidecimal  [16-Bits]
[ Bank == ram ]

Area                       Addr        Size        Decimal Bytes (Attributes)
--------------------       ----        ----        ------- ----- ------------
.data                      C880        0001 =           1. bytes (REL,CON,CSEG)

         Value  Global                             Global Defined In Module
         -----  --------------------------------   ------------------------
          C880  _exitText                          main.enr.c

ASxxxx Linker V05.00,  page 24.
Hexidecimal  [16-Bits]
[ Bank == ram ]

Area                       Addr        Size        Decimal Bytes (Attributes)
--------------------       ----        ----        ------- ----- ------------
.bss                       C881        00F1 =         241. bytes (REL,CON,CSEG)

         Value  Global                             Global Defined In Module
         -----  --------------------------------   ------------------------
          C881  _cursor_x                          main.enr.c
          C882  _cursor_y                          main.enr.c
          C883  _gameState                         main.enr.c
          C884  _cregister                         ymplayer.pre.s
          C885  _temp                              ymplayer.pre.s
          C886  _temp2                             ymplayer.pre.s
          C887  _temp3                             ymplayer.pre.s
          C888  _calc_coder                        ymplayer.pre.s
          C889  _calc_bits                         ymplayer.pre.s
          C88A  _ym_len                            ymplayer.pre.s
          C88C  _ym_data_current                   ymplayer.pre.s
          C88E  _ym_name                           ymplayer.pre.s
          C890  _ym_regs_used                      ymplayer.pre.s
          C891  _ym_regs_count                     ymplayer.pre.s
          C892  _ym_data_start                     ymplayer.pre.s

ASxxxx Linker V05.00,  page 25.
Hexidecimal  [16-Bits]
[ Bank == page_c8 ]

Area                       Addr        Size        Decimal Bytes (Attributes)
--------------------       ----        ----        ------- ----- ------------
.dpc8                      C800        0080 =         128. bytes (ABS,OVR,CSEG)

         Value  Global                             Global Defined In Module
         -----  --------------------------------   ------------------------
          C800  _Vec_Snd_shadow                    vec_ram_0xc8_0.c
          C800  _Vec_Snd_Shadow                    vec_ram_0xc8_1.c
          C80F  _Vec_Btn_State                     vec_ram_0xc8_0.c
          C810  _Vec_Prev_Btns                     vec_ram_0xc8_0.c
          C811  _Vec_Buttons                       vec_ram_0xc8_0.c
          C812  _Vec_Button_1_1                    vec_ram_0xc8_0.c
          C813  _Vec_Button_1_2                    vec_ram_0xc8_0.c
          C814  _Vec_Button_1_3                    vec_ram_0xc8_0.c
          C815  _Vec_Button_1_4                    vec_ram_0xc8_0.c
          C816  _Vec_Button_2_1                    vec_ram_0xc8_0.c
          C817  _Vec_Button_2_2                    vec_ram_0xc8_0.c
          C818  _Vec_Button_2_3                    vec_ram_0xc8_0.c
          C819  _Vec_Button_2_4                    vec_ram_0xc8_0.c
          C81A  _Vec_Joy_Resltn                    vec_ram_0xc8_0.c
          C81B  _Vec_Joy_1_X                       vec_ram_0xc8_0.c
          C81C  _Vec_Joy_1_Y                       vec_ram_0xc8_0.c
          C81D  _Vec_Joy_2_X                       vec_ram_0xc8_0.c
          C81E  _Vec_Joy_2_Y                       vec_ram_0xc8_0.c
          C81F  _Vec_Joy_mux                       vec_ram_0xc8_0.c
          C81F  _Vec_Joy_Mux_1_X                   vec_ram_0xc8_1.c
          C81F  _Vec_Joy_Mux                       vec_ram_0xc8_2.c
          C820  _Vec_Joy_Mux_1_Y                   vec_ram_0xc8_1.c
          C821  _Vec_Joy_Mux_2_X                   vec_ram_0xc8_1.c
          C822  _Vec_Joy_Mux_2_Y                   vec_ram_0xc8_1.c
          C823  _Vec_Misc_Count                    vec_ram_0xc8_0.c
          C824  _Vec_0Ref_Enable                   vec_ram_0xc8_0.c
          C825  _Vec_Loop_Count                    vec_ram_0xc8_0.c
          C825  _Vec_Loop_Count_hi                 vec_ram_0xc8_1.c
          C826  _Vec_Loop_Count_lo                 vec_ram_0xc8_1.c
          C827  _Vec_Brightness                    vec_ram_0xc8_0.c
          C828  _Vec_Dot_Dwell                     vec_ram_0xc8_0.c
          C829  _Vec_Pattern                       vec_ram_0xc8_0.c
          C82A  _Vec_Text_HW                       vec_ram_0xc8_0.c
          C82A  _Vec_Text_Height                   vec_ram_0xc8_1.c
          C82B  _Vec_Text_Width                    vec_ram_0xc8_1.c
          C82C  _Vec_Str_Ptr                       vec_ram_0xc8_0.c
          C82E  _Vec_counters                      vec_ram_0xc8_0.c
          C82E  _Vec_Counter_1                     vec_ram_0xc8_1.c
          C82E  _Vec_Counters                      vec_ram_0xc8_2.c
          C82F  _Vec_Counter_2                     vec_ram_0xc8_1.c
          C830  _Vec_Counter_3                     vec_ram_0xc8_1.c
          C831  _Vec_Counter_4                     vec_ram_0xc8_1.c
          C832  _Vec_Counter_5                     vec_ram_0xc8_1.c
          C833  _Vec_Counter_6                     vec_ram_0xc8_1.c
          C834  _Vec_RiseRun_Tmp                   vec_ram_0xc8_0.c
          C836  _Vec_Angle                         vec_ram_0xc8_0.c
          C837  _Vec_Run_Index                     vec_ram_0xc8_0.c
          C839  _Vec_Rise_Index                    vec_ram_0xc8_0.c
          C839  _Vec_XXX_00                        vec_ram_0xc8_1.c
ASxxxx Linker V05.00,  page 26.
Hexidecimal  [16-Bits]
[ Bank == page_c8 ]

Area                       Addr        Size        Decimal Bytes (Attributes)
--------------------       ----        ----        ------- ----- ------------
.dpc8                      C800        0080 =         128. bytes (ABS,OVR,CSEG)

         Value  Global                             Global Defined In Module
         -----  --------------------------------   ------------------------
          C83B  _Vec_RiseRun_Len                   vec_ram_0xc8_0.c
          C83B  _Vec_XXX_01                        vec_ram_0xc8_1.c
          C83C  _Vec_XXX_02                        vec_ram_0xc8_0.c
          C83D  _Vec_Rfrsh                         vec_ram_0xc8_0.c
          C83D  _Vec_Rfrsh_lo                      vec_ram_0xc8_1.c
          C83E  _Vec_Rfrsh_hi                      vec_ram_0xc8_1.c
          C83F  _Vec_Music_Work                    vec_ram_0xc8_0.c
          C842  _Vec_Music_Wk_A                    vec_ram_0xc8_0.c
          C843  _Vec_XXX_03                        vec_ram_0xc8_0.c
          C844  _Vec_XXX_04                        vec_ram_0xc8_0.c
          C845  _Vec_Music_Wk_7                    vec_ram_0xc8_0.c
          C846  _Vec_Music_Wk_6                    vec_ram_0xc8_0.c
          C847  _Vec_Music_Wk_5                    vec_ram_0xc8_0.c
          C848  _Vec_XXX_05                        vec_ram_0xc8_0.c
          C849  _Vec_XXX_06                        vec_ram_0xc8_0.c
          C84A  _Vec_XXX_07                        vec_ram_0xc8_0.c
          C84B  _Vec_Music_Wk_1                    vec_ram_0xc8_0.c
          C84C  _Vec_XXX_08                        vec_ram_0xc8_0.c
          C84D  _Vec_Freq_Table                    vec_ram_0xc8_0.c
          C84F  _Vec_ADSR_Table                    vec_ram_0xc8_0.c
          C84F  _Vec_Max_Players                   vec_ram_0xc8_1.c
          C850  _Vec_Max_Games                     vec_ram_0xc8_1.c
          C851  _Vec_Twang_Table                   vec_ram_0xc8_0.c
          C853  _Vec_Music_Ptr                     vec_ram_0xc8_0.c
          C853  _Vec_Expl_ChanA                    vec_ram_0xc8_1.c
          C854  _Vec_Expl_Chans                    vec_ram_0xc8_1.c
          C855  _Vec_Music_Chan                    vec_ram_0xc8_0.c
          C856  _Vec_Music_Flag                    vec_ram_0xc8_0.c
          C857  _Vec_Duration                      vec_ram_0xc8_0.c
          C858  _Vec_Expl_1                        vec_ram_0xc8_0.c
          C858  _Vec_Music_Twang                   vec_ram_0xc8_1.c
          C859  _Vec_Expl_2                        vec_ram_0xc8_0.c
          C85A  _Vec_Expl_3                        vec_ram_0xc8_0.c
          C85B  _Vec_Expl_4                        vec_ram_0xc8_0.c
          C85C  _Vec_Expl_Chan                     vec_ram_0xc8_0.c
          C85D  _Vec_Expl_ChanB                    vec_ram_0xc8_0.c
          C85E  _Vec_ADSR_timers                   vec_ram_0xc8_0.c
          C85E  _Vec_ADSR_Timers                   vec_ram_0xc8_1.c
          C85E  _Vec_XXX_09                        vec_ram_0xc8_2.c
          C861  _Vec_Music_freq                    vec_ram_0xc8_0.c
          C861  _Vec_Music_Freq                    vec_ram_0xc8_1.c
          C867  _Vec_Expl_Flag                     vec_ram_0xc8_0.c
          C868  _Vec_XXX_10                        vec_ram_0xc8_0.c
          C869  _Vec_XXX_11                        vec_ram_0xc8_0.c
          C86A  _Vec_XXX_12                        vec_ram_0xc8_0.c
          C86B  _Vec_XXX_13                        vec_ram_0xc8_0.c
          C86C  _Vec_XXX_14                        vec_ram_0xc8_0.c
          C86D  _Vec_XXX_15                        vec_ram_0xc8_0.c
          C86E  _Vec_XXX_16                        vec_ram_0xc8_0.c
          C86F  _Vec_XXX_17                        vec_ram_0xc8_0.c
ASxxxx Linker V05.00,  page 27.
Hexidecimal  [16-Bits]
[ Bank == page_c8 ]

Area                       Addr        Size        Decimal Bytes (Attributes)
--------------------       ----        ----        ------- ----- ------------
.dpc8                      C800        0080 =         128. bytes (ABS,OVR,CSEG)

         Value  Global                             Global Defined In Module
[...]
          FF7A  _Vec_Music_c                       vec_rom_0xff_0.c
          FF8F  _Vec_Music_d                       vec_rom_0xff_0.c

ASxxxx Linker V05.00,  page 39.
Hexidecimal  [16-Bits]
[ Bank == page_e7 ]

Area                       Addr        Size        Decimal Bytes (Attributes)
--------------------       ----        ----        ------- ----- ------------
.0xe7                      E7B5        001E =          30. bytes (ABS,OVR,CSEG)

         Value  Global                             Global Defined In Module
         -----  --------------------------------   ------------------------
          E7B5  ___Displ8_xy                       vec_rum_0xe7.c
          E7D2  ___Displ16_xy                      vec_rum_0xe7.c

ASxxxx Linker V05.00,  page 40.
Hexidecimal  [16-Bits]
[ Bank == page_e9 ]

Area                       Addr        Size        Decimal Bytes (Attributes)
--------------------       ----        ----        ------- ----- ------------
.0xe9                      E98A        0002 =           2. bytes (ABS,OVR,CSEG)

         Value  Global                             Global Defined In Module
         -----  --------------------------------   ------------------------
          E98A  ___Ranpos                          vec_rum_0xe9.c

ASxxxx Linker V05.00,  page 41.
Hexidecimal  [16-Bits]
[ Bank == page_ea ]

Area                       Addr        Size        Decimal Bytes (Attributes)
--------------------       ----        ----        ------- ----- ------------
.0xea                      EA3E        00B3 =         179. bytes (ABS,OVR,CSEG)

         Value  Global                             Global Defined In Module
         -----  --------------------------------   ------------------------
          EA3E  ___Rnd_Cone                        vec_rum_0xea.c
          EA5D  ___Dot_y                           vec_rum_0xea.c
          EA6D  ___Dot_py                          vec_rum_0xea.c
          EA7F  ___Draw_Pack                       vec_rum_0xea.c
          EA8D  ___Draw_Pack_py                    vec_rum_0xea.c
          EAA8  ___Print_Msg                       vec_rum_0xea.c
          EAB4  ___Draw_Score                      vec_rum_0xea.c
          EACF  ___Draw_Scores                     vec_rum_0xea.c
          EAF0  ___Wait_Bound                      vec_rum_0xea.c

ASxxxx Linker V05.00,  page 42.
Hexidecimal  [16-Bits]
[ Bank == page_f0 ]

Area                       Addr        Size        Decimal Bytes (Attributes)
--------------------       ----        ----        ------- ----- ------------
.0xf0                      F000        0001 =           1. bytes (ABS,OVR,CSEG)

         Value  Global                             Global Defined In Module
         -----  --------------------------------   ------------------------
          F000  ___Reset                           vec_rum_0xf0.c

ASxxxx Linker V05.00,  page 43.
Hexidecimal  [16-Bits]
[ Bank == page_f1 ]

Area                       Addr        Size        Decimal Bytes (Attributes)
--------------------       ----        ----        ------- ----- ------------
.0xf1                      F14C        00AD =         173. bytes (ABS,OVR,CSEG)

         Value  Global                             Global Defined In Module
         -----  --------------------------------   ------------------------
          F14C  ___Init_VIA                        vec_rum_0xf1.c
          F164  ___Init_OS_RAM                     vec_rum_0xf1.c
          F18B  ___Init_OS                         vec_rum_0xf1.c
          F192  ___Wait_Recal                      vec_rum_0xf1.c
          F1AA  ___DP_to_D0                        vec_rum_0xf1.c
          F1AF  ___DP_to_C8                        vec_rum_0xf1.c
          F1B4  ___Read_Btns_Mask                  vec_rum_0xf1.c
          F1BA  ___Read_Btns                       vec_rum_0xf1.c
          F1F5  ___Joy_Analog                      vec_rum_0xf1.c
          F1F8  ___Joy_Digital                     vec_rum_0xf1.c

ASxxxx Linker V05.00,  page 44.
Hexidecimal  [16-Bits]
[ Bank == page_f2 ]

Area                       Addr        Size        Decimal Bytes (Attributes)
--------------------       ----        ----        ------- ----- ------------
.0xf2                      F256        00A7 =         167. bytes (ABS,OVR,CSEG)

         Value  Global                             Global Defined In Module
         -----  --------------------------------   ------------------------
          F256  ___Sound_Byte                      vec_rum_0xf2.c
          F259  ___Sound_Byte_x                    vec_rum_0xf2.c
          F272  ___Clear_Sound                     vec_rum_0xf2.c
          F27D  ___Sound_Bytes                     vec_rum_0xf2.c
          F284  ___Sound_Bytes_x                   vec_rum_0xf2.c
          F289  ___Do_Sound                        vec_rum_0xf2.c
          F28C  ___Do_Sound_x                      vec_rum_0xf2.c
          F29D  ___Intensity_1F                    vec_rum_0xf2.c
          F2A1  ___Intensity_3F                    vec_rum_0xf2.c
          F2A5  ___Intensity_5F                    vec_rum_0xf2.c
          F2A9  ___Intensity_7F                    vec_rum_0xf2.c
          F2AB  ___Intensity_a                     vec_rum_0xf2.c
          F2BE  ___Dot_ix_b                        vec_rum_0xf2.c
          F2C1  ___Dot_ix                          vec_rum_0xf2.c
          F2C3  ___Dot_d                           vec_rum_0xf2.c
          F2C5  ___Dot_here                        vec_rum_0xf2.c
          F2D5  ___Dot_List                        vec_rum_0xf2.c
          F2DE  ___Dot_List_Reset                  vec_rum_0xf2.c
          F2E6  ___Recalibrate                     vec_rum_0xf2.c
          F2F2  ___Moveto_x_7F                     vec_rum_0xf2.c
          F2FC  ___Moveto_d_7F                     vec_rum_0xf2.c

ASxxxx Linker V05.00,  page 45.
Hexidecimal  [16-Bits]
[ Bank == page_f3 ]

Area                       Addr        Size        Decimal Bytes (Attributes)
--------------------       ----        ----        ------- ----- ------------
.0xf3                      F308        00D8 =         216. bytes (ABS,OVR,CSEG)

         Value  Global                             Global Defined In Module
         -----  --------------------------------   ------------------------
          F308  ___Moveto_ix_FF                    vec_rum_0xf3.c
          F30C  ___Moveto_ix_7F                    vec_rum_0xf3.c
          F30E  ___Moveto_ix_b                     vec_rum_0xf3.c
          F310  ___Moveto_ix                       vec_rum_0xf3.c
          F312  ___Moveto_d                        vec_rum_0xf3.c
          F34A  ___Reset0Ref_D0                    vec_rum_0xf3.c
          F34F  ___Check0Ref                       vec_rum_0xf3.c
          F354  ___Reset0Ref                       vec_rum_0xf3.c
          F35B  ___Reset_Pen                       vec_rum_0xf3.c
          F36B  ___Reset0Int                       vec_rum_0xf3.c
          F373  ___Print_Str_hwyx                  vec_rum_0xf3.c
          F378  ___Print_Str_yx                    vec_rum_0xf3.c
          F37A  ___Print_Str_d                     vec_rum_0xf3.c
          F385  ___Print_List_hw                   vec_rum_0xf3.c
          F38A  ___Print_List                      vec_rum_0xf3.c
          F38C  ___Print_List_chk                  vec_rum_0xf3.c
          F391  ___Print_Ships_x                   vec_rum_0xf3.c
          F393  ___Print_Ships                     vec_rum_0xf3.c
          F3AD  ___Mov_Draw_VLc_a                  vec_rum_0xf3.c
          F3B1  ___Mov_Draw_VL_b                   vec_rum_0xf3.c
          F3B5  ___Mov_Draw_VLcs                   vec_rum_0xf3.c
          F3B7  ___Mov_Draw_VL_ab                  vec_rum_0xf3.c
          F3B9  ___Mov_Draw_VL_a                   vec_rum_0xf3.c
          F3BC  ___Mov_Draw_VL                     vec_rum_0xf3.c
          F3BE  ___Mov_Draw_VL_d                   vec_rum_0xf3.c
          F3CE  ___Draw_VLc                        vec_rum_0xf3.c
          F3D2  ___Draw_VL_b                       vec_rum_0xf3.c
          F3D6  ___Draw_VLcs                       vec_rum_0xf3.c
          F3D8  ___Draw_VL_ab                      vec_rum_0xf3.c
          F3DA  ___Draw_VL_a                       vec_rum_0xf3.c
          F3DD  ___Draw_VL                         vec_rum_0xf3.c
          F3DF  ___Draw_Line_d                     vec_rum_0xf3.c
ASxxxx Linker V05.00,  page 46.
Hexidecimal  [16-Bits]
[ Bank == page_f4 ]

Area                       Addr        Size        Decimal Bytes (Attributes)
--------------------       ----        ----        ------- ----- ------------
.0xf4                      F404        0095 =         149. bytes (ABS,OVR,CSEG)

         Value  Global                             Global Defined In Module
         -----  --------------------------------   ------------------------
          F404  ___Draw_VLp_FF                     vec_rum_0xf4.c
          F408  ___Draw_VLp_7F                     vec_rum_0xf4.c
          F40C  ___Draw_VLp_scale                  vec_rum_0xf4.c
          F40E  ___Draw_VLp_b                      vec_rum_0xf4.c
          F410  ___Draw_VLp                        vec_rum_0xf4.c
          F433  ___Draw_Pat_VL_aa                  vec_rum_0xf4.c
          F434  ___Draw_Pat_VL_a                   vec_rum_0xf4.c
          F437  ___Draw_Pat_VL                     vec_rum_0xf4.c
          F439  ___Draw_Pat_VL_d                   vec_rum_0xf4.c
          F46E  ___Draw_VL_mode                    vec_rum_0xf4.c
          F495  ___Print_Str                       vec_rum_0xf4.c
          F498  ___Print_MRast                     vec_rum_0xf4.c
ASxxxx Linker V05.00,  page 47.
Hexidecimal  [16-Bits]
[ Bank == page_f5 ]

Area                       Addr        Size        Decimal Bytes (Attributes)
--------------------       ----        ----        ------- ----- ------------
.0xf5                      F511        00EF =         239. bytes (ABS,OVR,CSEG)

         Value  Global                             Global Defined In Module
         -----  --------------------------------   ------------------------
          F511  ___Random_3                        vec_rum_0xf5.c
          F517  ___Random                          vec_rum_0xf5.c
          F533  ___Init_Music_Buf                  vec_rum_0xf5.c
          F53F  ___Clear_x_b                       vec_rum_0xf5.c
          F542  ___Clear_C8_RAM                    vec_rum_0xf5.c
          F545  ___Clear_x_256                     vec_rum_0xf5.c
          F548  ___Clear_x_d                       vec_rum_0xf5.c
          F550  ___Clear_x_b_80                    vec_rum_0xf5.c
          F552  ___Clear_x_b_a                     vec_rum_0xf5.c
          F55A  ___Dec_3_Counters                  vec_rum_0xf5.c
          F55E  ___Dec_6_Counters                  vec_rum_0xf5.c
          F563  ___Dec_Counters                    vec_rum_0xf5.c
          F56D  ___Delay_3                         vec_rum_0xf5.c
          F571  ___Delay_2                         vec_rum_0xf5.c
          F575  ___Delay_1                         vec_rum_0xf5.c
          F579  ___Delay_0                         vec_rum_0xf5.c
          F57A  ___Delay_b                         vec_rum_0xf5.c
          F57D  ___Delay_RTS                       vec_rum_0xf5.c
          F57E  ___Bitmask_a                       vec_rum_0xf5.c
          F584  ___Abs_a_b                         vec_rum_0xf5.c
          F58B  ___Abs_b                           vec_rum_0xf5.c
          F593  ___Rise_Run_Angle                  vec_rum_0xf5.c
          F5D9  ___Get_Rise_Idx                    vec_rum_0xf5.c
          F5DB  ___Xform_Sin                       vec_rum_0xf5.c
          F5EF  ___Get_Rise_Run                    vec_rum_0xf5.c
          F5FF  ___Rise_Run_X                      vec_rum_0xf5.c

ASxxxx Linker V05.00,  page 48.
Hexidecimal  [16-Bits]
[ Bank == page_f6 ]

Area                       Addr        Size        Decimal Bytes (Attributes)
--------------------       ----        ----        ------- ----- ------------
.0xf6                      F601        0092 =         146. bytes (ABS,OVR,CSEG)

         Value  Global                             Global Defined In Module
         -----  --------------------------------   ------------------------
          F601  ___Rise_Run_Y                      vec_rum_0xf6.c
          F603  ___Rise_Run_Len                    vec_rum_0xf6.c
          F610  ___Rot_VL_ab                       vec_rum_0xf6.c
          F613  ___Rot_VL_Diff                     vec_rum_0xf6.c
          F616  ___Rot_VL                          vec_rum_0xf6.c
          F61F  ___Rot_VL_Mode                     vec_rum_0xf6.c
          F622  ___Rot_VL_Pack                     vec_rum_0xf6.c
          F62B  ___Rot_VL_M_dft                    vec_rum_0xf6.c
          F65B  ___Xform_Run_a                     vec_rum_0xf6.c
          F65D  ___Xform_Run                       vec_rum_0xf6.c
          F661  ___Xform_Rise_a                    vec_rum_0xf6.c
          F663  ___Xform_Rise                      vec_rum_0xf6.c
          F67F  ___Move_Mem_a_1                    vec_rum_0xf6.c
          F683  ___Move_Mem_a                      vec_rum_0xf6.c
          F687  ___Init_Music_chk                  vec_rum_0xf6.c
          F68D  ___Init_Music                      vec_rum_0xf6.c
          F690  ___Init_Music_a                    vec_rum_0xf6.c
          F692  ___Init_Music_x                    vec_rum_0xf6.c

ASxxxx Linker V05.00,  page 49.
Hexidecimal  [16-Bits]
[ Bank == page_f7 ]

Area                       Addr        Size        Decimal Bytes (Attributes)
--------------------       ----        ----        ------- ----- ------------
.0xf7                      F742        0068 =         104. bytes (ABS,OVR,CSEG)

         Value  Global                             Global Defined In Module
         -----  --------------------------------   ------------------------
          F742  ___Stop_Sound                      vec_rum_0xf7.c
          F7A9  ___Select_Game                     vec_rum_0xf7.c

ASxxxx Linker V05.00,  page 50.
Hexidecimal  [16-Bits]
[ Bank == page_f8 ]

Area                       Addr        Size        Decimal Bytes (Attributes)
--------------------       ----        ----        ------- ----- ------------
.0xf8                      F835        00CB =         203. bytes (ABS,OVR,CSEG)

         Value  Global                             Global Defined In Module
         -----  --------------------------------   ------------------------
          F835  ___Display_Option                  vec_rum_0xf8.c
          F84F  ___Clear_Score                     vec_rum_0xf8.c
          F85E  ___Add_Score_a                     vec_rum_0xf8.c
          F87C  ___Add_Score_d                     vec_rum_0xf8.c
          F8B7  ___Strip_Zeros                     vec_rum_0xf8.c
          F8C7  ___Compare_Score                   vec_rum_0xf8.c
          F8D8  ___New_High_Score                  vec_rum_0xf8.c
          F8E5  ___Obj_Will_Hit_u                  vec_rum_0xf8.c
          F8F3  ___Obj_Will_Hit                    vec_rum_0xf8.c
          F8FF  ___Obj_Hit                         vec_rum_0xf8.c

ASxxxx Linker V05.00,  page 51.
Hexidecimal  [16-Bits]
[ Bank == page_f9 ]

Area                       Addr        Size        Decimal Bytes (Attributes)
--------------------       ----        ----        ------- ----- ------------
.0xf9                      F92E        009D =         157. bytes (ABS,OVR,CSEG)

         Value  Global                             Global Defined In Module
         -----  --------------------------------   ------------------------
          F92E  ___Explosion_Snd                   vec_rum_0xf9.c
          F9CA  ___Set_Amp                         vec_rum_0xf9.c

ASxxxx Linker V05.00,  page 52.
Hexidecimal  [16-Bits]
[ Bank == page_ffx ]

Area                       Addr        Size        Decimal Bytes (Attributes)
--------------------       ----        ----        ------- ----- ------------
.0xffx                     FF9F        0001 =           1. bytes (ABS,OVR,CSEG)

         Value  Global                             Global Defined In Module
         -----  --------------------------------   ------------------------
          FF9F  ___Draw_Grid_VL                    vec_rum_0xff.c

ASxxxx Linker V05.00,  page 53.

Files Linked                              [ module(s) ]

C:\Vectrex\Vide2.6_RC03.w64\Vide.w64\C\P  [ crt0.c ]
C:\Vectrex\WorkFolder\VectrexTest\Fallou  [ anbass ]
C:\Vectrex\WorkFolder\VectrexTest\Fallou  [ cartridge.enr.c ]
C:\Vectrex\WorkFolder\VectrexTest\Fallou  [ main.enr.c ]
C:\Vectrex\WorkFolder\VectrexTest\Fallou  [ song_025 ]
C:\Vectrex\WorkFolder\VectrexTest\Fallou  [ wolfch1 ]
C:\Vectrex\WorkFolder\VectrexTest\Fallou  [ ymplayer.pre.s ]
C:\Vectrex\Vide2.6_RC03.w64\Vide.w64\C\P  [ vec_ram_0xc8_0.c ]
C:\Vectrex\Vide2.6_RC03.w64\Vide.w64\C\P  [ vec_ram_0xc8_1.c ]
C:\Vectrex\Vide2.6_RC03.w64\Vide.w64\C\P  [ vec_ram_0xc8_2.c ]
C:\Vectrex\Vide2.6_RC03.w64\Vide.w64\C\P  [ vec_ram_0xcb_0.c ]
C:\Vectrex\Vide2.6_RC03.w64\Vide.w64\C\P  [ vec_ram_0xcb_1.c ]
C:\Vectrex\Vide2.6_RC03.w64\Vide.w64\C\P  [ vec_ram_0xcb_2.c ]
C:\Vectrex\Vide2.6_RC03.w64\Vide.w64\C\P  [ vec_ram_0xcb_3.c ]
C:\Vectrex\Vide2.6_RC03.w64\Vide.w64\C\P  [ vec_ram_0xd0_0.c ]
C:\Vectrex\Vide2.6_RC03.w64\Vide.w64\C\P  [ vec_ram_0xd0_1.c ]
C:\Vectrex\Vide2.6_RC03.w64\Vide.w64\C\P  [ vec_ram_dpc8_0.c ]
C:\Vectrex\Vide2.6_RC03.w64\Vide.w64\C\P  [ vec_ram_dpc8_1.c ]
C:\Vectrex\Vide2.6_RC03.w64\Vide.w64\C\P  [ vec_ram_dpc8_2.c ]
C:\Vectrex\Vide2.6_RC03.w64\Vide.w64\C\P  [ vec_ram_dpcb_0.c ]
C:\Vectrex\Vide2.6_RC03.w64\Vide.w64\C\P  [ vec_ram_dpcb_1.c ]
C:\Vectrex\Vide2.6_RC03.w64\Vide.w64\C\P  [ vec_ram_dpcb_2.c ]
C:\Vectrex\Vide2.6_RC03.w64\Vide.w64\C\P  [ vec_ram_dpcb_3.c ]
C:\Vectrex\Vide2.6_RC03.w64\Vide.w64\C\P  [ vec_ram_dpd0_0.c ]
C:\Vectrex\Vide2.6_RC03.w64\Vide.w64\C\P  [ vec_ram_dpd0_1.c ]
C:\Vectrex\Vide2.6_RC03.w64\Vide.w64\C\P  [ vec_rom_0xed_0.c ]
C:\Vectrex\Vide2.6_RC03.w64\Vide.w64\C\P  [ vec_rom_0xfc_0.c ]
C:\Vectrex\Vide2.6_RC03.w64\Vide.w64\C\P  [ vec_rom_0xfd_0.c ]
C:\Vectrex\Vide2.6_RC03.w64\Vide.w64\C\P  [ vec_rom_0xfe_0.c ]
C:\Vectrex\Vide2.6_RC03.w64\Vide.w64\C\P  [ vec_rom_0xfe_1.c ]
C:\Vectrex\Vide2.6_RC03.w64\Vide.w64\C\P  [ vec_rom_0xff_0.c ]
C:\Vectrex\Vide2.6_RC03.w64\Vide.w64\C\P  [ vec_rom_dped_0.c ]
C:\Vectrex\Vide2.6_RC03.w64\Vide.w64\C\P  [ vec_rom_dpfc_0.c ]
C:\Vectrex\Vide2.6_RC03.w64\Vide.w64\C\P  [ vec_rom_dpfd_0.c ]
C:\Vectrex\Vide2.6_RC03.w64\Vide.w64\C\P  [ vec_rom_dpfe_0.c ]
C:\Vectrex\Vide2.6_RC03.w64\Vide.w64\C\P  [ vec_rom_dpfe_1.c ]
C:\Vectrex\Vide2.6_RC03.w64\Vide.w64\C\P  [ vec_rom_dpff_0.c ]
C:\Vectrex\Vide2.6_RC03.w64\Vide.w64\C\P  [ vec_rum_0xe7.c ]
C:\Vectrex\Vide2.6_RC03.w64\Vide.w64\C\P  [ vec_rum_0xe9.c ]
C:\Vectrex\Vide2.6_RC03.w64\Vide.w64\C\P  [ vec_rum_0xea.c ]
C:\Vectrex\Vide2.6_RC03.w64\Vide.w64\C\P  [ vec_rum_0xf0.c ]
C:\Vectrex\Vide2.6_RC03.w64\Vide.w64\C\P  [ vec_rum_0xf1.c ]
C:\Vectrex\Vide2.6_RC03.w64\Vide.w64\C\P  [ vec_rum_0xf2.c ]
C:\Vectrex\Vide2.6_RC03.w64\Vide.w64\C\P  [ vec_rum_0xf3.c ]
C:\Vectrex\Vide2.6_RC03.w64\Vide.w64\C\P  [ vec_rum_0xf4.c ]
C:\Vectrex\Vide2.6_RC03.w64\Vide.w64\C\P  [ vec_rum_0xf5.c ]
C:\Vectrex\Vide2.6_RC03.w64\Vide.w64\C\P  [ vec_rum_0xf6.c ]
C:\Vectrex\Vide2.6_RC03.w64\Vide.w64\C\P  [ vec_rum_0xf7.c ]
C:\Vectrex\Vide2.6_RC03.w64\Vide.w64\C\P  [ vec_rum_0xf8.c ]
C:\Vectrex\Vide2.6_RC03.w64\Vide.w64\C\P  [ vec_rum_0xf9.c ]
C:\Vectrex\Vide2.6_RC03.w64\Vide.w64\C\P  [ vec_rum_0xff.c ]


Libraries Linked                          [ object file ]

C:\Vectrex\Vide2.6_RC03.w64\Vide.w64\C\P  [ ./rum/vec_rum_14_05_Intensity_a. ]
C:\Vectrex\Vide2.6_RC03.w64\Vide.w64\C\P  [ ./rum/vec_rum_12_06_Do_Sound.rel ]
C:\Vectrex\Vide2.6_RC03.w64\Vide.w64\C\P  [ ./rum/vec_rum_05_02_03_Print_Str ]
C:\Vectrex\Vide2.6_RC03.w64\Vide.w64\C\P  [ ./rum/vec_rum_13_07_Moveto_d.rel ]


