ASxxxx Linker V05.00,  page 1.
Hexidecimal  [16-Bits]

Area                       Addr        Size        Decimal Bytes (Attributes)
--------------------       ----        ----        ------- ----- ------------
.  .ABS.                   0000        0000 =           0. bytes (ABS,OVR,CSEG)

         Value  Global                             Global Defined In Module
         -----  --------------------------------   ------------------------
          0000  l__DATA                         
          0000  l__CODE                         
          0000  s__DATA                         
          0000  s__CODE                         
          0000  l_.text.unlikely                
          0000  .__.ABS.                           crt0.c
          0000  l_.text.last                    
          0000  l_.bankswitch.data              
          0000  l_.bankswitch.code              
          0000  s_.cartridge                    
          0000  l_.text.hot                     
          0000  s_.direct                       
          0001  l_.data                         
          0001  l_.0xffx                        
          0001  l_.0xf0                         
          0002  l_.0xe9                         
          0010  l_.dpd0                         
          0016  l_.dpcb                         
          0019  l_.dped                         
          001E  l_.0xe7                         
          0021  l_.dpfc                         
          0023  s_.bootloader                   
          0023  l_.cartridge                    
          003B  l_.bootloader                   
          005E  s_.text                         
          005E  s_.bankswitch.data              
          005E  s_.bankswitch.code              
          0068  l_.0xf7                         
          007A  l_.dpff                         
          0080  l_.dpc8                         
          0092  l_.0xf6                         
          0095  l_.0xf4                         
          009D  l_.0xf9                         
          00A7  l_.0xf2                         
          00AD  l_.0xf1                         
          00B3  l_.0xea                         
          00C7  l_.dpfd                         
          00CB  l_.0xf8                         
          00D1  l_.dpfe                         
          00D8  l_.0xf3                         
          00EF  l_.0xf5                         
          0100  l_.bss                          
          0100  l_.direct                       
          6585  l_.text                         
          65E3  s_.text.unlikely                
          65E3  s_.text.last                    
          65E3  s_.text.hot                     
          C800  s_.dpc8                         
          C880  s_.data                         
          C881  s_.bss                          
ASxxxx Linker V05.00,  page 2.
Hexidecimal  [16-Bits]

Area                       Addr        Size        Decimal Bytes (Attributes)
--------------------       ----        ----        ------- ----- ------------
.  .ABS.                   0000        0000 =           0. bytes (ABS,OVR,CSEG)

         Value  Global                             Global Defined In Module
         -----  --------------------------------   ------------------------
          CBEA  s_.dpcb                         
          D000  s_.dpd0                         
          E7B5  s_.0xe7                         
          E98A  s_.0xe9                         
          EA3E  s_.0xea                         
          ED77  s_.dped                         
          F000  s_.0xf0                         
          F14C  s_.0xf1                         
          F256  s_.0xf2                         
          F308  s_.0xf3                         
          F404  s_.0xf4                         
          F511  s_.0xf5                         
          F601  s_.0xf6                         
          F742  s_.0xf7                         
          F835  s_.0xf8                         
          F92E  s_.0xf9                         
          FC6D  s_.dpfc                         
          FD0D  s_.dpfd                         
          FE28  s_.dpfe                         
          FF16  s_.dpff                         
          FF9F  s_.0xffx                        

ASxxxx Linker V05.00,  page 3.
Hexidecimal  [16-Bits]
[ Bank == rom ]

Area                       Addr        Size        Decimal Bytes (Attributes)
--------------------       ----        ----        ------- ----- ------------
.cartridge                 0000        0023 =          35. bytes (REL,CON,CSEG)

         Value  Global                             Global Defined In Module
         -----  --------------------------------   ------------------------
          0000  _game_header                       cartridge.enr.c

ASxxxx Linker V05.00,  page 4.
Hexidecimal  [16-Bits]
[ Bank == rom ]

Area                       Addr        Size        Decimal Bytes (Attributes)
--------------------       ----        ----        ------- ----- ------------
.bootloader                0023        003B =          59. bytes (REL,CON,CSEG)

         Value  Global                             Global Defined In Module
         -----  --------------------------------   ------------------------
          0023  A$crt0$58                          crt0.c
          0026  A$crt0$59                          crt0.c
          002A  A$crt0$60                          crt0.c
          002E  A$crt0$61                          crt0.c
          0032  A$crt0$62                          crt0.c
          0036  A$crt0$63                          crt0.c
          0039  A$crt0$64                          crt0.c
          003B  A$crt0$66                          crt0.c
          003D  A$crt0$67                          crt0.c
          003F  A$crt0$68                          crt0.c
          0041  A$crt0$69                          crt0.c
          0043  A$crt0$71                          crt0.c
          0047  A$crt0$72                          crt0.c
          004A  A$crt0$73                          crt0.c
          004C  A$crt0$75                          crt0.c
          004E  A$crt0$76                          crt0.c
          0050  A$crt0$77                          crt0.c
          0052  A$crt0$79                          crt0.c
          0055  A$crt0$80                          crt0.c
          0056  A$crt0$81                          crt0.c
          0058  A$crt0$82                          crt0.c
          005B  A$crt0$84                          crt0.c

ASxxxx Linker V05.00,  page 5.
Hexidecimal  [16-Bits]
[ Bank == rom ]

Area                       Addr        Size        Decimal Bytes (Attributes)
--------------------       ----        ----        ------- ----- ------------
.text                      005E        6585 =       25989. bytes (REL,CON,CSEG)

         Value  Global                             Global Defined In Module
         -----  --------------------------------   ------------------------
          005E  _ANbass_start                      anbass
          0060  _ANbass_reg_0                      anbass
          0069  _ANbass_pd_0                       anbass
          0078  _ANbass_reg_0_data                 anbass
          0178  _ANbass_reg_1                      anbass
          017E  _ANbass_pd_1                       anbass
          018A  _ANbass_reg_1_data                 anbass
          0276  _ANbass_reg_2                      anbass
          02F4  _ANbass_pd_2                       anbass
          0431  _ANbass_reg_2_data                 anbass
          0837  _ANbass_reg_3                      anbass
          0843  _ANbass_pd_3                       anbass
          0861  _ANbass_reg_3_data                 anbass
          0A1E  _ANbass_reg_4                      anbass
          0A60  _ANbass_pd_4                       anbass
          0AE4  _ANbass_reg_4_data                 anbass
          1103  _ANbass_reg_5                      anbass
          110F  _ANbass_pd_5                       anbass
          1124  _ANbass_reg_5_data                 anbass
          11E7  _ANbass_reg_6                      anbass
          11ED  _ANbass_pd_6                       anbass
          11FF  _ANbass_reg_6_data                 anbass
          1350  _ANbass_reg_7                      anbass
          1356  _ANbass_pd_7                       anbass
          1362  _ANbass_reg_7_data                 anbass
          145F  _ANbass_reg_8                      anbass
          1468  _ANbass_pd_8                       anbass
          147A  _ANbass_reg_8_data                 anbass
          15E8  _ANbass_reg_9                      anbass
          15F4  _ANbass_pd_9                       anbass
          1624  _ANbass_reg_9_data                 anbass
          170E  _ANbass_reg_10                     anbass
          171D  _ANbass_pd_10                      anbass
          174D  _ANbass_reg_10_data                anbass
          184C  _ANbass_data                       anbass
          189C  _ANbass_name                       anbass
          18AE  _MousePointer                      main.enr.c
          18B9  _setup                             main.enr.c
          18B9  A$main$55                          main.enr.c
          18BC  A$main$60                          main.enr.c
          18BF  A$main$65                          main.enr.c
          18C2  A$main$70                          main.enr.c
          18C5  A$main$75                          main.enr.c
          18C8  A$main$80                          main.enr.c
          18CB  A$main$81                          main.enr.c
          18CC  A$main$83                          main.enr.c
          18CF  A$main$84                          main.enr.c
          18D0  A$main$86                          main.enr.c
          18D3  A$main$87                          main.enr.c
ASxxxx Linker V05.00,  page 6.
Hexidecimal  [16-Bits]
[ Bank == rom ]

Area                       Addr        Size        Decimal Bytes (Attributes)
--------------------       ----        ----        ------- ----- ------------
.text                      005E        6585 =       25989. bytes (REL,CON,CSEG)

         Value  Global                             Global Defined In Module
         -----  --------------------------------   ------------------------
          18D4  A$main$89                          main.enr.c
          18D6  A$main$90                          main.enr.c
          18D9  A$main$91                          main.enr.c
          18DA  A$main$93                          main.enr.c
          18DC  A$main$94                          main.enr.c
          18DF  A$main$95                          main.enr.c
          1951  A$main$122                         main.enr.c
          1951  _mainMenu                          main.enr.c
          1953  A$main$123                         main.enr.c
          1955  A$main$124                         main.enr.c
          1958  A$main$125                         main.enr.c
          195A  A$main$126                         main.enr.c
          195D  A$main$127                         main.enr.c
          195F  A$main$132                         main.enr.c
          1961  A$main$133                         main.enr.c
          1963  A$main$134                         main.enr.c
          1966  A$main$135                         main.enr.c
          1968  A$main$136                         main.enr.c
          196B  A$main$137                         main.enr.c
          196D  A$main$142                         main.enr.c
          196F  A$main$143                         main.enr.c
          1971  A$main$144                         main.enr.c
          1974  A$main$145                         main.enr.c
          1976  A$main$146                         main.enr.c
          1979  A$main$147                         main.enr.c
          197B  A$main$152                         main.enr.c
          197D  A$main$153                         main.enr.c
          197F  A$main$154                         main.enr.c
          1982  A$main$155                         main.enr.c
          1984  A$main$156                         main.enr.c
          1987  A$main$157                         main.enr.c
          1989  A$main$162                         main.enr.c
          198B  A$main$163                         main.enr.c
          198D  A$main$164                         main.enr.c
          1990  A$main$165                         main.enr.c
          1992  A$main$166                         main.enr.c
          1995  A$main$167                         main.enr.c
          1997  A$main$172                         main.enr.c
          199A  A$main$173                         main.enr.c
          199C  A$main$174                         main.enr.c
          199D  A$main$175                         main.enr.c
          199F  A$main$180                         main.enr.c
          19A1  A$main$181                         main.enr.c
          19A4  A$main$182                         main.enr.c
          19A6  A$main$184                         main.enr.c
          19A9  A$main$185                         main.enr.c
          19AB  A$main$186                         main.enr.c
          19AC  A$main$187                         main.enr.c
          19AE  A$main$192                         main.enr.c
          19B0  A$main$193                         main.enr.c
ASxxxx Linker V05.00,  page 7.
Hexidecimal  [16-Bits]
[ Bank == rom ]

Area                       Addr        Size        Decimal Bytes (Attributes)
--------------------       ----        ----        ------- ----- ------------
.text                      005E        6585 =       25989. bytes (REL,CON,CSEG)

         Value  Global                             Global Defined In Module
         -----  --------------------------------   ------------------------
          19B3  A$main$194                         main.enr.c
          19B5  A$main$196                         main.enr.c
          19B8  A$main$197                         main.enr.c
          19BA  A$main$198                         main.enr.c
          19BB  A$main$199                         main.enr.c
          19BD  A$main$204                         main.enr.c
          19BF  A$main$205                         main.enr.c
          19C2  A$main$206                         main.enr.c
          19C4  A$main$208                         main.enr.c
          19C7  A$main$209                         main.enr.c
          19C9  A$main$210                         main.enr.c
          19CA  A$main$211                         main.enr.c
          19CC  A$main$216                         main.enr.c
          19CE  A$main$217                         main.enr.c
          19D1  A$main$219                         main.enr.c
          19D2  A$main$226                         main.enr.c
          19D2  _moveCursor                        main.enr.c
          19D5  A$main$227                         main.enr.c
          19D6  A$main$228                         main.enr.c
          19D8  A$main$233                         main.enr.c
          19DB  A$main$234                         main.enr.c
          19DD  A$main$235                         main.enr.c
          19E0  A$main$236                         main.enr.c
          19E2  A$main$238                         main.enr.c
          19E5  A$main$239                         main.enr.c
          19E6  A$main$240                         main.enr.c
          19E8  A$main$245                         main.enr.c
          19EB  A$main$246                         main.enr.c
          19ED  A$main$247                         main.enr.c
          19F0  A$main$253                         main.enr.c
          19F3  A$main$254                         main.enr.c
          19F4  A$main$255                         main.enr.c
          19F6  A$main$260                         main.enr.c
          19F9  A$main$261                         main.enr.c
          19FB  A$main$262                         main.enr.c
          19FE  A$main$263                         main.enr.c
          1A00  A$main$265                         main.enr.c
          1A03  A$main$266                         main.enr.c
          1A04  A$main$267                         main.enr.c
          1A06  A$main$272                         main.enr.c
          1A09  A$main$273                         main.enr.c
          1A0B  A$main$274                         main.enr.c
          1A0E  A$main$280                         main.enr.c
          1A11  A$main$281                         main.enr.c
          1A13  A$main$282                         main.enr.c
          1A15  A$main$283                         main.enr.c
          1A17  A$main$284                         main.enr.c
          1A1A  A$main$290                         main.enr.c
          1A1D  A$main$291                         main.enr.c
          1A1F  A$main$292                         main.enr.c
ASxxxx Linker V05.00,  page 8.
Hexidecimal  [16-Bits]
[ Bank == rom ]

Area                       Addr        Size        Decimal Bytes (Attributes)
--------------------       ----        ----        ------- ----- ------------
.text                      005E        6585 =       25989. bytes (REL,CON,CSEG)

         Value  Global                             Global Defined In Module
         -----  --------------------------------   ------------------------
          1A21  A$main$293                         main.enr.c
          1A23  A$main$294                         main.enr.c
          1A26  A$main$300                         main.enr.c
          1A29  A$main$301                         main.enr.c
          1A2B  A$main$302                         main.enr.c
          1A2D  A$main$303                         main.enr.c
          1A2F  A$main$304                         main.enr.c
          1A32  A$main$310                         main.enr.c
          1A35  A$main$311                         main.enr.c
          1A37  A$main$312                         main.enr.c
          1A39  A$main$313                         main.enr.c
          1A3B  A$main$314                         main.enr.c
          1A3E  A$main$320                         main.enr.c
          1A41  A$main$321                         main.enr.c
          1A42  A$main$323                         main.enr.c
          1A45  A$main$324                         main.enr.c
          1A46  A$main$326                         main.enr.c
          1A49  A$main$327                         main.enr.c
          1AAE  A$main$353                         main.enr.c
          1AAE  _renderRepairGameText              main.enr.c
          1AB0  A$main$354                         main.enr.c
          1AB2  A$main$355                         main.enr.c
          1AB5  A$main$356                         main.enr.c
          1AB7  A$main$357                         main.enr.c
          1ABA  A$main$358                         main.enr.c
          1ABC  A$main$363                         main.enr.c
          1ABE  A$main$364                         main.enr.c
          1AC0  A$main$365                         main.enr.c
          1AC3  A$main$366                         main.enr.c
          1AC5  A$main$367                         main.enr.c
          1AC8  A$main$368                         main.enr.c
          1ACA  A$main$373                         main.enr.c
          1ACC  A$main$374                         main.enr.c
          1ACE  A$main$375                         main.enr.c
          1AD1  A$main$376                         main.enr.c
          1AD3  A$main$377                         main.enr.c
          1AD6  A$main$378                         main.enr.c
          1AD8  A$main$383                         main.enr.c
          1ADA  A$main$384                         main.enr.c
          1ADC  A$main$385                         main.enr.c
          1ADF  A$main$386                         main.enr.c
          1AE1  A$main$387                         main.enr.c
          1AE4  A$main$388                         main.enr.c
          1AE6  A$main$389                         main.enr.c
          1AE7  _RepairIdentityGame                main.enr.c
          1AE7  A$main$392                         main.enr.c
          1AE9  A$main$397                         main.enr.c
          1AEB  A$main$398                         main.enr.c
          1AEE  A$main$403                         main.enr.c
          1AF1  A$main$404                         main.enr.c
ASxxxx Linker V05.00,  page 9.
Hexidecimal  [16-Bits]
[ Bank == rom ]

Area                       Addr        Size        Decimal Bytes (Attributes)
--------------------       ----        ----        ------- ----- ------------
.text                      005E        6585 =       25989. bytes (REL,CON,CSEG)

         Value  Global                             Global Defined In Module
         -----  --------------------------------   ------------------------
          1AF3  A$main$405                         main.enr.c
          1AF6  A$main$406                         main.enr.c
          1AF8  A$main$407                         main.enr.c
          1AFA  A$main$408                         main.enr.c
          1AFC  A$main$409                         main.enr.c
          1AFE  A$main$410                         main.enr.c
          1B00  A$main$411                         main.enr.c
          1B02  A$main$412                         main.enr.c
          1B05  A$main$413                         main.enr.c
          1B07  A$main$418                         main.enr.c
          1B09  A$main$419                         main.enr.c
          1B0C  A$main$424                         main.enr.c
          1B0F  A$main$425                         main.enr.c
          1B12  A$main$430                         main.enr.c
          1B15  A$main$435                         main.enr.c
          1B18  A$main$436                         main.enr.c
          1B1A  A$main$437                         main.enr.c
          1B64  _main                              main.enr.c
          1B64  A$main$455                         main.enr.c
          1B66  A$main$456                         main.enr.c
          1B68  A$main$461                         main.enr.c
          1B6B  A$main$466                         main.enr.c
          1B6E  A$main$471                         main.enr.c
          1B71  A$main$476                         main.enr.c
          1B74  A$main$481                         main.enr.c
          1B77  A$main$486                         main.enr.c
          1B7A  A$main$487                         main.enr.c
          1B7D  A$main$488                         main.enr.c
          1B7F  A$main$493                         main.enr.c
          1B82  A$main$494                         main.enr.c
          1B84  A$main$497                         main.enr.c
          1B86  A$main$498                         main.enr.c
          1B89  A$main$511                         main.enr.c
          1B8C  A$main$516                         main.enr.c
          1B8F  A$main$521                         main.enr.c
          1B92  A$main$526                         main.enr.c
          1B95  A$main$531                         main.enr.c
          1B97  A$main$532                         main.enr.c
          1B9A  A$main$537                         main.enr.c
          1B9D  A$main$542                         main.enr.c
          1BA0  A$main$543                         main.enr.c
          1BA2  A$main$544                         main.enr.c
          1BA4  A$main$545                         main.enr.c
          1BA6  A$main$546                         main.enr.c
          1BA8  A$main$547                         main.enr.c
          1BAA  A$main$548                         main.enr.c
          1BAB  A$main$549                         main.enr.c
          1BAD  A$main$550                         main.enr.c
          1BAF  A$main$551                         main.enr.c
          1BB0  A$main$552                         main.enr.c
ASxxxx Linker V05.00,  page 10.
Hexidecimal  [16-Bits]
[ Bank == rom ]

Area                       Addr        Size        Decimal Bytes (Attributes)
--------------------       ----        ----        ------- ----- ------------
.text                      005E        6585 =       25989. bytes (REL,CON,CSEG)

         Value  Global                             Global Defined In Module
         -----  --------------------------------   ------------------------
          1BB1  A$main$553                         main.enr.c
          1BB5  A$main$554                         main.enr.c
          1BB7  A$main$555                         main.enr.c
          1BB9  A$main$556                         main.enr.c
          1BC5  A$main$568                         main.enr.c
          1BC7  A$main$569                         main.enr.c
          1BC9  A$main$570                         main.enr.c
          1BCC  A$main$571                         main.enr.c
          1BCE  A$main$572                         main.enr.c
          1BD1  A$main$573                         main.enr.c
          1BD3  A$main$578                         main.enr.c
          1BD6  A$main$584                         main.enr.c
          1BD8  A$main$585                         main.enr.c
          1BDA  A$main$586                         main.enr.c
          1BDD  A$main$587                         main.enr.c
          1BDF  A$main$588                         main.enr.c
          1BE2  A$main$589                         main.enr.c
          1BE4  A$main$594                         main.enr.c
          1BE7  A$main$600                         main.enr.c
          1BEA  A$main$601                         main.enr.c
          1BEC  A$main$602                         main.enr.c
          1BED  A$main$603                         main.enr.c
          1BEF  A$main$604                         main.enr.c
          1BF2  A$main$605                         main.enr.c
          1BF3  A$main$606                         main.enr.c
          1BF5  A$main$611                         main.enr.c
          1BF7  A$main$612                         main.enr.c
          1BFA  A$main$613                         main.enr.c
          1BFD  A$main$615                         main.enr.c
          1C00  A$main$616                         main.enr.c
          1C01  A$main$617                         main.enr.c
          1C03  A$main$622                         main.enr.c
          1C05  A$main$623                         main.enr.c
          1C07  A$main$624                         main.enr.c
          1C0A  A$main$625                         main.enr.c
          1C0C  A$main$626                         main.enr.c
          1C0F  A$main$627                         main.enr.c
          1C11  A$main$632                         main.enr.c
          1C14  A$main$633                         main.enr.c
          1C16  A$main$634                         main.enr.c
          1C17  A$main$635                         main.enr.c
          1C19  A$main$636                         main.enr.c
          1C1C  A$main$637                         main.enr.c
          1C1E  A$main$638                         main.enr.c
          1C1F  A$main$639                         main.enr.c
          1C21  A$main$640                         main.enr.c
          1C24  A$main$641                         main.enr.c
          1C26  A$main$642                         main.enr.c
          1C27  A$main$643                         main.enr.c
          1C29  A$main$649                         main.enr.c
ASxxxx Linker V05.00,  page 11.
Hexidecimal  [16-Bits]
[ Bank == rom ]

Area                       Addr        Size        Decimal Bytes (Attributes)
--------------------       ----        ----        ------- ----- ------------
.text                      005E        6585 =       25989. bytes (REL,CON,CSEG)

         Value  Global                             Global Defined In Module
         -----  --------------------------------   ------------------------
          1C2C  A$main$654                         main.enr.c
          1C2F  A$main$655                         main.enr.c
          1C31  A$main$661                         main.enr.c
          1C34  A$main$667                         main.enr.c
          1C37  A$main$673                         main.enr.c
          1C39  A$main$674                         main.enr.c
          1C3B  A$main$675                         main.enr.c
          1C3E  A$main$676                         main.enr.c
          1C40  A$main$677                         main.enr.c
          1C43  A$main$678                         main.enr.c
          1C45  A$main$683                         main.enr.c
          1C48  A$main$689                         main.enr.c
          1C4B  A$main$694                         main.enr.c
          1C4E  _Drooling_start                    song_025
          1C50  _Drooling_reg_0                    song_025
          1C6E  _Drooling_pd_0                     song_025
          1C95  _Drooling_reg_0_data               song_025
          20DA  _Drooling_reg_1                    song_025
          20E3  _Drooling_pd_1                     song_025
          20F8  _Drooling_reg_1_data               song_025
          22C8  _Drooling_reg_2                    song_025
          22EF  _Drooling_pd_2                     song_025
          2341  _Drooling_reg_2_data               song_025
          2A15  _Drooling_reg_3                    song_025
          2A30  _Drooling_pd_3                     song_025
          2A8B  _Drooling_reg_3_data               song_025
          2CD3  _Drooling_reg_4                    song_025
          2D2A  _Drooling_pd_4                     song_025
          2DC3  _Drooling_reg_4_data               song_025
          30A6  _Drooling_reg_5                    song_025
          30A9  _Drooling_pd_5                     song_025
          30AC  _Drooling_reg_5_data               song_025
          3161  _Drooling_reg_6                    song_025
          3164  _Drooling_pd_6                     song_025
          316F  _Drooling_reg_6_data               song_025
          328F  _Drooling_reg_7                    song_025
          329B  _Drooling_pd_7                     song_025
          32C6  _Drooling_reg_7_data               song_025
          3745  _Drooling_reg_8                    song_025
          3757  _Drooling_pd_8                     song_025
          377F  _Drooling_reg_8_data               song_025
          3DA0  _Drooling_reg_9                    song_025
          3DBE  _Drooling_pd_9                     song_025
          3E0C  _Drooling_reg_9_data               song_025
          3E97  _Drooling_reg_10                   song_025
          3EB5  _Drooling_pd_10                    song_025
          3EF1  _Drooling_reg_10_data              song_025
          40F5  _Drooling_data                     song_025
          4145  _Drooling_name                     song_025
          414E  _Wolfchild_start                   wolfch1
ASxxxx Linker V05.00,  page 12.
Hexidecimal  [16-Bits]
[ Bank == rom ]

Area                       Addr        Size        Decimal Bytes (Attributes)
--------------------       ----        ----        ------- ----- ------------
.text                      005E        6585 =       25989. bytes (REL,CON,CSEG)

         Value  Global                             Global Defined In Module
         -----  --------------------------------   ------------------------
          4150  _Wolfchild_reg_0                   wolfch1
          4183  _Wolfchild_pd_0                    wolfch1
          421A  _Wolfchild_reg_0_data              wolfch1
          474C  Wolfchild_reg_1                    wolfch1
          474C  Wolfchild_pd_1                     wolfch1
          474C  _Wolfchild_reg_1_data              wolfch1
          48F1  _Wolfchild_reg_2                   wolfch1
          4903  _Wolfchild_pd_2                    wolfch1
          4943  _Wolfchild_reg_2_data              wolfch1
          5025  _Wolfchild_reg_3                   wolfch1
          502E  _Wolfchild_pd_3                    wolfch1
          5056  _Wolfchild_reg_3_data              wolfch1
          519F  _Wolfchild_reg_4                   wolfch1
          5208  _Wolfchild_pd_4                    wolfch1
          53CB  _Wolfchild_reg_4_data              wolfch1
          57AB  _Wolfchild_reg_5                   wolfch1
          57AE  _Wolfchild_pd_5                    wolfch1
          57B5  _Wolfchild_reg_5_data              wolfch1
          58BB  Wolfchild_reg_6                    wolfch1
          58BB  Wolfchild_pd_6                     wolfch1
          58BB  _Wolfchild_reg_6_data              wolfch1
          58BF  _Wolfchild_reg_7                   wolfch1
          58C8  _Wolfchild_pd_7                    wolfch1
          58EA  _Wolfchild_reg_7_data              wolfch1
          5A63  _Wolfchild_reg_8                   wolfch1
          5A72  _Wolfchild_pd_8                    wolfch1
          5AA4  _Wolfchild_reg_8_data              wolfch1
          5D5A  _Wolfchild_reg_9                   wolfch1
          5D63  _Wolfchild_pd_9                    wolfch1
          5D8B  _Wolfchild_reg_9_data              wolfch1
          5E58  _Wolfchild_reg_10                  wolfch1
          5E64  _Wolfchild_pd_10                   wolfch1
          5E95  _Wolfchild_reg_10_data             wolfch1
          60E6  _Wolfchild_data                    wolfch1
          6136  _Wolfchild_name                    wolfch1
          6140  A$ayfxPlayer$48                    ayfxplayer.s
          6140  sfx_endofeffect_1                  ayfxplayer.s
          6143  A$ayfxPlayer$49                    ayfxplayer.s
          6146  A$ayfxPlayer$50                    ayfxplayer.s
          6149  A$ayfxPlayer$51                    ayfxplayer.s
          614C  A$ayfxPlayer$52                    ayfxplayer.s
          614F  A$ayfxPlayer$55                    ayfxplayer.s
          614F  noay1                              ayfxplayer.s
          6150  sfx_doframe_intern_1               ayfxplayer.s
          6150  A$ayfxPlayer$59                    ayfxplayer.s
          6153  A$ayfxPlayer$60                    ayfxplayer.s
          6155  A$ayfxPlayer$61                    ayfxplayer.s
          6158  A$ayfxPlayer$62                    ayfxplayer.s
          615A  A$ayfxPlayer$63                    ayfxplayer.s
          615C  A$ayfxPlayer$64                    ayfxplayer.s
ASxxxx Linker V05.00,  page 13.
Hexidecimal  [16-Bits]
[ Bank == rom ]

Area                       Addr        Size        Decimal Bytes (Attributes)
--------------------       ----        ----        ------- ----- ------------
.text                      005E        6585 =       25989. bytes (REL,CON,CSEG)

         Value  Global                             Global Defined In Module
         -----  --------------------------------   ------------------------
          615E  A$ayfxPlayer$65                    ayfxplayer.s
          6160  A$ayfxPlayer$66                    ayfxplayer.s
          6162  A$ayfxPlayer$67                    ayfxplayer.s
          6164  A$ayfxPlayer$70                    ayfxplayer.s
          6164  sfx_checktonefreq_1                ayfxplayer.s
          6166  A$ayfxPlayer$71                    ayfxplayer.s
          6168  A$ayfxPlayer$72                    ayfxplayer.s
          616A  A$ayfxPlayer$73                    ayfxplayer.s
          616D  A$ayfxPlayer$74                    ayfxplayer.s
          616F  sfx_checknoisefreq_1               ayfxplayer.s
          616F  A$ayfxPlayer$77                    ayfxplayer.s
          6171  A$ayfxPlayer$78                    ayfxplayer.s
          6173  A$ayfxPlayer$79                    ayfxplayer.s
          6175  A$ayfxPlayer$80                    ayfxplayer.s
          6178  sfx_checkvolume_1                  ayfxplayer.s
          6178  A$ayfxPlayer$83                    ayfxplayer.s
          617A  A$ayfxPlayer$84                    ayfxplayer.s
          617C  A$ayfxPlayer$85                    ayfxplayer.s
          617F  sfx_checktonedisable_1             ayfxplayer.s
          617F  A$ayfxPlayer$88                    ayfxplayer.s
          6182  A$ayfxPlayer$89                    ayfxplayer.s
          6184  A$ayfxPlayer$90                    ayfxplayer.s
          6186  sfx_disabletone_1                  ayfxplayer.s
          6186  A$ayfxPlayer$93                    ayfxplayer.s
          6188  A$ayfxPlayer$94                    ayfxplayer.s
          618A  A$ayfxPlayer$95                    ayfxplayer.s
          618C  A$ayfxPlayer$96                    ayfxplayer.s
          618E  A$ayfxPlayer$97                    ayfxplayer.s
          6191  A$ayfxPlayer$98                    ayfxplayer.s
          6194  A$ayfxPlayer$99                    ayfxplayer.s
          6195  A$ayfxPlayer$103                   ayfxplayer.s
          6195  sfx_enabletone_1                   ayfxplayer.s
          6197  A$ayfxPlayer$106                   ayfxplayer.s
          6197  sfx_checknoisedisable_1            ayfxplayer.s
          6199  A$ayfxPlayer$107                   ayfxplayer.s
          619B  A$ayfxPlayer$110                   ayfxplayer.s
          619B  sfx_disablenoise_1                 ayfxplayer.s
          619D  A$ayfxPlayer$111                   ayfxplayer.s
          61A0  A$ayfxPlayer$112                   ayfxplayer.s
          61A3  A$ayfxPlayer$113                   ayfxplayer.s
          61A4  sfx_enablenoise_1                  ayfxplayer.s
          61A4  A$ayfxPlayer$117                   ayfxplayer.s
          61A6  A$ayfxPlayer$118                   ayfxplayer.s
          61A9  A$ayfxPlayer$119                   ayfxplayer.s
          61AC  A$ayfxPlayer$120                   ayfxplayer.s
          61AD  A$ayfxPlayer$128                   ayfxplayer.s
          61AD  sfx_endofeffect_2                  ayfxplayer.s
          61B0  A$ayfxPlayer$129                   ayfxplayer.s
          61B3  A$ayfxPlayer$130                   ayfxplayer.s
          61B6  A$ayfxPlayer$131                   ayfxplayer.s
ASxxxx Linker V05.00,  page 14.
Hexidecimal  [16-Bits]
[ Bank == rom ]

Area                       Addr        Size        Decimal Bytes (Attributes)
--------------------       ----        ----        ------- ----- ------------
.text                      005E        6585 =       25989. bytes (REL,CON,CSEG)

         Value  Global                             Global Defined In Module
         -----  --------------------------------   ------------------------
          61B9  A$ayfxPlayer$132                   ayfxplayer.s
          61BC  A$ayfxPlayer$136                   ayfxplayer.s
          61BC  noay2                              ayfxplayer.s
          61BD  A$ayfxPlayer$142                   ayfxplayer.s
          61BD  sfx_doframe_intern_2               ayfxplayer.s
          61C0  A$ayfxPlayer$143                   ayfxplayer.s
          61C2  A$ayfxPlayer$145                   ayfxplayer.s
          61C5  A$ayfxPlayer$146                   ayfxplayer.s
          61C7  A$ayfxPlayer$147                   ayfxplayer.s
          61C9  A$ayfxPlayer$148                   ayfxplayer.s
          61CB  A$ayfxPlayer$149                   ayfxplayer.s
          61CD  A$ayfxPlayer$150                   ayfxplayer.s
          61CF  A$ayfxPlayer$151                   ayfxplayer.s
          61D1  A$ayfxPlayer$154                   ayfxplayer.s
          61D1  sfx_checktonefreq_2                ayfxplayer.s
          61D3  A$ayfxPlayer$155                   ayfxplayer.s
          61D5  A$ayfxPlayer$156                   ayfxplayer.s
          61D7  A$ayfxPlayer$157                   ayfxplayer.s
          61DA  A$ayfxPlayer$158                   ayfxplayer.s
          61DC  A$ayfxPlayer$161                   ayfxplayer.s
          61DC  sfx_checknoisefreq_2               ayfxplayer.s
          61DE  A$ayfxPlayer$162                   ayfxplayer.s
          61E0  A$ayfxPlayer$163                   ayfxplayer.s
          61E2  A$ayfxPlayer$164                   ayfxplayer.s
          61E5  A$ayfxPlayer$167                   ayfxplayer.s
          61E5  sfx_checkvolume_2                  ayfxplayer.s
          61E7  A$ayfxPlayer$168                   ayfxplayer.s
          61E9  A$ayfxPlayer$169                   ayfxplayer.s
          61EC  A$ayfxPlayer$172                   ayfxplayer.s
          61EC  sfx_checktonedisable_2             ayfxplayer.s
          61EF  A$ayfxPlayer$173                   ayfxplayer.s
          61F1  A$ayfxPlayer$174                   ayfxplayer.s
          61F3  sfx_disabletone_2                  ayfxplayer.s
          61F3  A$ayfxPlayer$177                   ayfxplayer.s
          61F5  A$ayfxPlayer$178                   ayfxplayer.s
          61F7  A$ayfxPlayer$179                   ayfxplayer.s
          61F9  A$ayfxPlayer$180                   ayfxplayer.s
          61FB  A$ayfxPlayer$181                   ayfxplayer.s
          61FE  A$ayfxPlayer$182                   ayfxplayer.s
          6201  A$ayfxPlayer$183                   ayfxplayer.s
          6202  A$ayfxPlayer$187                   ayfxplayer.s
          6202  sfx_enabletone_2                   ayfxplayer.s
          6204  A$ayfxPlayer$190                   ayfxplayer.s
          6204  sfx_checknoisedisable_2            ayfxplayer.s
          6206  A$ayfxPlayer$191                   ayfxplayer.s
          6208  A$ayfxPlayer$194                   ayfxplayer.s
          6208  sfx_disablenoise_2                 ayfxplayer.s
          620A  A$ayfxPlayer$195                   ayfxplayer.s
          620D  A$ayfxPlayer$196                   ayfxplayer.s
          6210  A$ayfxPlayer$197                   ayfxplayer.s
ASxxxx Linker V05.00,  page 15.
Hexidecimal  [16-Bits]
[ Bank == rom ]

Area                       Addr        Size        Decimal Bytes (Attributes)
--------------------       ----        ----        ------- ----- ------------
.text                      005E        6585 =       25989. bytes (REL,CON,CSEG)

         Value  Global                             Global Defined In Module
         -----  --------------------------------   ------------------------
          6211  A$ayfxPlayer$201                   ayfxplayer.s
          6211  sfx_enablenoise_2                  ayfxplayer.s
          6213  A$ayfxPlayer$202                   ayfxplayer.s
          6216  A$ayfxPlayer$203                   ayfxplayer.s
          6219  A$ayfxPlayer$204                   ayfxplayer.s
          621A  A$ayfxPlayer$211                   ayfxplayer.s
          621A  sfx_endofeffect_3                  ayfxplayer.s
          621D  A$ayfxPlayer$212                   ayfxplayer.s
          6220  A$ayfxPlayer$213                   ayfxplayer.s
          6223  A$ayfxPlayer$214                   ayfxplayer.s
          6226  A$ayfxPlayer$215                   ayfxplayer.s
          6229  A$ayfxPlayer$219                   ayfxplayer.s
          6229  noay3                              ayfxplayer.s
          622A  A$ayfxPlayer$225                   ayfxplayer.s
          622A  sfx_doframe_intern_3               ayfxplayer.s
          622D  A$ayfxPlayer$226                   ayfxplayer.s
          622F  A$ayfxPlayer$228                   ayfxplayer.s
          6232  A$ayfxPlayer$229                   ayfxplayer.s
          6234  A$ayfxPlayer$230                   ayfxplayer.s
          6236  A$ayfxPlayer$231                   ayfxplayer.s
          6238  A$ayfxPlayer$232                   ayfxplayer.s
          623A  A$ayfxPlayer$233                   ayfxplayer.s
          623C  A$ayfxPlayer$234                   ayfxplayer.s
          623E  A$ayfxPlayer$237                   ayfxplayer.s
          623E  sfx_checktonefreq_3                ayfxplayer.s
          6240  A$ayfxPlayer$238                   ayfxplayer.s
          6242  A$ayfxPlayer$239                   ayfxplayer.s
          6244  A$ayfxPlayer$240                   ayfxplayer.s
          6247  A$ayfxPlayer$241                   ayfxplayer.s
          6249  A$ayfxPlayer$244                   ayfxplayer.s
          6249  sfx_checknoisefreq_3               ayfxplayer.s
          624B  A$ayfxPlayer$245                   ayfxplayer.s
          624D  A$ayfxPlayer$246                   ayfxplayer.s
          624F  A$ayfxPlayer$247                   ayfxplayer.s
          6252  A$ayfxPlayer$250                   ayfxplayer.s
          6252  sfx_checkvolume_3                  ayfxplayer.s
          6254  A$ayfxPlayer$251                   ayfxplayer.s
          6256  A$ayfxPlayer$252                   ayfxplayer.s
          6259  sfx_checktonedisable_3             ayfxplayer.s
          6259  A$ayfxPlayer$255                   ayfxplayer.s
          625C  A$ayfxPlayer$256                   ayfxplayer.s
          625E  A$ayfxPlayer$257                   ayfxplayer.s
          6260  A$ayfxPlayer$260                   ayfxplayer.s
          6260  sfx_disabletone_3                  ayfxplayer.s
          6262  A$ayfxPlayer$261                   ayfxplayer.s
          6264  A$ayfxPlayer$262                   ayfxplayer.s
          6266  A$ayfxPlayer$263                   ayfxplayer.s
          6268  A$ayfxPlayer$264                   ayfxplayer.s
          626B  A$ayfxPlayer$265                   ayfxplayer.s
          626E  A$ayfxPlayer$266                   ayfxplayer.s
ASxxxx Linker V05.00,  page 16.
Hexidecimal  [16-Bits]
[ Bank == rom ]

Area                       Addr        Size        Decimal Bytes (Attributes)
--------------------       ----        ----        ------- ----- ------------
.text                      005E        6585 =       25989. bytes (REL,CON,CSEG)

         Value  Global                             Global Defined In Module
         -----  --------------------------------   ------------------------
          626F  A$ayfxPlayer$270                   ayfxplayer.s
          626F  sfx_enabletone_3                   ayfxplayer.s
          6271  A$ayfxPlayer$273                   ayfxplayer.s
          6271  sfx_checknoisedisable_3            ayfxplayer.s
          6273  A$ayfxPlayer$274                   ayfxplayer.s
          6275  A$ayfxPlayer$277                   ayfxplayer.s
          6275  sfx_disablenoise_3                 ayfxplayer.s
          6277  A$ayfxPlayer$278                   ayfxplayer.s
          627A  A$ayfxPlayer$279                   ayfxplayer.s
          627D  A$ayfxPlayer$280                   ayfxplayer.s
          627E  sfx_enablenoise_3                  ayfxplayer.s
          627E  A$ayfxPlayer$284                   ayfxplayer.s
          6280  A$ayfxPlayer$285                   ayfxplayer.s
          6283  A$ayfxPlayer$286                   ayfxplayer.s
          6286  A$ayfxPlayer$287                   ayfxplayer.s
          6287  _reg_max_data                      ymplayer.pre.s
          6287  A$ymPlayer.pre.asx$79              ymplayer.pre.s
          6297  rleEncodedData                     ymplayer.pre.s
          6297  A$ymPlayer.pre.asx$88              ymplayer.pre.s
          6298  moreBits                           ymplayer.pre.s
          6298  A$ymPlayer.pre.asx$91              ymplayer.pre.s
          6299  A$ymPlayer.pre.asx$94              ymplayer.pre.s
          629B  A$ymPlayer.pre.asx$95              ymplayer.pre.s
          629D  A$ymPlayer.pre.asx$97              ymplayer.pre.s
          629F  A$ymPlayer.pre.asx$98              ymplayer.pre.s
          62A1  A$ymPlayer.pre.asx$99              ymplayer.pre.s
          62A3  A$ymPlayer.pre.asx$100             ymplayer.pre.s
          62A5  A$ymPlayer.pre.asx$101             ymplayer.pre.s
          62A7  A$ymPlayer.pre.asx$102             ymplayer.pre.s
          62A9  bit_is_ready1                      ymplayer.pre.s
          62A9  A$ymPlayer.pre.asx$108             ymplayer.pre.s
          62AB  A$ymPlayer.pre.asx$110             ymplayer.pre.s
          62AD  A$ymPlayer.pre.asx$112             ymplayer.pre.s
          62AF  A$ymPlayer.pre.asx$113             ymplayer.pre.s
          62B1  A$ymPlayer.pre.asx$114             ymplayer.pre.s
          62B3  A$ymPlayer.pre.asx$119             ymplayer.pre.s
          62B4  A$ymPlayer.pre.asx$122             ymplayer.pre.s
          62B6  A$ymPlayer.pre.asx$123             ymplayer.pre.s
          62B8  A$ymPlayer.pre.asx$125             ymplayer.pre.s
          62BA  A$ymPlayer.pre.asx$126             ymplayer.pre.s
          62BC  A$ymPlayer.pre.asx$127             ymplayer.pre.s
          62BE  A$ymPlayer.pre.asx$128             ymplayer.pre.s
          62C0  A$ymPlayer.pre.asx$129             ymplayer.pre.s
          62C2  A$ymPlayer.pre.asx$130             ymplayer.pre.s
          62C4  bit_is_ready2                      ymplayer.pre.s
          62C4  A$ymPlayer.pre.asx$136             ymplayer.pre.s
          62C6  A$ymPlayer.pre.asx$138             ymplayer.pre.s
          62C8  A$ymPlayer.pre.asx$140             ymplayer.pre.s
          62CA  A$ymPlayer.pre.asx$141             ymplayer.pre.s
          62CB  rleCounterBit0NotSet               ymplayer.pre.s
ASxxxx Linker V05.00,  page 17.
Hexidecimal  [16-Bits]
[ Bank == rom ]

Area                       Addr        Size        Decimal Bytes (Attributes)
--------------------       ----        ----        ------- ----- ------------
.text                      005E        6585 =       25989. bytes (REL,CON,CSEG)

         Value  Global                             Global Defined In Module
         -----  --------------------------------   ------------------------
          62CB  A$ymPlayer.pre.asx$144             ymplayer.pre.s
          62CC  A$ymPlayer.pre.asx$147             ymplayer.pre.s
          62CE  A$ymPlayer.pre.asx$148             ymplayer.pre.s
          62D0  A$ymPlayer.pre.asx$150             ymplayer.pre.s
          62D2  A$ymPlayer.pre.asx$151             ymplayer.pre.s
          62D4  A$ymPlayer.pre.asx$152             ymplayer.pre.s
          62D6  A$ymPlayer.pre.asx$153             ymplayer.pre.s
          62D8  A$ymPlayer.pre.asx$154             ymplayer.pre.s
          62DA  A$ymPlayer.pre.asx$155             ymplayer.pre.s
          62DC  bit_is_ready3                      ymplayer.pre.s
          62DC  A$ymPlayer.pre.asx$161             ymplayer.pre.s
          62DE  A$ymPlayer.pre.asx$163             ymplayer.pre.s
          62E0  A$ymPlayer.pre.asx$165             ymplayer.pre.s
          62E2  A$ymPlayer.pre.asx$166             ymplayer.pre.s
          62E3  rleCounterBit1NotSet               ymplayer.pre.s
          62E3  A$ymPlayer.pre.asx$169             ymplayer.pre.s
          62E4  A$ymPlayer.pre.asx$172             ymplayer.pre.s
          62E6  A$ymPlayer.pre.asx$173             ymplayer.pre.s
          62E8  A$ymPlayer.pre.asx$175             ymplayer.pre.s
          62EA  A$ymPlayer.pre.asx$176             ymplayer.pre.s
          62EC  A$ymPlayer.pre.asx$177             ymplayer.pre.s
          62EE  A$ymPlayer.pre.asx$178             ymplayer.pre.s
          62F0  A$ymPlayer.pre.asx$179             ymplayer.pre.s
          62F2  A$ymPlayer.pre.asx$180             ymplayer.pre.s
          62F4  bit_is_ready4                      ymplayer.pre.s
          62F4  A$ymPlayer.pre.asx$186             ymplayer.pre.s
          62F6  A$ymPlayer.pre.asx$188             ymplayer.pre.s
          62F8  A$ymPlayer.pre.asx$190             ymplayer.pre.s
          62FA  A$ymPlayer.pre.asx$191             ymplayer.pre.s
          62FB  rleCounterBit2NotSet               ymplayer.pre.s
          62FB  A$ymPlayer.pre.asx$194             ymplayer.pre.s
          62FD  A$ymPlayer.pre.asx$195             ymplayer.pre.s
          6301  A$ymPlayer.pre.asx$196             ymplayer.pre.s
          6302  A$ymPlayer.pre.asx$199             ymplayer.pre.s
          6304  A$ymPlayer.pre.asx$200             ymplayer.pre.s
          6306  A$ymPlayer.pre.asx$202             ymplayer.pre.s
          6308  A$ymPlayer.pre.asx$203             ymplayer.pre.s
          630A  A$ymPlayer.pre.asx$204             ymplayer.pre.s
          630C  A$ymPlayer.pre.asx$205             ymplayer.pre.s
          630E  A$ymPlayer.pre.asx$206             ymplayer.pre.s
          6310  A$ymPlayer.pre.asx$207             ymplayer.pre.s
          6312  A$ymPlayer.pre.asx$213             ymplayer.pre.s
          6312  bit_is_ready5                      ymplayer.pre.s
          6314  A$ymPlayer.pre.asx$215             ymplayer.pre.s
          6316  A$ymPlayer.pre.asx$217             ymplayer.pre.s
          6318  A$ymPlayer.pre.asx$218             ymplayer.pre.s
          6319  rleCounterBit3NotSet               ymplayer.pre.s
          6319  A$ymPlayer.pre.asx$221             ymplayer.pre.s
          631B  A$ymPlayer.pre.asx$222             ymplayer.pre.s
          631F  A$ymPlayer.pre.asx$223             ymplayer.pre.s
ASxxxx Linker V05.00,  page 18.
Hexidecimal  [16-Bits]
[ Bank == rom ]

Area                       Addr        Size        Decimal Bytes (Attributes)
--------------------       ----        ----        ------- ----- ------------
.text                      005E        6585 =       25989. bytes (REL,CON,CSEG)

         Value  Global                             Global Defined In Module
         -----  --------------------------------   ------------------------
          6320  A$ymPlayer.pre.asx$226             ymplayer.pre.s
          6322  A$ymPlayer.pre.asx$227             ymplayer.pre.s
          6324  A$ymPlayer.pre.asx$229             ymplayer.pre.s
          6326  A$ymPlayer.pre.asx$230             ymplayer.pre.s
          6328  A$ymPlayer.pre.asx$231             ymplayer.pre.s
          632A  A$ymPlayer.pre.asx$232             ymplayer.pre.s
          632C  A$ymPlayer.pre.asx$233             ymplayer.pre.s
          632E  A$ymPlayer.pre.asx$234             ymplayer.pre.s
          6330  A$ymPlayer.pre.asx$240             ymplayer.pre.s
          6330  bit_is_ready6                      ymplayer.pre.s
          6332  A$ymPlayer.pre.asx$242             ymplayer.pre.s
          6334  A$ymPlayer.pre.asx$244             ymplayer.pre.s
          6336  A$ymPlayer.pre.asx$245             ymplayer.pre.s
          6337  rleCounterBit4NotSet               ymplayer.pre.s
          6337  A$ymPlayer.pre.asx$248             ymplayer.pre.s
          6339  A$ymPlayer.pre.asx$249             ymplayer.pre.s
          633B  A$ymPlayer.pre.asx$250             ymplayer.pre.s
          633C  A$ymPlayer.pre.asx$253             ymplayer.pre.s
          633E  A$ymPlayer.pre.asx$254             ymplayer.pre.s
          6340  A$ymPlayer.pre.asx$256             ymplayer.pre.s
          6342  A$ymPlayer.pre.asx$257             ymplayer.pre.s
          6344  A$ymPlayer.pre.asx$258             ymplayer.pre.s
          6346  A$ymPlayer.pre.asx$259             ymplayer.pre.s
          6348  A$ymPlayer.pre.asx$260             ymplayer.pre.s
          634A  A$ymPlayer.pre.asx$261             ymplayer.pre.s
          634C  bit_is_ready7                      ymplayer.pre.s
          634C  A$ymPlayer.pre.asx$267             ymplayer.pre.s
          634E  A$ymPlayer.pre.asx$269             ymplayer.pre.s
          6350  A$ymPlayer.pre.asx$271             ymplayer.pre.s
          6352  A$ymPlayer.pre.asx$272             ymplayer.pre.s
          6353  rleCounterBit5NotSet               ymplayer.pre.s
          6353  A$ymPlayer.pre.asx$275             ymplayer.pre.s
          6355  A$ymPlayer.pre.asx$276             ymplayer.pre.s
          6357  A$ymPlayer.pre.asx$277             ymplayer.pre.s
          6358  A$ymPlayer.pre.asx$280             ymplayer.pre.s
          635A  A$ymPlayer.pre.asx$281             ymplayer.pre.s
          635C  A$ymPlayer.pre.asx$283             ymplayer.pre.s
          635E  A$ymPlayer.pre.asx$284             ymplayer.pre.s
          6360  A$ymPlayer.pre.asx$285             ymplayer.pre.s
          6362  A$ymPlayer.pre.asx$286             ymplayer.pre.s
          6364  A$ymPlayer.pre.asx$287             ymplayer.pre.s
          6366  A$ymPlayer.pre.asx$288             ymplayer.pre.s
          6368  bit_is_ready8                      ymplayer.pre.s
          6368  A$ymPlayer.pre.asx$294             ymplayer.pre.s
          636A  A$ymPlayer.pre.asx$296             ymplayer.pre.s
          636C  A$ymPlayer.pre.asx$298             ymplayer.pre.s
          636E  A$ymPlayer.pre.asx$299             ymplayer.pre.s
          636F  rleCounterBit6NotSet               ymplayer.pre.s
          636F  A$ymPlayer.pre.asx$302             ymplayer.pre.s
          6371  A$ymPlayer.pre.asx$303             ymplayer.pre.s
ASxxxx Linker V05.00,  page 19.
Hexidecimal  [16-Bits]
[ Bank == rom ]

Area                       Addr        Size        Decimal Bytes (Attributes)
--------------------       ----        ----        ------- ----- ------------
.text                      005E        6585 =       25989. bytes (REL,CON,CSEG)

         Value  Global                             Global Defined In Module
         -----  --------------------------------   ------------------------
          6373  A$ymPlayer.pre.asx$304             ymplayer.pre.s
          6374  A$ymPlayer.pre.asx$307             ymplayer.pre.s
          6376  A$ymPlayer.pre.asx$308             ymplayer.pre.s
          6378  A$ymPlayer.pre.asx$310             ymplayer.pre.s
          637A  A$ymPlayer.pre.asx$311             ymplayer.pre.s
          637C  A$ymPlayer.pre.asx$312             ymplayer.pre.s
          637E  A$ymPlayer.pre.asx$313             ymplayer.pre.s
          6380  A$ymPlayer.pre.asx$314             ymplayer.pre.s
          6382  A$ymPlayer.pre.asx$315             ymplayer.pre.s
          6384  A$ymPlayer.pre.asx$321             ymplayer.pre.s
          6384  bit_is_ready9                      ymplayer.pre.s
          6386  A$ymPlayer.pre.asx$323             ymplayer.pre.s
          6388  A$ymPlayer.pre.asx$325             ymplayer.pre.s
          638A  A$ymPlayer.pre.asx$326             ymplayer.pre.s
          638B  rleCounterBit7NotSet               ymplayer.pre.s
          638B  A$ymPlayer.pre.asx$329             ymplayer.pre.s
          638D  A$ymPlayer.pre.asx$330             ymplayer.pre.s
          638F  A$ymPlayer.pre.asx$332             ymplayer.pre.s
          6391  read16bitContinue                  ymplayer.pre.s
          6391  A$ymPlayer.pre.asx$335             ymplayer.pre.s
          6393  A$ymPlayer.pre.asx$337             ymplayer.pre.s
          6394  A$ymPlayer.pre.asx$338             ymplayer.pre.s
          6395  A$ymPlayer.pre.asx$339             ymplayer.pre.s
          6397  A$ymPlayer.pre.asx$340             ymplayer.pre.s
          6399  no_carry                           ymplayer.pre.s
          6399  A$ymPlayer.pre.asx$344             ymplayer.pre.s
          639B  A$ymPlayer.pre.asx$347             ymplayer.pre.s
          639D  A$ymPlayer.pre.asx$348             ymplayer.pre.s
          639F  A$ymPlayer.pre.asx$350             ymplayer.pre.s
          63A1  A$ymPlayer.pre.asx$351             ymplayer.pre.s
          63A3  A$ymPlayer.pre.asx$352             ymplayer.pre.s
          63A5  A$ymPlayer.pre.asx$353             ymplayer.pre.s
          63A7  A$ymPlayer.pre.asx$354             ymplayer.pre.s
          63A9  A$ymPlayer.pre.asx$355             ymplayer.pre.s
          63AB  bit_is_ready10                     ymplayer.pre.s
          63AB  A$ymPlayer.pre.asx$361             ymplayer.pre.s
          63AD  A$ymPlayer.pre.asx$363             ymplayer.pre.s
          63AF  A$ymPlayer.pre.asx$365             ymplayer.pre.s
          63B1  A$ymPlayer.pre.asx$366             ymplayer.pre.s
          63B3  A$ymPlayer.pre.asx$369             ymplayer.pre.s
          63B3  rleCounterBitXNotSet               ymplayer.pre.s
          63B5  A$ymPlayer.pre.asx$370             ymplayer.pre.s
          63B7  rle16bitdone                       ymplayer.pre.s
          63B7  A$ymPlayer.pre.asx$375             ymplayer.pre.s
          63B9  rle8bitdone                        ymplayer.pre.s
          63B9  A$ymPlayer.pre.asx$379             ymplayer.pre.s
          63BB  A$ymPlayer.pre.asx$382             ymplayer.pre.s
          63BD  do_ym_sound                        ymplayer.pre.s
          63BD  A$ymPlayer.pre.asx$388             ymplayer.pre.s
          63C0  A$ymPlayer.pre.asx$389             ymplayer.pre.s
ASxxxx Linker V05.00,  page 20.
Hexidecimal  [16-Bits]
[ Bank == rom ]

Area                       Addr        Size        Decimal Bytes (Attributes)
--------------------       ----        ----        ------- ----- ------------
.text                      005E        6585 =       25989. bytes (REL,CON,CSEG)

         Value  Global                             Global Defined In Module
         -----  --------------------------------   ------------------------
          63C2  A$ymPlayer.pre.asx$390             ymplayer.pre.s
          63C5  A$ymPlayer.pre.asx$391             ymplayer.pre.s
          63C8  A$ymPlayer.pre.asx$392             ymplayer.pre.s
          63CB  A$ymPlayer.pre.asx$393             ymplayer.pre.s
          63CE  A$ymPlayer.pre.asx$394             ymplayer.pre.s
          63D1  getCurrentRegByte                  ymplayer.pre.s
          63D1  next_reg                           ymplayer.pre.s
          63D1  A$ymPlayer.pre.asx$404             ymplayer.pre.s
          63D3  A$ymPlayer.pre.asx$405             ymplayer.pre.s
          63D5  A$ymPlayer.pre.asx$407             ymplayer.pre.s
          63D7  A$ymPlayer.pre.asx$408             ymplayer.pre.s
          63D9  A$ymPlayer.pre.asx$409             ymplayer.pre.s
          63DB  A$ymPlayer.pre.asx$410             ymplayer.pre.s
          63DD  A$ymPlayer.pre.asx$413             ymplayer.pre.s
          63DD  inPhraseOut                        ymplayer.pre.s
          63DF  A$ymPlayer.pre.asx$414             ymplayer.pre.s
          63E1  A$ymPlayer.pre.asx$415             ymplayer.pre.s
          63E3  A$ymPlayer.pre.asx$416             ymplayer.pre.s
          63E5  A$ymPlayer.pre.asx$417             ymplayer.pre.s
          63E7  A$ymPlayer.pre.asx$418             ymplayer.pre.s
          63E9  A$ymPlayer.pre.asx$419             ymplayer.pre.s
          63EB  A$ymPlayer.pre.asx$422             ymplayer.pre.s
          63EB  not_in_phrase                      ymplayer.pre.s
          63EE  A$ymPlayer.pre.asx$423             ymplayer.pre.s
          63F0  done                               ymplayer.pre.s
          63F0  A$ymPlayer.pre.asx$429             ymplayer.pre.s
          63F0  currentPharseNotEnded              ymplayer.pre.s
          63F2  A$ymPlayer.pre.asx$430             ymplayer.pre.s
          63F4  A$ymPlayer.pre.asx$433             ymplayer.pre.s
          63F6  A$ymPlayer.pre.asx$434             ymplayer.pre.s
          63F8  A$ymPlayer.pre.asx$435             ymplayer.pre.s
          63FA  A$ymPlayer.pre.asx$436             ymplayer.pre.s
          63FC  no13                               ymplayer.pre.s
          63FC  A$ymPlayer.pre.asx$440             ymplayer.pre.s
          63FE  A$ymPlayer.pre.asx$441             ymplayer.pre.s
          6400  A$ymPlayer.pre.asx$442             ymplayer.pre.s
          6402  A$ymPlayer.pre.asx$443             ymplayer.pre.s
          6404  A$ymPlayer.pre.asx$444             ymplayer.pre.s
          6406  A$ymPlayer.pre.asx$445             ymplayer.pre.s
          6408  A$ymPlayer.pre.asx$446             ymplayer.pre.s
          640A  A$ymPlayer.pre.asx$447             ymplayer.pre.s
          640C  A$ymPlayer.pre.asx$448             ymplayer.pre.s
          640E  A$ymPlayer.pre.asx$449             ymplayer.pre.s
          6410  A$ymPlayer.pre.asx$450             ymplayer.pre.s
          6412  doNotWriteReg13                    ymplayer.pre.s
          6412  A$ymPlayer.pre.asx$455             ymplayer.pre.s
          6415  A$ymPlayer.pre.asx$456             ymplayer.pre.s
          6418  A$ymPlayer.pre.asx$457             ymplayer.pre.s
          641A  A$ymPlayer.pre.asx$460             ymplayer.pre.s
          641A  ymsodone                           ymplayer.pre.s
ASxxxx Linker V05.00,  page 21.
Hexidecimal  [16-Bits]
[ Bank == rom ]

Area                       Addr        Size        Decimal Bytes (Attributes)
--------------------       ----        ----        ------- ----- ------------
.text                      005E        6585 =       25989. bytes (REL,CON,CSEG)

         Value  Global                             Global Defined In Module
         -----  --------------------------------   ------------------------
          641B  noValidByte                        ymplayer.pre.s
          641B  A$ymPlayer.pre.asx$470             ymplayer.pre.s
          641D  A$ymPlayer.pre.asx$471             ymplayer.pre.s
          641F  A$ymPlayer.pre.asx$473             ymplayer.pre.s
          6421  A$ymPlayer.pre.asx$474             ymplayer.pre.s
          6423  A$ymPlayer.pre.asx$475             ymplayer.pre.s
          6425  A$ymPlayer.pre.asx$476             ymplayer.pre.s
          6427  A$ymPlayer.pre.asx$477             ymplayer.pre.s
          6429  A$ymPlayer.pre.asx$478             ymplayer.pre.s
          642B  bit_is_ready12                     ymplayer.pre.s
          642B  A$ymPlayer.pre.asx$484             ymplayer.pre.s
          642D  A$ymPlayer.pre.asx$486             ymplayer.pre.s
          642F  A$ymPlayer.pre.asx$490             ymplayer.pre.s
          6433  A$ymPlayer.pre.asx$493             ymplayer.pre.s
          6435  A$ymPlayer.pre.asx$501             ymplayer.pre.s
          6435  dechifer                           ymplayer.pre.s
          6437  A$ymPlayer.pre.asx$502             ymplayer.pre.s
          6439  A$ymPlayer.pre.asx$504             ymplayer.pre.s
          643B  A$ymPlayer.pre.asx$505             ymplayer.pre.s
          643D  A$ymPlayer.pre.asx$506             ymplayer.pre.s
          643F  A$ymPlayer.pre.asx$507             ymplayer.pre.s
          6441  A$ymPlayer.pre.asx$508             ymplayer.pre.s
          6443  A$ymPlayer.pre.asx$509             ymplayer.pre.s
          6445  bit_is_ready13                     ymplayer.pre.s
          6445  A$ymPlayer.pre.asx$515             ymplayer.pre.s
          6447  A$ymPlayer.pre.asx$517             ymplayer.pre.s
          6449  A$ymPlayer.pre.asx$519             ymplayer.pre.s
          644B  A$ymPlayer.pre.asx$520             ymplayer.pre.s
          644F  A$ymPlayer.pre.asx$521             ymplayer.pre.s
          6452  A$ymPlayer.pre.asx$522             ymplayer.pre.s
          6455  A$ymPlayer.pre.asx$523             ymplayer.pre.s
          6456  A$ymPlayer.pre.asx$524             ymplayer.pre.s
          6459  A$ymPlayer.pre.asx$527             ymplayer.pre.s
          6459  getNextCodeBit                     ymplayer.pre.s
          645C  A$ymPlayer.pre.asx$528             ymplayer.pre.s
          645D  A$ymPlayer.pre.asx$531             ymplayer.pre.s
          645F  A$ymPlayer.pre.asx$532             ymplayer.pre.s
          6461  A$ymPlayer.pre.asx$534             ymplayer.pre.s
          6463  A$ymPlayer.pre.asx$535             ymplayer.pre.s
          6465  A$ymPlayer.pre.asx$536             ymplayer.pre.s
          6467  A$ymPlayer.pre.asx$537             ymplayer.pre.s
          6469  A$ymPlayer.pre.asx$538             ymplayer.pre.s
          646B  A$ymPlayer.pre.asx$539             ymplayer.pre.s
          646D  bit_is_ready14                     ymplayer.pre.s
          646D  A$ymPlayer.pre.asx$545             ymplayer.pre.s
          646F  A$ymPlayer.pre.asx$547             ymplayer.pre.s
          6471  A$ymPlayer.pre.asx$549             ymplayer.pre.s
          6473  A$ymPlayer.pre.asx$550             ymplayer.pre.s
          6476  testNextPhrase                     ymplayer.pre.s
          6476  A$ymPlayer.pre.asx$555             ymplayer.pre.s
ASxxxx Linker V05.00,  page 22.
Hexidecimal  [16-Bits]
[ Bank == rom ]

Area                       Addr        Size        Decimal Bytes (Attributes)
--------------------       ----        ----        ------- ----- ------------
.text                      005E        6585 =       25989. bytes (REL,CON,CSEG)

         Value  Global                             Global Defined In Module
         -----  --------------------------------   ------------------------
          6476  code_bit_notset                    ymplayer.pre.s
          6478  A$ymPlayer.pre.asx$556             ymplayer.pre.s
          647A  A$ymPlayer.pre.asx$557             ymplayer.pre.s
          647C  increaseCodeBits                   ymplayer.pre.s
          647C  A$ymPlayer.pre.asx$561             ymplayer.pre.s
          647E  A$ymPlayer.pre.asx$562             ymplayer.pre.s
          6480  A$ymPlayer.pre.asx$563             ymplayer.pre.s
          6482  A$ymPlayer.pre.asx$564             ymplayer.pre.s
          6484  bitLenFound                        ymplayer.pre.s
          6484  A$ymPlayer.pre.asx$572             ymplayer.pre.s
          6486  A$ymPlayer.pre.asx$573             ymplayer.pre.s
          6489  A$ymPlayer.pre.asx$574             ymplayer.pre.s
          648B  A$ymPlayer.pre.asx$575             ymplayer.pre.s
          648D  A$ymPlayer.pre.asx$576             ymplayer.pre.s
          648F  A$ymPlayer.pre.asx$577             ymplayer.pre.s
          6493  A$ymPlayer.pre.asx$578             ymplayer.pre.s
          6495  A$ymPlayer.pre.asx$579             ymplayer.pre.s
          6496  A$ymPlayer.pre.asx$580             ymplayer.pre.s
          6498  A$ymPlayer.pre.asx$581             ymplayer.pre.s
          649A  A$ymPlayer.pre.asx$582             ymplayer.pre.s
          649D  directByte                         ymplayer.pre.s
          649D  A$ymPlayer.pre.asx$588             ymplayer.pre.s
          649F  A$ymPlayer.pre.asx$589             ymplayer.pre.s
          64A2  A$ymPlayer.pre.asx$590             ymplayer.pre.s
          64A4  A$ymPlayer.pre.asx$591             ymplayer.pre.s
          64A5  A$ymPlayer.pre.asx$592             ymplayer.pre.s
          64A7  A$ymPlayer.pre.asx$593             ymplayer.pre.s
          64A9  A$ymPlayer.pre.asx$599             ymplayer.pre.s
          64AC  A$ymPlayer.pre.asx$600             ymplayer.pre.s
          64AE  A$ymPlayer.pre.asx$601             ymplayer.pre.s
          64B0  A$ymPlayer.pre.asx$602             ymplayer.pre.s
          64B2  A$ymPlayer.pre.asx$603             ymplayer.pre.s
          64B4  A$ymPlayer.pre.asx$604             ymplayer.pre.s
          64B6  A$ymPlayer.pre.asx$605             ymplayer.pre.s
          64B8  A$ymPlayer.pre.asx$606             ymplayer.pre.s
          64BA  A$ymPlayer.pre.asx$607             ymplayer.pre.s
          64BC  A$ymPlayer.pre.asx$608             ymplayer.pre.s
          64BE  A$ymPlayer.pre.asx$609             ymplayer.pre.s
          64C0  reg8Bits                           ymplayer.pre.s
          64C0  A$ymPlayer.pre.asx$614             ymplayer.pre.s
          64C2  A$ymPlayer.pre.asx$615             ymplayer.pre.s
          64C4  A$ymPlayer.pre.asx$617             ymplayer.pre.s
          64C6  A$ymPlayer.pre.asx$618             ymplayer.pre.s
          64C8  A$ymPlayer.pre.asx$619             ymplayer.pre.s
          64CA  A$ymPlayer.pre.asx$620             ymplayer.pre.s
          64CC  A$ymPlayer.pre.asx$621             ymplayer.pre.s
          64CE  A$ymPlayer.pre.asx$622             ymplayer.pre.s
          64D0  bit_is_ready15                     ymplayer.pre.s
          64D0  A$ymPlayer.pre.asx$628             ymplayer.pre.s
          64D2  A$ymPlayer.pre.asx$630             ymplayer.pre.s
ASxxxx Linker V05.00,  page 23.
Hexidecimal  [16-Bits]
[ Bank == rom ]

Area                       Addr        Size        Decimal Bytes (Attributes)
--------------------       ----        ----        ------- ----- ------------
.text                      005E        6585 =       25989. bytes (REL,CON,CSEG)

         Value  Global                             Global Defined In Module
         -----  --------------------------------   ------------------------
          64D4  A$ymPlayer.pre.asx$632             ymplayer.pre.s
          64D6  A$ymPlayer.pre.asx$633             ymplayer.pre.s
          64D7  A$ymPlayer.pre.asx$636             ymplayer.pre.s
          64D7  noBit1                             ymplayer.pre.s
          64D8  A$ymPlayer.pre.asx$639             ymplayer.pre.s
          64DA  A$ymPlayer.pre.asx$640             ymplayer.pre.s
          64DC  A$ymPlayer.pre.asx$642             ymplayer.pre.s
          64DE  A$ymPlayer.pre.asx$643             ymplayer.pre.s
          64E0  A$ymPlayer.pre.asx$644             ymplayer.pre.s
          64E2  A$ymPlayer.pre.asx$645             ymplayer.pre.s
          64E4  A$ymPlayer.pre.asx$646             ymplayer.pre.s
          64E6  A$ymPlayer.pre.asx$647             ymplayer.pre.s
          64E8  bit_is_ready16                     ymplayer.pre.s
          64E8  A$ymPlayer.pre.asx$653             ymplayer.pre.s
          64EA  A$ymPlayer.pre.asx$655             ymplayer.pre.s
          64EC  A$ymPlayer.pre.asx$657             ymplayer.pre.s
          64EE  A$ymPlayer.pre.asx$658             ymplayer.pre.s
          64EF  A$ymPlayer.pre.asx$661             ymplayer.pre.s
          64EF  noBit2                             ymplayer.pre.s
          64F0  reg6Bits                           ymplayer.pre.s
          64F0  A$ymPlayer.pre.asx$666             ymplayer.pre.s
          64F2  A$ymPlayer.pre.asx$667             ymplayer.pre.s
          64F4  A$ymPlayer.pre.asx$669             ymplayer.pre.s
          64F6  A$ymPlayer.pre.asx$670             ymplayer.pre.s
          64F8  A$ymPlayer.pre.asx$671             ymplayer.pre.s
          64FA  A$ymPlayer.pre.asx$672             ymplayer.pre.s
          64FC  A$ymPlayer.pre.asx$673             ymplayer.pre.s
          64FE  A$ymPlayer.pre.asx$674             ymplayer.pre.s
          6500  bit_is_ready17                     ymplayer.pre.s
          6500  A$ymPlayer.pre.asx$680             ymplayer.pre.s
          6502  A$ymPlayer.pre.asx$682             ymplayer.pre.s
          6504  A$ymPlayer.pre.asx$684             ymplayer.pre.s
          6506  A$ymPlayer.pre.asx$685             ymplayer.pre.s
          6507  noBit3                             ymplayer.pre.s
          6507  A$ymPlayer.pre.asx$688             ymplayer.pre.s
          6508  reg5Bits                           ymplayer.pre.s
          6508  A$ymPlayer.pre.asx$693             ymplayer.pre.s
          650A  A$ymPlayer.pre.asx$694             ymplayer.pre.s
          650C  A$ymPlayer.pre.asx$696             ymplayer.pre.s
          650E  A$ymPlayer.pre.asx$697             ymplayer.pre.s
          6510  A$ymPlayer.pre.asx$698             ymplayer.pre.s
          6512  A$ymPlayer.pre.asx$699             ymplayer.pre.s
          6514  A$ymPlayer.pre.asx$700             ymplayer.pre.s
          6516  A$ymPlayer.pre.asx$701             ymplayer.pre.s
          6518  bit_is_ready18                     ymplayer.pre.s
          6518  A$ymPlayer.pre.asx$707             ymplayer.pre.s
          651A  A$ymPlayer.pre.asx$709             ymplayer.pre.s
          651C  A$ymPlayer.pre.asx$711             ymplayer.pre.s
          651E  A$ymPlayer.pre.asx$712             ymplayer.pre.s
          651F  A$ymPlayer.pre.asx$715             ymplayer.pre.s
ASxxxx Linker V05.00,  page 24.
Hexidecimal  [16-Bits]
[ Bank == rom ]

Area                       Addr        Size        Decimal Bytes (Attributes)
--------------------       ----        ----        ------- ----- ------------
.text                      005E        6585 =       25989. bytes (REL,CON,CSEG)

         Value  Global                             Global Defined In Module
         -----  --------------------------------   ------------------------
          651F  noBit4                             ymplayer.pre.s
          6520  reg4Bits                           ymplayer.pre.s
          6520  A$ymPlayer.pre.asx$720             ymplayer.pre.s
          6522  A$ymPlayer.pre.asx$721             ymplayer.pre.s
          6524  A$ymPlayer.pre.asx$723             ymplayer.pre.s
          6526  A$ymPlayer.pre.asx$724             ymplayer.pre.s
          6528  A$ymPlayer.pre.asx$725             ymplayer.pre.s
          652A  A$ymPlayer.pre.asx$726             ymplayer.pre.s
          652C  A$ymPlayer.pre.asx$727             ymplayer.pre.s
          652E  A$ymPlayer.pre.asx$728             ymplayer.pre.s
          6530  bit_is_ready19                     ymplayer.pre.s
          6530  A$ymPlayer.pre.asx$734             ymplayer.pre.s
          6532  A$ymPlayer.pre.asx$736             ymplayer.pre.s
          6534  A$ymPlayer.pre.asx$738             ymplayer.pre.s
          6536  A$ymPlayer.pre.asx$739             ymplayer.pre.s
          6537  A$ymPlayer.pre.asx$742             ymplayer.pre.s
          6537  noBit5                             ymplayer.pre.s
          6538  A$ymPlayer.pre.asx$745             ymplayer.pre.s
          653A  A$ymPlayer.pre.asx$746             ymplayer.pre.s
          653C  A$ymPlayer.pre.asx$748             ymplayer.pre.s
          653E  A$ymPlayer.pre.asx$749             ymplayer.pre.s
          6540  A$ymPlayer.pre.asx$750             ymplayer.pre.s
          6542  A$ymPlayer.pre.asx$751             ymplayer.pre.s
          6544  A$ymPlayer.pre.asx$752             ymplayer.pre.s
          6546  A$ymPlayer.pre.asx$753             ymplayer.pre.s
          6548  bit_is_ready20                     ymplayer.pre.s
          6548  A$ymPlayer.pre.asx$759             ymplayer.pre.s
          654A  A$ymPlayer.pre.asx$761             ymplayer.pre.s
          654C  A$ymPlayer.pre.asx$763             ymplayer.pre.s
          654E  A$ymPlayer.pre.asx$764             ymplayer.pre.s
          654F  A$ymPlayer.pre.asx$767             ymplayer.pre.s
          654F  noBit6                             ymplayer.pre.s
          6550  A$ymPlayer.pre.asx$770             ymplayer.pre.s
          6552  A$ymPlayer.pre.asx$771             ymplayer.pre.s
          6554  A$ymPlayer.pre.asx$773             ymplayer.pre.s
          6556  A$ymPlayer.pre.asx$774             ymplayer.pre.s
          6558  A$ymPlayer.pre.asx$775             ymplayer.pre.s
          655A  A$ymPlayer.pre.asx$776             ymplayer.pre.s
          655C  A$ymPlayer.pre.asx$777             ymplayer.pre.s
          655E  A$ymPlayer.pre.asx$778             ymplayer.pre.s
          6560  bit_is_ready21                     ymplayer.pre.s
          6560  A$ymPlayer.pre.asx$784             ymplayer.pre.s
          6562  A$ymPlayer.pre.asx$786             ymplayer.pre.s
          6564  A$ymPlayer.pre.asx$788             ymplayer.pre.s
          6566  A$ymPlayer.pre.asx$789             ymplayer.pre.s
          6567  A$ymPlayer.pre.asx$792             ymplayer.pre.s
          6567  noBit7                             ymplayer.pre.s
          6568  A$ymPlayer.pre.asx$795             ymplayer.pre.s
          656A  A$ymPlayer.pre.asx$796             ymplayer.pre.s
          656C  A$ymPlayer.pre.asx$798             ymplayer.pre.s
ASxxxx Linker V05.00,  page 25.
Hexidecimal  [16-Bits]
[ Bank == rom ]

Area                       Addr        Size        Decimal Bytes (Attributes)
--------------------       ----        ----        ------- ----- ------------
.text                      005E        6585 =       25989. bytes (REL,CON,CSEG)

         Value  Global                             Global Defined In Module
[...]
          FF8F  _Vec_Music_d                       vec_rom_0xff_0.c

ASxxxx Linker V05.00,  page 42.
Hexidecimal  [16-Bits]
[ Bank == page_e7 ]

Area                       Addr        Size        Decimal Bytes (Attributes)
--------------------       ----        ----        ------- ----- ------------
.0xe7                      E7B5        001E =          30. bytes (ABS,OVR,CSEG)

         Value  Global                             Global Defined In Module
         -----  --------------------------------   ------------------------
          E7B5  ___Displ8_xy                       vec_rum_0xe7.c
          E7D2  ___Displ16_xy                      vec_rum_0xe7.c

ASxxxx Linker V05.00,  page 43.
Hexidecimal  [16-Bits]
[ Bank == page_e9 ]

Area                       Addr        Size        Decimal Bytes (Attributes)
--------------------       ----        ----        ------- ----- ------------
.0xe9                      E98A        0002 =           2. bytes (ABS,OVR,CSEG)

         Value  Global                             Global Defined In Module
         -----  --------------------------------   ------------------------
          E98A  ___Ranpos                          vec_rum_0xe9.c

ASxxxx Linker V05.00,  page 44.
Hexidecimal  [16-Bits]
[ Bank == page_ea ]

Area                       Addr        Size        Decimal Bytes (Attributes)
--------------------       ----        ----        ------- ----- ------------
.0xea                      EA3E        00B3 =         179. bytes (ABS,OVR,CSEG)

         Value  Global                             Global Defined In Module
         -----  --------------------------------   ------------------------
          EA3E  ___Rnd_Cone                        vec_rum_0xea.c
          EA5D  ___Dot_y                           vec_rum_0xea.c
          EA6D  ___Dot_py                          vec_rum_0xea.c
          EA7F  ___Draw_Pack                       vec_rum_0xea.c
          EA8D  ___Draw_Pack_py                    vec_rum_0xea.c
          EAA8  ___Print_Msg                       vec_rum_0xea.c
          EAB4  ___Draw_Score                      vec_rum_0xea.c
          EACF  ___Draw_Scores                     vec_rum_0xea.c
          EAF0  ___Wait_Bound                      vec_rum_0xea.c

ASxxxx Linker V05.00,  page 45.
Hexidecimal  [16-Bits]
[ Bank == page_f0 ]

Area                       Addr        Size        Decimal Bytes (Attributes)
--------------------       ----        ----        ------- ----- ------------
.0xf0                      F000        0001 =           1. bytes (ABS,OVR,CSEG)

         Value  Global                             Global Defined In Module
         -----  --------------------------------   ------------------------
          F000  ___Reset                           vec_rum_0xf0.c

ASxxxx Linker V05.00,  page 46.
Hexidecimal  [16-Bits]
[ Bank == page_f1 ]

Area                       Addr        Size        Decimal Bytes (Attributes)
--------------------       ----        ----        ------- ----- ------------
.0xf1                      F14C        00AD =         173. bytes (ABS,OVR,CSEG)

         Value  Global                             Global Defined In Module
         -----  --------------------------------   ------------------------
          F14C  ___Init_VIA                        vec_rum_0xf1.c
          F164  ___Init_OS_RAM                     vec_rum_0xf1.c
          F18B  ___Init_OS                         vec_rum_0xf1.c
          F192  ___Wait_Recal                      vec_rum_0xf1.c
          F1AA  ___DP_to_D0                        vec_rum_0xf1.c
          F1AF  ___DP_to_C8                        vec_rum_0xf1.c
          F1B4  ___Read_Btns_Mask                  vec_rum_0xf1.c
          F1BA  ___Read_Btns                       vec_rum_0xf1.c
          F1F5  ___Joy_Analog                      vec_rum_0xf1.c
          F1F8  ___Joy_Digital                     vec_rum_0xf1.c

ASxxxx Linker V05.00,  page 47.
Hexidecimal  [16-Bits]
[ Bank == page_f2 ]

Area                       Addr        Size        Decimal Bytes (Attributes)
--------------------       ----        ----        ------- ----- ------------
.0xf2                      F256        00A7 =         167. bytes (ABS,OVR,CSEG)

         Value  Global                             Global Defined In Module
         -----  --------------------------------   ------------------------
          F256  ___Sound_Byte                      vec_rum_0xf2.c
          F259  ___Sound_Byte_x                    vec_rum_0xf2.c
          F272  ___Clear_Sound                     vec_rum_0xf2.c
          F27D  ___Sound_Bytes                     vec_rum_0xf2.c
          F284  ___Sound_Bytes_x                   vec_rum_0xf2.c
          F289  ___Do_Sound                        vec_rum_0xf2.c
          F28C  ___Do_Sound_x                      vec_rum_0xf2.c
          F29D  ___Intensity_1F                    vec_rum_0xf2.c
          F2A1  ___Intensity_3F                    vec_rum_0xf2.c
          F2A5  ___Intensity_5F                    vec_rum_0xf2.c
          F2A9  ___Intensity_7F                    vec_rum_0xf2.c
          F2AB  ___Intensity_a                     vec_rum_0xf2.c
          F2BE  ___Dot_ix_b                        vec_rum_0xf2.c
          F2C1  ___Dot_ix                          vec_rum_0xf2.c
          F2C3  ___Dot_d                           vec_rum_0xf2.c
          F2C5  ___Dot_here                        vec_rum_0xf2.c
          F2D5  ___Dot_List                        vec_rum_0xf2.c
          F2DE  ___Dot_List_Reset                  vec_rum_0xf2.c
          F2E6  ___Recalibrate                     vec_rum_0xf2.c
          F2F2  ___Moveto_x_7F                     vec_rum_0xf2.c
          F2FC  ___Moveto_d_7F                     vec_rum_0xf2.c

ASxxxx Linker V05.00,  page 48.
Hexidecimal  [16-Bits]
[ Bank == page_f3 ]

Area                       Addr        Size        Decimal Bytes (Attributes)
--------------------       ----        ----        ------- ----- ------------
.0xf3                      F308        00D8 =         216. bytes (ABS,OVR,CSEG)

         Value  Global                             Global Defined In Module
         -----  --------------------------------   ------------------------
          F308  ___Moveto_ix_FF                    vec_rum_0xf3.c
          F30C  ___Moveto_ix_7F                    vec_rum_0xf3.c
          F30E  ___Moveto_ix_b                     vec_rum_0xf3.c
          F310  ___Moveto_ix                       vec_rum_0xf3.c
          F312  ___Moveto_d                        vec_rum_0xf3.c
          F34A  ___Reset0Ref_D0                    vec_rum_0xf3.c
          F34F  ___Check0Ref                       vec_rum_0xf3.c
          F354  ___Reset0Ref                       vec_rum_0xf3.c
          F35B  ___Reset_Pen                       vec_rum_0xf3.c
          F36B  ___Reset0Int                       vec_rum_0xf3.c
          F373  ___Print_Str_hwyx                  vec_rum_0xf3.c
          F378  ___Print_Str_yx                    vec_rum_0xf3.c
          F37A  ___Print_Str_d                     vec_rum_0xf3.c
          F385  ___Print_List_hw                   vec_rum_0xf3.c
          F38A  ___Print_List                      vec_rum_0xf3.c
          F38C  ___Print_List_chk                  vec_rum_0xf3.c
          F391  ___Print_Ships_x                   vec_rum_0xf3.c
          F393  ___Print_Ships                     vec_rum_0xf3.c
          F3AD  ___Mov_Draw_VLc_a                  vec_rum_0xf3.c
          F3B1  ___Mov_Draw_VL_b                   vec_rum_0xf3.c
          F3B5  ___Mov_Draw_VLcs                   vec_rum_0xf3.c
          F3B7  ___Mov_Draw_VL_ab                  vec_rum_0xf3.c
          F3B9  ___Mov_Draw_VL_a                   vec_rum_0xf3.c
          F3BC  ___Mov_Draw_VL                     vec_rum_0xf3.c
          F3BE  ___Mov_Draw_VL_d                   vec_rum_0xf3.c
          F3CE  ___Draw_VLc                        vec_rum_0xf3.c
          F3D2  ___Draw_VL_b                       vec_rum_0xf3.c
          F3D6  ___Draw_VLcs                       vec_rum_0xf3.c
          F3D8  ___Draw_VL_ab                      vec_rum_0xf3.c
          F3DA  ___Draw_VL_a                       vec_rum_0xf3.c
          F3DD  ___Draw_VL                         vec_rum_0xf3.c
          F3DF  ___Draw_Line_d                     vec_rum_0xf3.c
ASxxxx Linker V05.00,  page 49.
Hexidecimal  [16-Bits]
[ Bank == page_f4 ]

Area                       Addr        Size        Decimal Bytes (Attributes)
--------------------       ----        ----        ------- ----- ------------
.0xf4                      F404        0095 =         149. bytes (ABS,OVR,CSEG)

         Value  Global                             Global Defined In Module
         -----  --------------------------------   ------------------------
          F404  ___Draw_VLp_FF                     vec_rum_0xf4.c
          F408  ___Draw_VLp_7F                     vec_rum_0xf4.c
          F40C  ___Draw_VLp_scale                  vec_rum_0xf4.c
          F40E  ___Draw_VLp_b                      vec_rum_0xf4.c
          F410  ___Draw_VLp                        vec_rum_0xf4.c
          F433  ___Draw_Pat_VL_aa                  vec_rum_0xf4.c
          F434  ___Draw_Pat_VL_a                   vec_rum_0xf4.c
          F437  ___Draw_Pat_VL                     vec_rum_0xf4.c
          F439  ___Draw_Pat_VL_d                   vec_rum_0xf4.c
          F46E  ___Draw_VL_mode                    vec_rum_0xf4.c
          F495  ___Print_Str                       vec_rum_0xf4.c
          F498  ___Print_MRast                     vec_rum_0xf4.c
ASxxxx Linker V05.00,  page 50.
Hexidecimal  [16-Bits]
[ Bank == page_f5 ]

Area                       Addr        Size        Decimal Bytes (Attributes)
--------------------       ----        ----        ------- ----- ------------
.0xf5                      F511        00EF =         239. bytes (ABS,OVR,CSEG)

         Value  Global                             Global Defined In Module
         -----  --------------------------------   ------------------------
          F511  ___Random_3                        vec_rum_0xf5.c
          F517  ___Random                          vec_rum_0xf5.c
          F533  ___Init_Music_Buf                  vec_rum_0xf5.c
          F53F  ___Clear_x_b                       vec_rum_0xf5.c
          F542  ___Clear_C8_RAM                    vec_rum_0xf5.c
          F545  ___Clear_x_256                     vec_rum_0xf5.c
          F548  ___Clear_x_d                       vec_rum_0xf5.c
          F550  ___Clear_x_b_80                    vec_rum_0xf5.c
          F552  ___Clear_x_b_a                     vec_rum_0xf5.c
          F55A  ___Dec_3_Counters                  vec_rum_0xf5.c
          F55E  ___Dec_6_Counters                  vec_rum_0xf5.c
          F563  ___Dec_Counters                    vec_rum_0xf5.c
          F56D  ___Delay_3                         vec_rum_0xf5.c
          F571  ___Delay_2                         vec_rum_0xf5.c
          F575  ___Delay_1                         vec_rum_0xf5.c
          F579  ___Delay_0                         vec_rum_0xf5.c
          F57A  ___Delay_b                         vec_rum_0xf5.c
          F57D  ___Delay_RTS                       vec_rum_0xf5.c
          F57E  ___Bitmask_a                       vec_rum_0xf5.c
          F584  ___Abs_a_b                         vec_rum_0xf5.c
          F58B  ___Abs_b                           vec_rum_0xf5.c
          F593  ___Rise_Run_Angle                  vec_rum_0xf5.c
          F5D9  ___Get_Rise_Idx                    vec_rum_0xf5.c
          F5DB  ___Xform_Sin                       vec_rum_0xf5.c
          F5EF  ___Get_Rise_Run                    vec_rum_0xf5.c
          F5FF  ___Rise_Run_X                      vec_rum_0xf5.c

ASxxxx Linker V05.00,  page 51.
Hexidecimal  [16-Bits]
[ Bank == page_f6 ]

Area                       Addr        Size        Decimal Bytes (Attributes)
--------------------       ----        ----        ------- ----- ------------
.0xf6                      F601        0092 =         146. bytes (ABS,OVR,CSEG)

         Value  Global                             Global Defined In Module
         -----  --------------------------------   ------------------------
          F601  ___Rise_Run_Y                      vec_rum_0xf6.c
          F603  ___Rise_Run_Len                    vec_rum_0xf6.c
          F610  ___Rot_VL_ab                       vec_rum_0xf6.c
          F613  ___Rot_VL_Diff                     vec_rum_0xf6.c
          F616  ___Rot_VL                          vec_rum_0xf6.c
          F61F  ___Rot_VL_Mode                     vec_rum_0xf6.c
          F622  ___Rot_VL_Pack                     vec_rum_0xf6.c
          F62B  ___Rot_VL_M_dft                    vec_rum_0xf6.c
          F65B  ___Xform_Run_a                     vec_rum_0xf6.c
          F65D  ___Xform_Run                       vec_rum_0xf6.c
          F661  ___Xform_Rise_a                    vec_rum_0xf6.c
          F663  ___Xform_Rise                      vec_rum_0xf6.c
          F67F  ___Move_Mem_a_1                    vec_rum_0xf6.c
          F683  ___Move_Mem_a                      vec_rum_0xf6.c
          F687  ___Init_Music_chk                  vec_rum_0xf6.c
          F68D  ___Init_Music                      vec_rum_0xf6.c
          F690  ___Init_Music_a                    vec_rum_0xf6.c
          F692  ___Init_Music_x                    vec_rum_0xf6.c

ASxxxx Linker V05.00,  page 52.
Hexidecimal  [16-Bits]
[ Bank == page_f7 ]

Area                       Addr        Size        Decimal Bytes (Attributes)
--------------------       ----        ----        ------- ----- ------------
.0xf7                      F742        0068 =         104. bytes (ABS,OVR,CSEG)

         Value  Global                             Global Defined In Module
         -----  --------------------------------   ------------------------
          F742  ___Stop_Sound                      vec_rum_0xf7.c
          F7A9  ___Select_Game                     vec_rum_0xf7.c

ASxxxx Linker V05.00,  page 53.
Hexidecimal  [16-Bits]
[ Bank == page_f8 ]

Area                       Addr        Size        Decimal Bytes (Attributes)
--------------------       ----        ----        ------- ----- ------------
.0xf8                      F835        00CB =         203. bytes (ABS,OVR,CSEG)

         Value  Global                             Global Defined In Module
         -----  --------------------------------   ------------------------
          F835  ___Display_Option                  vec_rum_0xf8.c
          F84F  ___Clear_Score                     vec_rum_0xf8.c
          F85E  ___Add_Score_a                     vec_rum_0xf8.c
          F87C  ___Add_Score_d                     vec_rum_0xf8.c
          F8B7  ___Strip_Zeros                     vec_rum_0xf8.c
          F8C7  ___Compare_Score                   vec_rum_0xf8.c
          F8D8  ___New_High_Score                  vec_rum_0xf8.c
          F8E5  ___Obj_Will_Hit_u                  vec_rum_0xf8.c
          F8F3  ___Obj_Will_Hit                    vec_rum_0xf8.c
          F8FF  ___Obj_Hit                         vec_rum_0xf8.c

ASxxxx Linker V05.00,  page 54.
Hexidecimal  [16-Bits]
[ Bank == page_f9 ]

Area                       Addr        Size        Decimal Bytes (Attributes)
--------------------       ----        ----        ------- ----- ------------
.0xf9                      F92E        009D =         157. bytes (ABS,OVR,CSEG)

         Value  Global                             Global Defined In Module
         -----  --------------------------------   ------------------------
          F92E  ___Explosion_Snd                   vec_rum_0xf9.c
          F9CA  ___Set_Amp                         vec_rum_0xf9.c

ASxxxx Linker V05.00,  page 55.
Hexidecimal  [16-Bits]
[ Bank == page_ffx ]

Area                       Addr        Size        Decimal Bytes (Attributes)
--------------------       ----        ----        ------- ----- ------------
.0xffx                     FF9F        0001 =           1. bytes (ABS,OVR,CSEG)

         Value  Global                             Global Defined In Module
         -----  --------------------------------   ------------------------
          FF9F  ___Draw_Grid_VL                    vec_rum_0xff.c

ASxxxx Linker V05.00,  page 56.

Files Linked                              [ module(s) ]

C:\Users\tsuok\Downloads\Vide2.6_RC03.w3  [ crt0.c ]
C:\Users\tsuok\FalloutTTRPG\VectrexTest\  [ anbass ]
C:\Users\tsuok\FalloutTTRPG\VectrexTest\  [ cartridge.enr.c ]
C:\Users\tsuok\FalloutTTRPG\VectrexTest\  [ main.enr.c ]
C:\Users\tsuok\FalloutTTRPG\VectrexTest\  [ song_025 ]
C:\Users\tsuok\FalloutTTRPG\VectrexTest\  [ wolfch1 ]
C:\Users\tsuok\FalloutTTRPG\VectrexTest\  [ ayfxplayer.s ]
C:\Users\tsuok\FalloutTTRPG\VectrexTest\  [ ymplayer.pre.s ]
C:\Users\tsuok\Downloads\Vide2.6_RC03.w3  [ vec_ram_0xc8_0.c ]
C:\Users\tsuok\Downloads\Vide2.6_RC03.w3  [ vec_ram_0xc8_1.c ]
C:\Users\tsuok\Downloads\Vide2.6_RC03.w3  [ vec_ram_0xc8_2.c ]
C:\Users\tsuok\Downloads\Vide2.6_RC03.w3  [ vec_ram_0xcb_0.c ]
C:\Users\tsuok\Downloads\Vide2.6_RC03.w3  [ vec_ram_0xcb_1.c ]
C:\Users\tsuok\Downloads\Vide2.6_RC03.w3  [ vec_ram_0xcb_2.c ]
C:\Users\tsuok\Downloads\Vide2.6_RC03.w3  [ vec_ram_0xcb_3.c ]
C:\Users\tsuok\Downloads\Vide2.6_RC03.w3  [ vec_ram_0xd0_0.c ]
C:\Users\tsuok\Downloads\Vide2.6_RC03.w3  [ vec_ram_0xd0_1.c ]
C:\Users\tsuok\Downloads\Vide2.6_RC03.w3  [ vec_ram_dpc8_0.c ]
C:\Users\tsuok\Downloads\Vide2.6_RC03.w3  [ vec_ram_dpc8_1.c ]
C:\Users\tsuok\Downloads\Vide2.6_RC03.w3  [ vec_ram_dpc8_2.c ]
C:\Users\tsuok\Downloads\Vide2.6_RC03.w3  [ vec_ram_dpcb_0.c ]
C:\Users\tsuok\Downloads\Vide2.6_RC03.w3  [ vec_ram_dpcb_1.c ]
C:\Users\tsuok\Downloads\Vide2.6_RC03.w3  [ vec_ram_dpcb_2.c ]
C:\Users\tsuok\Downloads\Vide2.6_RC03.w3  [ vec_ram_dpcb_3.c ]
C:\Users\tsuok\Downloads\Vide2.6_RC03.w3  [ vec_ram_dpd0_0.c ]
C:\Users\tsuok\Downloads\Vide2.6_RC03.w3  [ vec_ram_dpd0_1.c ]
C:\Users\tsuok\Downloads\Vide2.6_RC03.w3  [ vec_rom_0xed_0.c ]
C:\Users\tsuok\Downloads\Vide2.6_RC03.w3  [ vec_rom_0xfc_0.c ]
C:\Users\tsuok\Downloads\Vide2.6_RC03.w3  [ vec_rom_0xfd_0.c ]
C:\Users\tsuok\Downloads\Vide2.6_RC03.w3  [ vec_rom_0xfe_0.c ]
C:\Users\tsuok\Downloads\Vide2.6_RC03.w3  [ vec_rom_0xfe_1.c ]
C:\Users\tsuok\Downloads\Vide2.6_RC03.w3  [ vec_rom_0xff_0.c ]
C:\Users\tsuok\Downloads\Vide2.6_RC03.w3  [ vec_rom_dped_0.c ]
C:\Users\tsuok\Downloads\Vide2.6_RC03.w3  [ vec_rom_dpfc_0.c ]
C:\Users\tsuok\Downloads\Vide2.6_RC03.w3  [ vec_rom_dpfd_0.c ]
C:\Users\tsuok\Downloads\Vide2.6_RC03.w3  [ vec_rom_dpfe_0.c ]
C:\Users\tsuok\Downloads\Vide2.6_RC03.w3  [ vec_rom_dpfe_1.c ]
C:\Users\tsuok\Downloads\Vide2.6_RC03.w3  [ vec_rom_dpff_0.c ]
C:\Users\tsuok\Downloads\Vide2.6_RC03.w3  [ vec_rum_0xe7.c ]
C:\Users\tsuok\Downloads\Vide2.6_RC03.w3  [ vec_rum_0xe9.c ]
C:\Users\tsuok\Downloads\Vide2.6_RC03.w3  [ vec_rum_0xea.c ]
C:\Users\tsuok\Downloads\Vide2.6_RC03.w3  [ vec_rum_0xf0.c ]
C:\Users\tsuok\Downloads\Vide2.6_RC03.w3  [ vec_rum_0xf1.c ]
C:\Users\tsuok\Downloads\Vide2.6_RC03.w3  [ vec_rum_0xf2.c ]
C:\Users\tsuok\Downloads\Vide2.6_RC03.w3  [ vec_rum_0xf3.c ]
C:\Users\tsuok\Downloads\Vide2.6_RC03.w3  [ vec_rum_0xf4.c ]
C:\Users\tsuok\Downloads\Vide2.6_RC03.w3  [ vec_rum_0xf5.c ]
C:\Users\tsuok\Downloads\Vide2.6_RC03.w3  [ vec_rum_0xf6.c ]
C:\Users\tsuok\Downloads\Vide2.6_RC03.w3  [ vec_rum_0xf7.c ]
C:\Users\tsuok\Downloads\Vide2.6_RC03.w3  [ vec_rum_0xf8.c ]
C:\Users\tsuok\Downloads\Vide2.6_RC03.w3  [ vec_rum_0xf9.c ]
C:\Users\tsuok\Downloads\Vide2.6_RC03.w3  [ vec_rum_0xff.c ]


Libraries Linked                          [ object file ]

C:\Users\tsuok\Downloads\Vide2.6_RC03.w3  [ ./rum/vec_rum_14_05_Intensity_a. ]
C:\Users\tsuok\Downloads\Vide2.6_RC03.w3  [ ./rum/vec_rum_12_06_Do_Sound.rel ]
C:\Users\tsuok\Downloads\Vide2.6_RC03.w3  [ ./rum/vec_rum_05_02_03_Print_Str ]
C:\Users\tsuok\Downloads\Vide2.6_RC03.w3  [ ./rum/vec_rum_13_07_Moveto_d.rel ]


