ASxxxx Linker V05.00,  page 1.
Hexidecimal  [16-Bits]

Area                       Addr        Size        Decimal Bytes (Attributes)
--------------------       ----        ----        ------- ----- ------------
.  .ABS.                   0000        0000 =           0. bytes (ABS,OVR,CSEG)

         Value  Global                             Global Defined In Module
         -----  --------------------------------   ------------------------
          0000  l__DATA                         
          0000  l__CODE                         
          0000  s__DATA                         
          0000  s__CODE                         
          0000  l_.data                         
          0000  l_.text.unlikely                
          0000  .__.ABS.                           crt0.c
          0000  l_.text.last                    
          0000  l_.bankswitch.data              
          0000  l_.bankswitch.code              
          0000  s_.cartridge                    
          0000  l_.text.hot                     
          0000  s_.direct                       
          0001  l_.0xffx                        
          0001  l_.0xf0                         
          0002  l_.0xe9                         
          0010  l_.dpd0                         
          0016  l_.dpcb                         
          0018  l_.bss                          
          0019  l_.dped                         
          001C  s_.bootloader                   
          001C  l_.cartridge                    
          001E  l_.0xe7                         
          0021  l_.dpfc                         
          003B  l_.bootloader                   
          0057  s_.text                         
          0057  s_.bankswitch.data              
          0057  s_.bankswitch.code              
          0068  l_.0xf7                         
          007A  l_.dpff                         
          0080  l_.dpc8                         
          0092  l_.0xf6                         
          0095  l_.0xf4                         
          009D  l_.0xf9                         
          00A7  l_.0xf2                         
          00AD  l_.0xf1                         
          00B3  l_.0xea                         
          00C7  l_.dpfd                         
          00CB  l_.0xf8                         
          00D1  l_.dpfe                         
          00D8  l_.0xf3                         
          00EF  l_.0xf5                         
          0100  l_.direct                       
          07B0  l_.text                         
          0807  s_.text.unlikely                
          0807  s_.text.last                    
          0807  s_.text.hot                     
          C800  s_.dpc8                         
          C880  s_.bss                          
          C880  s_.data                         
ASxxxx Linker V05.00,  page 2.
Hexidecimal  [16-Bits]

Area                       Addr        Size        Decimal Bytes (Attributes)
--------------------       ----        ----        ------- ----- ------------
.  .ABS.                   0000        0000 =           0. bytes (ABS,OVR,CSEG)

         Value  Global                             Global Defined In Module
         -----  --------------------------------   ------------------------
          CBEA  s_.dpcb                         
          D000  s_.dpd0                         
          E7B5  s_.0xe7                         
          E98A  s_.0xe9                         
          EA3E  s_.0xea                         
          ED77  s_.dped                         
          F000  s_.0xf0                         
          F14C  s_.0xf1                         
          F256  s_.0xf2                         
          F308  s_.0xf3                         
          F404  s_.0xf4                         
          F511  s_.0xf5                         
          F601  s_.0xf6                         
          F742  s_.0xf7                         
          F835  s_.0xf8                         
          F92E  s_.0xf9                         
          FC6D  s_.dpfc                         
          FD0D  s_.dpfd                         
          FE28  s_.dpfe                         
          FF16  s_.dpff                         
          FF9F  s_.0xffx                        

ASxxxx Linker V05.00,  page 3.
Hexidecimal  [16-Bits]
[ Bank == rom ]

Area                       Addr        Size        Decimal Bytes (Attributes)
--------------------       ----        ----        ------- ----- ------------
.cartridge                 0000        001C =          28. bytes (REL,CON,CSEG)

         Value  Global                             Global Defined In Module
         -----  --------------------------------   ------------------------
          0000  _game_header                       cartridge.enr.c

ASxxxx Linker V05.00,  page 4.
Hexidecimal  [16-Bits]
[ Bank == rom ]

Area                       Addr        Size        Decimal Bytes (Attributes)
--------------------       ----        ----        ------- ----- ------------
.bootloader                001C        003B =          59. bytes (REL,CON,CSEG)

         Value  Global                             Global Defined In Module
         -----  --------------------------------   ------------------------
          001C  A$crt0$58                          crt0.c
          001F  A$crt0$59                          crt0.c
          0023  A$crt0$60                          crt0.c
          0027  A$crt0$61                          crt0.c
          002B  A$crt0$62                          crt0.c
          002F  A$crt0$63                          crt0.c
          0032  A$crt0$64                          crt0.c
          0034  A$crt0$66                          crt0.c
          0036  A$crt0$67                          crt0.c
          0038  A$crt0$68                          crt0.c
          003A  A$crt0$69                          crt0.c
          003C  A$crt0$71                          crt0.c
          0040  A$crt0$72                          crt0.c
          0043  A$crt0$73                          crt0.c
          0045  A$crt0$75                          crt0.c
          0047  A$crt0$76                          crt0.c
          0049  A$crt0$77                          crt0.c
          004B  A$crt0$79                          crt0.c
          004E  A$crt0$80                          crt0.c
          004F  A$crt0$81                          crt0.c
          0051  A$crt0$82                          crt0.c
          0054  A$crt0$84                          crt0.c

ASxxxx Linker V05.00,  page 5.
Hexidecimal  [16-Bits]
[ Bank == rom ]

Area                       Addr        Size        Decimal Bytes (Attributes)
--------------------       ----        ----        ------- ----- ------------
.text                      0057        07B0 =        1968. bytes (REL,CON,CSEG)

         Value  Global                             Global Defined In Module
         -----  --------------------------------   ------------------------
          0057  _drawScaleScreen                   main.enr.c
          0058  _HookPlayer                        main.enr.c
          0073  _LifeSymbol                        main.enr.c
          007E  _AnotherWave                       main.enr.c
          009D  _paddleHeight                      main.enr.c
          009E  _paddleWidth                       main.enr.c
          009F  _screenMaxFromCentre               main.enr.c
          00A0  _courtMaxWidthFromCentre           main.enr.c
          00A1  A$main$127                         main.enr.c
          00A1  _setup                             main.enr.c
          00A4  A$main$132                         main.enr.c
          00A7  A$main$137                         main.enr.c
          00AA  A$main$142                         main.enr.c
          00AD  A$main$147                         main.enr.c
          00B0  A$main$152                         main.enr.c
          00B3  A$main$153                         main.enr.c
          00B4  A$main$155                         main.enr.c
          00B7  A$main$156                         main.enr.c
          00B8  A$main$158                         main.enr.c
          00BB  A$main$159                         main.enr.c
          00BC  A$main$161                         main.enr.c
          00BE  A$main$162                         main.enr.c
          00C1  A$main$163                         main.enr.c
          00C2  A$main$165                         main.enr.c
          00C4  A$main$166                         main.enr.c
          00C7  A$main$167                         main.enr.c
          00C8  A$main$170                         main.enr.c
          00C8  _drawSpriteWithScaleAtPos          main.enr.c
          00CA  A$main$171                         main.enr.c
          00CC  A$main$172                         main.enr.c
          00CE  A$main$177                         main.enr.c
          00D1  A$main$182                         main.enr.c
          00D4  A$main$183                         main.enr.c
          00D7  A$main$188                         main.enr.c
          00D9  A$main$189                         main.enr.c
          00DB  A$main$190                         main.enr.c
          00DD  A$main$191                         main.enr.c
          00DF  A$main$192                         main.enr.c
          00E1  A$main$193                         main.enr.c
          00E3  A$main$194                         main.enr.c
          00E5  A$main$195                         main.enr.c
          00E8  A$main$196                         main.enr.c
          00EA  A$main$201                         main.enr.c
          00EC  A$main$202                         main.enr.c
          00EF  A$main$207                         main.enr.c
          00F1  A$main$208                         main.enr.c
          00F3  A$main$209                         main.enr.c
          00F5  A$main$210                         main.enr.c
          00F8  A$main$211                         main.enr.c
ASxxxx Linker V05.00,  page 6.
Hexidecimal  [16-Bits]
[ Bank == rom ]

Area                       Addr        Size        Decimal Bytes (Attributes)
--------------------       ----        ----        ------- ----- ------------
.text                      0057        07B0 =        1968. bytes (REL,CON,CSEG)

         Value  Global                             Global Defined In Module
         -----  --------------------------------   ------------------------
          00FA  A$main$212                         main.enr.c
          00FB  _movehook                          main.enr.c
          00FB  A$main$219                         main.enr.c
          00FE  A$main$220                         main.enr.c
          00FF  A$main$221                         main.enr.c
          0101  A$main$226                         main.enr.c
          0104  A$main$227                         main.enr.c
          0106  A$main$228                         main.enr.c
          0109  A$main$229                         main.enr.c
          010B  A$main$231                         main.enr.c
          010E  A$main$232                         main.enr.c
          010F  A$main$233                         main.enr.c
          0111  A$main$238                         main.enr.c
          0114  A$main$239                         main.enr.c
          0116  A$main$240                         main.enr.c
          0119  A$main$246                         main.enr.c
          011C  A$main$247                         main.enr.c
          011D  A$main$248                         main.enr.c
          011F  A$main$253                         main.enr.c
          0122  A$main$254                         main.enr.c
          0124  A$main$255                         main.enr.c
          0127  A$main$256                         main.enr.c
          0129  A$main$258                         main.enr.c
          012C  A$main$259                         main.enr.c
          012D  A$main$260                         main.enr.c
          012F  A$main$265                         main.enr.c
          0132  A$main$266                         main.enr.c
          0134  A$main$267                         main.enr.c
          0137  A$main$273                         main.enr.c
          013A  A$main$274                         main.enr.c
          013C  A$main$275                         main.enr.c
          013E  A$main$276                         main.enr.c
          0140  A$main$277                         main.enr.c
          0143  A$main$283                         main.enr.c
          0146  A$main$284                         main.enr.c
          0148  A$main$285                         main.enr.c
          014A  A$main$286                         main.enr.c
          014C  A$main$287                         main.enr.c
          014F  A$main$293                         main.enr.c
          0152  A$main$294                         main.enr.c
          0154  A$main$295                         main.enr.c
          0156  A$main$296                         main.enr.c
          0158  A$main$297                         main.enr.c
          015B  A$main$303                         main.enr.c
          015E  A$main$304                         main.enr.c
          0160  A$main$305                         main.enr.c
          0162  A$main$306                         main.enr.c
          0164  A$main$307                         main.enr.c
          0167  A$main$313                         main.enr.c
          016A  A$main$314                         main.enr.c
ASxxxx Linker V05.00,  page 7.
Hexidecimal  [16-Bits]
[ Bank == rom ]

Area                       Addr        Size        Decimal Bytes (Attributes)
--------------------       ----        ----        ------- ----- ------------
.text                      0057        07B0 =        1968. bytes (REL,CON,CSEG)

         Value  Global                             Global Defined In Module
         -----  --------------------------------   ------------------------
          016B  A$main$316                         main.enr.c
          016E  A$main$317                         main.enr.c
          016F  A$main$319                         main.enr.c
          0172  A$main$320                         main.enr.c
          0173  A$main$323                         main.enr.c
          0173  _FishGame                          main.enr.c
          0175  A$main$328                         main.enr.c
          0178  A$main$333                         main.enr.c
          017A  A$main$334                         main.enr.c
          017D  A$main$339                         main.enr.c
          0180  A$main$340                         main.enr.c
          0182  A$main$341                         main.enr.c
          0185  A$main$342                         main.enr.c
          0187  A$main$343                         main.enr.c
          0189  A$main$344                         main.enr.c
          018B  A$main$345                         main.enr.c
          018D  A$main$346                         main.enr.c
          018F  A$main$347                         main.enr.c
          0191  A$main$348                         main.enr.c
          0193  A$main$349                         main.enr.c
          0195  A$main$350                         main.enr.c
          0198  A$main$351                         main.enr.c
          019A  A$main$356                         main.enr.c
          019C  A$main$357                         main.enr.c
          019F  A$main$362                         main.enr.c
          01A2  A$main$363                         main.enr.c
          01A5  A$main$368                         main.enr.c
          01A8  A$main$369                         main.enr.c
          01A9  A$main$370                         main.enr.c
          01AB  A$main$375                         main.enr.c
          01AE  A$main$377                         main.enr.c
          01B0  A$main$378                         main.enr.c
          01B1  A$main$385                         main.enr.c
          01B1  _drawWater                         main.enr.c
          01B3  A$main$386                         main.enr.c
          01B5  A$main$387                         main.enr.c
          01B7  A$main$388                         main.enr.c
          01B9  A$main$389                         main.enr.c
          01BB  A$main$390                         main.enr.c
          01BE  A$main$391                         main.enr.c
          01C1  A$main$392                         main.enr.c
          01C3  A$main$393                         main.enr.c
          01C4  _drawLives                         main.enr.c
          01C4  A$main$396                         main.enr.c
          01C6  A$main$397                         main.enr.c
          01C8  A$main$402                         main.enr.c
          01CB  A$main$407                         main.enr.c
          01CD  A$main$408                         main.enr.c
          01D0  A$main$413                         main.enr.c
          01D2  A$main$414                         main.enr.c
ASxxxx Linker V05.00,  page 8.
Hexidecimal  [16-Bits]
[ Bank == rom ]

Area                       Addr        Size        Decimal Bytes (Attributes)
--------------------       ----        ----        ------- ----- ------------
.text                      0057        07B0 =        1968. bytes (REL,CON,CSEG)

         Value  Global                             Global Defined In Module
         -----  --------------------------------   ------------------------
          01D4  A$main$415                         main.enr.c
          01D6  A$main$416                         main.enr.c
          01D8  A$main$417                         main.enr.c
          01DA  A$main$418                         main.enr.c
          01DD  A$main$419                         main.enr.c
          01DF  A$main$424                         main.enr.c
          01E1  A$main$425                         main.enr.c
          01E4  A$main$430                         main.enr.c
          01E7  A$main$431                         main.enr.c
          01EA  A$main$432                         main.enr.c
          01EC  A$main$433                         main.enr.c
          01ED  A$main$436                         main.enr.c
          01ED  _renderLives                       main.enr.c
          01EF  A$main$441                         main.enr.c
          01F1  A$main$442                         main.enr.c
          01F3  A$main$443                         main.enr.c
          01F5  A$main$449                         main.enr.c
          01F7  A$main$450                         main.enr.c
          01F9  A$main$451                         main.enr.c
          01FA  A$main$452                         main.enr.c
          01FC  A$main$453                         main.enr.c
          01FE  A$main$454                         main.enr.c
          0201  A$main$455                         main.enr.c
          0203  A$main$457                         main.enr.c
          0206  A$main$458                         main.enr.c
          0207  A$main$459                         main.enr.c
          0209  A$main$460                         main.enr.c
          020B  A$main$461                         main.enr.c
          020D  A$main$462                         main.enr.c
          020E  _drawBottom                        main.enr.c
          020E  A$main$465                         main.enr.c
          0210  A$main$470                         main.enr.c
          0213  A$main$471                         main.enr.c
          0216  A$main$476                         main.enr.c
          0219  A$main$481                         main.enr.c
          021C  A$main$482                         main.enr.c
          021E  A$main$483                         main.enr.c
          0221  A$main$484                         main.enr.c
          0222  A$main$485                         main.enr.c
          0224  A$main$486                         main.enr.c
          0226  A$main$487                         main.enr.c
          0228  A$main$488                         main.enr.c
          022A  A$main$489                         main.enr.c
          022C  A$main$490                         main.enr.c
          022E  A$main$491                         main.enr.c
          0231  A$main$492                         main.enr.c
          0233  A$main$497                         main.enr.c
          0236  A$main$498                         main.enr.c
          0238  A$main$499                         main.enr.c
          023A  A$main$500                         main.enr.c
ASxxxx Linker V05.00,  page 9.
Hexidecimal  [16-Bits]
[ Bank == rom ]

Area                       Addr        Size        Decimal Bytes (Attributes)
--------------------       ----        ----        ------- ----- ------------
.text                      0057        07B0 =        1968. bytes (REL,CON,CSEG)

         Value  Global                             Global Defined In Module
         -----  --------------------------------   ------------------------
          023B  A$main$501                         main.enr.c
          023D  A$main$502                         main.enr.c
          023F  A$main$503                         main.enr.c
          0240  A$main$504                         main.enr.c
          0242  A$main$505                         main.enr.c
          0244  A$main$506                         main.enr.c
          0246  A$main$507                         main.enr.c
          0249  A$main$508                         main.enr.c
          024B  A$main$509                         main.enr.c
          024D  A$main$510                         main.enr.c
          024E  A$main$517                         main.enr.c
          024E  _PressButtonsToReelIn              main.enr.c
          0251  A$main$518                         main.enr.c
          0253  A$main$519                         main.enr.c
          0255  A$main$524                         main.enr.c
          0257  A$main$525                         main.enr.c
          025A  A$main$530                         main.enr.c
          025C  A$main$531                         main.enr.c
          025F  A$main$536                         main.enr.c
          0261  A$main$537                         main.enr.c
          0264  A$main$542                         main.enr.c
          0266  A$main$548                         main.enr.c
          0269  A$main$549                         main.enr.c
          026B  A$main$550                         main.enr.c
          026C  A$main$551                         main.enr.c
          026E  A$main$556                         main.enr.c
          0271  A$main$557                         main.enr.c
          0273  A$main$558                         main.enr.c
          0276  A$main$560                         main.enr.c
          02B2  _catchingMinigame                  main.enr.c
          02B2  A$main$579                         main.enr.c
          02B5  A$main$580                         main.enr.c
          02B7  A$main$581                         main.enr.c
          02BB  A$main$586                         main.enr.c
          02BE  A$main$591                         main.enr.c
          02C0  A$main$592                         main.enr.c
          02C2  A$main$593                         main.enr.c
          02C5  A$main$594                         main.enr.c
          02C7  A$main$595                         main.enr.c
          02CA  A$main$596                         main.enr.c
          02CC  A$main$601                         main.enr.c
          02CF  A$main$602                         main.enr.c
          02D0  A$main$603                         main.enr.c
          02D2  A$main$608                         main.enr.c
          02D5  A$main$609                         main.enr.c
          02D6  A$main$610                         main.enr.c
          02D9  A$main$611                         main.enr.c
          02DC  A$main$617                         main.enr.c
          02DF  A$main$622                         main.enr.c
          02E2  A$main$627                         main.enr.c
ASxxxx Linker V05.00,  page 10.
Hexidecimal  [16-Bits]
[ Bank == rom ]

Area                       Addr        Size        Decimal Bytes (Attributes)
--------------------       ----        ----        ------- ----- ------------
.text                      0057        07B0 =        1968. bytes (REL,CON,CSEG)

         Value  Global                             Global Defined In Module
         -----  --------------------------------   ------------------------
          02E5  A$main$632                         main.enr.c
          02E8  A$main$633                         main.enr.c
          02EB  A$main$635                         main.enr.c
          02EE  A$main$636                         main.enr.c
          02F0  A$main$637                         main.enr.c
          02F4  A$main$642                         main.enr.c
          02F7  A$main$647                         main.enr.c
          02F9  A$main$648                         main.enr.c
          02FB  A$main$649                         main.enr.c
          02FE  A$main$650                         main.enr.c
          0300  A$main$651                         main.enr.c
          0303  A$main$652                         main.enr.c
          0305  A$main$657                         main.enr.c
          0308  A$main$658                         main.enr.c
          0309  A$main$659                         main.enr.c
          030B  A$main$664                         main.enr.c
          030E  A$main$669                         main.enr.c
          0311  A$main$670                         main.enr.c
          0312  A$main$671                         main.enr.c
          0315  A$main$672                         main.enr.c
          0318  A$main$674                         main.enr.c
          031B  A$main$675                         main.enr.c
          031D  A$main$676                         main.enr.c
          0321  A$main$681                         main.enr.c
          0324  A$main$686                         main.enr.c
          0327  A$main$691                         main.enr.c
          032A  A$main$692                         main.enr.c
          032B  A$main$693                         main.enr.c
          032E  A$main$698                         main.enr.c
          0331  A$main$699                         main.enr.c
          0332  A$main$700                         main.enr.c
          0336  A$main$705                         main.enr.c
          0338  A$main$706                         main.enr.c
          033B  A$main$707                         main.enr.c
          033E  A$main$713                         main.enr.c
          0341  A$main$714                         main.enr.c
          0342  A$main$715                         main.enr.c
          0344  A$main$716                         main.enr.c
          0347  A$main$717                         main.enr.c
          0349  A$main$718                         main.enr.c
          034B  A$main$723                         main.enr.c
          034E  A$main$728                         main.enr.c
          0350  A$main$729                         main.enr.c
          0352  A$main$730                         main.enr.c
          0355  A$main$731                         main.enr.c
          0357  A$main$732                         main.enr.c
          035A  A$main$733                         main.enr.c
          035C  A$main$738                         main.enr.c
          035F  A$main$739                         main.enr.c
          0360  A$main$740                         main.enr.c
ASxxxx Linker V05.00,  page 11.
Hexidecimal  [16-Bits]
[ Bank == rom ]

Area                       Addr        Size        Decimal Bytes (Attributes)
--------------------       ----        ----        ------- ----- ------------
.text                      0057        07B0 =        1968. bytes (REL,CON,CSEG)

         Value  Global                             Global Defined In Module
         -----  --------------------------------   ------------------------
          0363  A$main$741                         main.enr.c
          0365  A$main$747                         main.enr.c
          0367  A$main$748                         main.enr.c
          036A  A$main$753                         main.enr.c
          036C  A$main$754                         main.enr.c
          036F  A$main$756                         main.enr.c
          0370  A$main$763                         main.enr.c
          0370  _resetGame                         main.enr.c
          0373  A$main$768                         main.enr.c
          0376  A$main$773                         main.enr.c
          0379  A$main$778                         main.enr.c
          037C  A$main$783                         main.enr.c
          037F  A$main$788                         main.enr.c
          0381  A$main$789                         main.enr.c
          0384  A$main$790                         main.enr.c
          039E  _main                              main.enr.c
          039E  A$main$798                         main.enr.c
          03A0  A$main$805                         main.enr.c
          03A3  A$main$810                         main.enr.c
          03A6  A$main$815                         main.enr.c
          03A9  A$main$825                         main.enr.c
          03AB  A$main$826                         main.enr.c
          03AE  A$main$831                         main.enr.c
          03B1  A$main$836                         main.enr.c
          03B4  A$main$841                         main.enr.c
          03B6  A$main$842                         main.enr.c
          03B9  A$main$847                         main.enr.c
          03BC  A$main$852                         main.enr.c
          03BF  A$main$857                         main.enr.c
          03C2  A$main$862                         main.enr.c
          03C5  A$main$867                         main.enr.c
          03C8  A$main$868                         main.enr.c
          03CA  A$main$869                         main.enr.c
          03CC  A$main$874                         main.enr.c
          03CF  A$main$879                         main.enr.c
          03D1  A$main$880                         main.enr.c
          03D3  A$main$881                         main.enr.c
          03D6  A$main$882                         main.enr.c
          03D8  A$main$883                         main.enr.c
          03DB  A$main$884                         main.enr.c
          03DD  A$main$889                         main.enr.c
          03E0  A$main$890                         main.enr.c
          03E2  A$main$891                         main.enr.c
          03E3  A$main$892                         main.enr.c
          03E7  A$main$897                         main.enr.c
          03EA  A$main$898                         main.enr.c
          03ED  A$main$904                         main.enr.c
          03F0  A$main$905                         main.enr.c
          03F1  A$main$906                         main.enr.c
          03F5  A$main$911                         main.enr.c
ASxxxx Linker V05.00,  page 12.
Hexidecimal  [16-Bits]
[ Bank == rom ]

Area                       Addr        Size        Decimal Bytes (Attributes)
--------------------       ----        ----        ------- ----- ------------
.text                      0057        07B0 =        1968. bytes (REL,CON,CSEG)

         Value  Global                             Global Defined In Module
         -----  --------------------------------   ------------------------
          03F7  A$main$912                         main.enr.c
          03FA  A$main$918                         main.enr.c
          03FC  A$main$919                         main.enr.c
          03FD  A$main$920                         main.enr.c
          03FF  A$main$921                         main.enr.c
          0401  A$main$922                         main.enr.c
          0403  A$main$923                         main.enr.c
          0404  A$main$924                         main.enr.c
          0405  A$main$925                         main.enr.c
          0407  A$main$926                         main.enr.c
          0409  A$main$927                         main.enr.c
          040B  A$main$928                         main.enr.c
          040D  A$main$929                         main.enr.c
          040F  A$main$930                         main.enr.c
          0410  A$main$931                         main.enr.c
          0411  A$main$932                         main.enr.c
          0413  A$main$933                         main.enr.c
          0415  A$main$934                         main.enr.c
          0419  A$main$935                         main.enr.c
          041C  A$main$940                         main.enr.c
          041E  A$main$941                         main.enr.c
          041F  A$main$942                         main.enr.c
          0421  A$main$943                         main.enr.c
          0423  A$main$944                         main.enr.c
          0425  A$main$945                         main.enr.c
          0426  A$main$946                         main.enr.c
          0427  A$main$947                         main.enr.c
          0429  A$main$948                         main.enr.c
          042B  A$main$949                         main.enr.c
          042D  A$main$950                         main.enr.c
          042F  A$main$951                         main.enr.c
          0431  A$main$952                         main.enr.c
          0432  A$main$953                         main.enr.c
          0433  A$main$954                         main.enr.c
          0435  A$main$955                         main.enr.c
          0437  A$main$956                         main.enr.c
          043B  A$main$957                         main.enr.c
          043E  A$main$958                         main.enr.c
          0440  A$main$960                         main.enr.c
          0442  A$main$961                         main.enr.c
          0444  A$main$962                         main.enr.c
          0448  A$main$963                         main.enr.c
          044B  A$main$969                         main.enr.c
          044E  A$main$970                         main.enr.c
          0451  A$main$972                         main.enr.c
          0453  A$main$973                         main.enr.c
          0455  A$main$978                         main.enr.c
          0457  A$main$979                         main.enr.c
          0459  A$main$980                         main.enr.c
          045B  A$main$981                         main.enr.c
ASxxxx Linker V05.00,  page 13.
Hexidecimal  [16-Bits]
[ Bank == rom ]

Area                       Addr        Size        Decimal Bytes (Attributes)
--------------------       ----        ----        ------- ----- ------------
.text                      0057        07B0 =        1968. bytes (REL,CON,CSEG)

         Value  Global                             Global Defined In Module
         -----  --------------------------------   ------------------------
          045E  A$main$982                         main.enr.c
          0460  A$main$983                         main.enr.c
          0463  A$main$984                         main.enr.c
          0465  A$main$985                         main.enr.c
          0466  A$main$986                         main.enr.c
          0468  A$main$987                         main.enr.c
          046C  A$main$988                         main.enr.c
          046E  A$main$989                         main.enr.c
          0470  A$main$990                         main.enr.c
          0472  A$main$991                         main.enr.c
          0475  A$main$992                         main.enr.c
          0477  A$main$993                         main.enr.c
          047A  A$main$994                         main.enr.c
          047C  A$main$995                         main.enr.c
          047D  A$main$996                         main.enr.c
          047F  A$main$997                         main.enr.c
          0481  A$main$998                         main.enr.c
          0485  A$main$999                         main.enr.c
          0487  A$main$1000                        main.enr.c
          0489  A$main$1001                        main.enr.c
          048B  A$main$1002                        main.enr.c
          048E  A$main$1003                        main.enr.c
          0490  A$main$1004                        main.enr.c
          0493  A$main$1005                        main.enr.c
          0495  A$main$1006                        main.enr.c
          0497  A$main$1007                        main.enr.c
          0499  A$main$1008                        main.enr.c
          049B  A$main$1009                        main.enr.c
          049D  A$main$1010                        main.enr.c
          049F  A$main$1011                        main.enr.c
          04A2  A$main$1012                        main.enr.c
          04A4  A$main$1013                        main.enr.c
          04A7  A$main$1014                        main.enr.c
          04A9  A$main$1015                        main.enr.c
          04AA  A$main$1016                        main.enr.c
          04AC  A$main$1017                        main.enr.c
          04AE  A$main$1022                        main.enr.c
          04B1  A$main$1023                        main.enr.c
          04B2  A$main$1024                        main.enr.c
          04B4  A$main$1029                        main.enr.c
          04B6  A$main$1030                        main.enr.c
          04B9  A$main$1035                        main.enr.c
          04BB  A$main$1036                        main.enr.c
          04BE  A$main$1041                        main.enr.c
          04C0  A$main$1042                        main.enr.c
          04C3  A$main$1048                        main.enr.c
          04C5  A$main$1049                        main.enr.c
          04C6  A$main$1051                        main.enr.c
          04C8  A$main$1052                        main.enr.c
          04CB  A$main$1053                        main.enr.c
ASxxxx Linker V05.00,  page 14.
Hexidecimal  [16-Bits]
[ Bank == rom ]

Area                       Addr        Size        Decimal Bytes (Attributes)
--------------------       ----        ----        ------- ----- ------------
.text                      0057        07B0 =        1968. bytes (REL,CON,CSEG)

         Value  Global                             Global Defined In Module
         -----  --------------------------------   ------------------------
          04CE  A$main$1058                        main.enr.c
          04D1  A$main$1063                        main.enr.c
          04D4  A$main$1064                        main.enr.c
          04D5  A$main$1065                        main.enr.c
          04D7  A$main$1070                        main.enr.c
          04DA  A$main$1071                        main.enr.c
          04DB  A$main$1072                        main.enr.c
          04DE  A$main$1077                        main.enr.c
          04E1  A$main$1078                        main.enr.c
          04E2  A$main$1079                        main.enr.c
          04E4  A$main$1084                        main.enr.c
          04E7  A$main$1085                        main.enr.c
          04EA  A$main$1091                        main.enr.c
          04ED  A$main$1097                        main.enr.c
          04F0  A$main$1098                        main.enr.c
          04F2  A$main$1099                        main.enr.c
          04F4  A$main$1100                        main.enr.c
          04F6  A$main$1101                        main.enr.c
          04F8  A$main$1102                        main.enr.c
          04FC  A$main$1103                        main.enr.c
          04FE  A$main$1104                        main.enr.c
          04FF  A$main$1105                        main.enr.c
          0501  A$main$1106                        main.enr.c
          0503  A$main$1107                        main.enr.c
          0504  A$main$1108                        main.enr.c
          0505  A$main$1109                        main.enr.c
          0508  A$main$1110                        main.enr.c
          050A  A$main$1111                        main.enr.c
          050C  A$main$1112                        main.enr.c
          051E  A$main$1129                        main.enr.c
          0521  A$main$1130                        main.enr.c
          0523  A$main$1131                        main.enr.c
          0525  A$main$1132                        main.enr.c
          0527  A$main$1133                        main.enr.c
          052A  A$main$1134                        main.enr.c
          052C  A$main$1135                        main.enr.c
          052E  A$main$1136                        main.enr.c
          0530  A$main$1144                        main.enr.c
          0532  A$main$1145                        main.enr.c
          0535  A$main$1152                        main.enr.c
          0538  A$main$1158                        main.enr.c
          053B  A$main$1159                        main.enr.c
          053D  A$main$1160                        main.enr.c
          053F  A$main$1161                        main.enr.c
          0542  A$main$1162                        main.enr.c
          0544  A$main$1163                        main.enr.c
          0546  A$main$1164                        main.enr.c
          0549  A$main$1165                        main.enr.c
          054B  A$main$1170                        main.enr.c
          054E  A$main$1171                        main.enr.c
ASxxxx Linker V05.00,  page 15.
Hexidecimal  [16-Bits]
[ Bank == rom ]

Area                       Addr        Size        Decimal Bytes (Attributes)
--------------------       ----        ----        ------- ----- ------------
.text                      0057        07B0 =        1968. bytes (REL,CON,CSEG)

         Value  Global                             Global Defined In Module
         -----  --------------------------------   ------------------------
          0550  A$main$1172                        main.enr.c
          0552  A$main$1173                        main.enr.c
          0555  A$main$1174                        main.enr.c
          0557  A$main$1175                        main.enr.c
          0559  A$main$1176                        main.enr.c
          055C  A$main$1177                        main.enr.c
          055E  A$main$1182                        main.enr.c
          0561  A$main$1190                        main.enr.c
          0564  A$main$1191                        main.enr.c
          0566  A$main$1192                        main.enr.c
          0568  A$main$1193                        main.enr.c
          056A  A$main$1200                        main.enr.c
          056C  A$main$1201                        main.enr.c
          056F  A$main$1208                        main.enr.c
          0572  A$main$1216                        main.enr.c
          0575  A$main$1217                        main.enr.c
          0577  A$main$1218                        main.enr.c
          0579  A$main$1219                        main.enr.c
          057C  A$main$1220                        main.enr.c
          057E  A$main$1221                        main.enr.c
          0580  A$main$1222                        main.enr.c
          0583  A$main$1223                        main.enr.c
          0585  A$main$1228                        main.enr.c
          0588  A$main$1236                        main.enr.c
          058B  A$main$1237                        main.enr.c
          058D  A$main$1238                        main.enr.c
          058F  A$main$1239                        main.enr.c
          0591  A$main$1240                        main.enr.c
          0594  A$main$1241                        main.enr.c
          0596  A$main$1242                        main.enr.c
          0598  A$main$1243                        main.enr.c
          059A  A$main$1251                        main.enr.c
          059C  A$main$1252                        main.enr.c
          059F  A$main$1259                        main.enr.c
          05A2  A$main$1267                        main.enr.c
          05A5  A$main$1268                        main.enr.c
          05A7  A$main$1269                        main.enr.c
          05A9  A$main$1270                        main.enr.c
          05AC  A$main$1271                        main.enr.c
          05AE  A$main$1272                        main.enr.c
          05B0  A$main$1273                        main.enr.c
          05B3  A$main$1274                        main.enr.c
          05B5  A$main$1279                        main.enr.c
          05B8  A$main$1280                        main.enr.c
          05BA  A$main$1281                        main.enr.c
          05BC  A$main$1282                        main.enr.c
          05BF  A$main$1283                        main.enr.c
          05C1  A$main$1284                        main.enr.c
          05C3  A$main$1285                        main.enr.c
          05C4  A$main$1286                        main.enr.c
ASxxxx Linker V05.00,  page 16.
Hexidecimal  [16-Bits]
[ Bank == rom ]

Area                       Addr        Size        Decimal Bytes (Attributes)
--------------------       ----        ----        ------- ----- ------------
.text                      0057        07B0 =        1968. bytes (REL,CON,CSEG)

         Value  Global                             Global Defined In Module
         -----  --------------------------------   ------------------------
          05C7  A$main$1287                        main.enr.c
          05C9  A$main$1292                        main.enr.c
          05CC  A$main$1300                        main.enr.c
          05CF  A$main$1301                        main.enr.c
          05D1  A$main$1302                        main.enr.c
          05D3  A$main$1303                        main.enr.c
          05D5  A$main$1310                        main.enr.c
          05D7  A$main$1311                        main.enr.c
          05DA  A$main$1318                        main.enr.c
          05DD  A$main$1326                        main.enr.c
          05E0  A$main$1327                        main.enr.c
          05E2  A$main$1328                        main.enr.c
          05E4  A$main$1329                        main.enr.c
          05E7  A$main$1330                        main.enr.c
          05E9  A$main$1331                        main.enr.c
          05EB  A$main$1332                        main.enr.c
          05EC  A$main$1333                        main.enr.c
          05EF  A$main$1334                        main.enr.c
          05F1  A$main$1339                        main.enr.c
          05F4  A$main$1347                        main.enr.c
          05F7  A$main$1348                        main.enr.c
          05F9  A$main$1349                        main.enr.c
          05FB  A$main$1350                        main.enr.c
          05FD  A$main$1351                        main.enr.c
          0600  A$main$1352                        main.enr.c
          0602  A$main$1353                        main.enr.c
          0604  A$main$1354                        main.enr.c
          0606  A$main$1362                        main.enr.c
          0608  A$main$1363                        main.enr.c
          060B  A$main$1370                        main.enr.c
          060E  A$main$1378                        main.enr.c
          0611  A$main$1379                        main.enr.c
          0613  A$main$1380                        main.enr.c
          0615  A$main$1381                        main.enr.c
          0618  A$main$1382                        main.enr.c
          061A  A$main$1383                        main.enr.c
          061C  A$main$1384                        main.enr.c
          061D  A$main$1385                        main.enr.c
          0620  A$main$1386                        main.enr.c
          0622  A$main$1391                        main.enr.c
          0625  A$main$1392                        main.enr.c
          0627  A$main$1393                        main.enr.c
          0629  A$main$1394                        main.enr.c
          062C  A$main$1395                        main.enr.c
          062E  A$main$1396                        main.enr.c
          0630  A$main$1397                        main.enr.c
          0631  A$main$1398                        main.enr.c
          0634  A$main$1399                        main.enr.c
          0636  A$main$1404                        main.enr.c
          0639  A$main$1412                        main.enr.c
ASxxxx Linker V05.00,  page 17.
Hexidecimal  [16-Bits]
[ Bank == rom ]

Area                       Addr        Size        Decimal Bytes (Attributes)
--------------------       ----        ----        ------- ----- ------------
.text                      0057        07B0 =        1968. bytes (REL,CON,CSEG)

         Value  Global                             Global Defined In Module
         -----  --------------------------------   ------------------------
          063C  A$main$1413                        main.enr.c
          063E  A$main$1414                        main.enr.c
          0640  A$main$1415                        main.enr.c
          0642  A$main$1422                        main.enr.c
          0644  A$main$1423                        main.enr.c
          0647  A$main$1430                        main.enr.c
          064A  A$main$1438                        main.enr.c
          064D  A$main$1439                        main.enr.c
          064F  A$main$1440                        main.enr.c
          0651  A$main$1441                        main.enr.c
          0654  A$main$1442                        main.enr.c
          0656  A$main$1443                        main.enr.c
          0658  A$main$1444                        main.enr.c
          0659  A$main$1445                        main.enr.c
          065C  A$main$1446                        main.enr.c
          065E  A$main$1451                        main.enr.c
          0661  A$main$1459                        main.enr.c
          0664  A$main$1460                        main.enr.c
          0666  A$main$1461                        main.enr.c
          0668  A$main$1462                        main.enr.c
          066A  A$main$1463                        main.enr.c
          066D  A$main$1464                        main.enr.c
          066F  A$main$1465                        main.enr.c
          0671  A$main$1466                        main.enr.c
          0673  A$main$1474                        main.enr.c
          0675  A$main$1475                        main.enr.c
          0678  A$main$1482                        main.enr.c
          067B  A$main$1490                        main.enr.c
          067E  A$main$1491                        main.enr.c
          0680  A$main$1492                        main.enr.c
          0682  A$main$1493                        main.enr.c
          0685  A$main$1494                        main.enr.c
          0687  A$main$1495                        main.enr.c
          0689  A$main$1496                        main.enr.c
          068A  A$main$1497                        main.enr.c
          068D  A$main$1498                        main.enr.c
          068F  A$main$1503                        main.enr.c
          0692  A$main$1504                        main.enr.c
          0694  A$main$1505                        main.enr.c
          0696  A$main$1506                        main.enr.c
          0699  A$main$1507                        main.enr.c
          069B  A$main$1508                        main.enr.c
          069D  A$main$1509                        main.enr.c
          06A0  A$main$1510                        main.enr.c
          06A2  A$main$1515                        main.enr.c
          06A5  A$main$1523                        main.enr.c
          06A8  A$main$1524                        main.enr.c
          06AA  A$main$1525                        main.enr.c
          06AC  A$main$1526                        main.enr.c
          06AE  A$main$1533                        main.enr.c
ASxxxx Linker V05.00,  page 18.
Hexidecimal  [16-Bits]
[ Bank == rom ]

Area                       Addr        Size        Decimal Bytes (Attributes)
--------------------       ----        ----        ------- ----- ------------
.text                      0057        07B0 =        1968. bytes (REL,CON,CSEG)

         Value  Global                             Global Defined In Module
         -----  --------------------------------   ------------------------
          06B0  A$main$1534                        main.enr.c
          06B3  A$main$1541                        main.enr.c
          06B6  A$main$1549                        main.enr.c
          06B9  A$main$1550                        main.enr.c
          06BB  A$main$1551                        main.enr.c
          06BD  A$main$1552                        main.enr.c
          06C0  A$main$1553                        main.enr.c
          06C2  A$main$1554                        main.enr.c
          06C4  A$main$1555                        main.enr.c
          06C7  A$main$1556                        main.enr.c
          06C9  A$main$1561                        main.enr.c
          06CB  A$main$1569                        main.enr.c
          06CD  A$main$1570                        main.enr.c
          06D0  A$main$1575                        main.enr.c
          06D2  A$main$1583                        main.enr.c
          06D4  A$main$1584                        main.enr.c
          06D7  A$main$1589                        main.enr.c
          06D9  A$main$1590                        main.enr.c
          06DC  A$main$1595                        main.enr.c
          06DF  A$main$1596                        main.enr.c
          06E1  A$main$1597                        main.enr.c
          06E3  A$main$1598                        main.enr.c
          06E6  A$main$1599                        main.enr.c
          06E8  A$main$1600                        main.enr.c
          06EB  A$main$1601                        main.enr.c
          06ED  A$main$1602                        main.enr.c
          06F0  A$main$1603                        main.enr.c
          06F3  A$main$1604                        main.enr.c
          06F5  A$main$1605                        main.enr.c
          06F8  A$main$1606                        main.enr.c
          06FB  A$main$1607                        main.enr.c
          06FD  A$main$1609                        main.enr.c
          0700  A$main$1610                        main.enr.c
          0702  A$main$1612                        main.enr.c
          0704  A$main$1613                        main.enr.c
          0706  A$main$1618                        main.enr.c
          0709  A$main$1619                        main.enr.c
          070B  A$main$1620                        main.enr.c
          070D  A$main$1625                        main.enr.c
          0710  A$main$1626                        main.enr.c
          0712  A$main$1627                        main.enr.c
          0714  A$main$1628                        main.enr.c
          0716  A$main$1629                        main.enr.c
          0717  A$main$1630                        main.enr.c
          0719  A$main$1631                        main.enr.c
          071B  A$main$1632                        main.enr.c
          071D  A$main$1633                        main.enr.c
          071E  A$main$1634                        main.enr.c
          0720  A$main$1635                        main.enr.c
          0722  A$main$1636                        main.enr.c
ASxxxx Linker V05.00,  page 19.
Hexidecimal  [16-Bits]
[ Bank == rom ]

Area                       Addr        Size        Decimal Bytes (Attributes)
--------------------       ----        ----        ------- ----- ------------
.text                      0057        07B0 =        1968. bytes (REL,CON,CSEG)

         Value  Global                             Global Defined In Module
         -----  --------------------------------   ------------------------
          0723  A$main$1637                        main.enr.c
          0724  A$main$1638                        main.enr.c
          0725  A$main$1639                        main.enr.c
          0726  A$main$1640                        main.enr.c
          0728  A$main$1641                        main.enr.c
          072A  A$main$1642                        main.enr.c
          072B  A$main$1643                        main.enr.c
          072C  A$main$1644                        main.enr.c
          072E  A$main$1645                        main.enr.c
          072F  A$main$1646                        main.enr.c
          0731  A$main$1647                        main.enr.c
          0732  A$main$1648                        main.enr.c
          0734  A$main$1649                        main.enr.c
          0735  A$main$1651                        main.enr.c
          0737  A$main$1652                        main.enr.c
          0738  A$main$1653                        main.enr.c
          073A  A$main$1658                        main.enr.c
          073C  A$main$1659                        main.enr.c
          073F  A$main$1664                        main.enr.c
          0742  A$main$1665                        main.enr.c
          0744  A$main$1666                        main.enr.c
          0746  A$main$1667                        main.enr.c
          0748  A$main$1672                        main.enr.c
          074B  A$main$1673                        main.enr.c
          074D  A$main$1674                        main.enr.c
          074E  A$main$1675                        main.enr.c
          0750  A$main$1676                        main.enr.c
          0752  A$main$1681                        main.enr.c
          0754  A$main$1682                        main.enr.c
          0756  A$main$1687                        main.enr.c
          0758  A$main$1688                        main.enr.c
          075A  A$main$1693                        main.enr.c
          075C  A$main$1694                        main.enr.c
          075E  A$main$1695                        main.enr.c
          0760  A$main$1700                        main.enr.c
          0762  A$main$1701                        main.enr.c
          0764  A$main$1702                        main.enr.c
          0766  A$main$1708                        main.enr.c
          0768  A$main$1709                        main.enr.c
          076A  A$main$1710                        main.enr.c
          076C  A$main$1715                        main.enr.c
          076E  A$main$1716                        main.enr.c
          0770  A$main$1717                        main.enr.c
          0772  A$main$1722                        main.enr.c
          0774  A$main$1723                        main.enr.c
          0776  A$main$1724                        main.enr.c
          0778  A$main$1730                        main.enr.c
          077A  A$main$1731                        main.enr.c
          077C  A$main$1732                        main.enr.c
          077E  A$main$1737                        main.enr.c
ASxxxx Linker V05.00,  page 20.
Hexidecimal  [16-Bits]
[ Bank == rom ]

Area                       Addr        Size        Decimal Bytes (Attributes)
--------------------       ----        ----        ------- ----- ------------
.text                      0057        07B0 =        1968. bytes (REL,CON,CSEG)

         Value  Global                             Global Defined In Module
         -----  --------------------------------   ------------------------
          0780  A$main$1738                        main.enr.c
          0782  A$main$1739                        main.enr.c
          0784  A$main$1744                        main.enr.c
          0786  A$main$1745                        main.enr.c
          0788  A$main$1746                        main.enr.c
          078A  A$main$1752                        main.enr.c
          078C  A$main$1753                        main.enr.c
          078E  A$main$1754                        main.enr.c
          0790  A$main$1759                        main.enr.c
          0792  A$main$1760                        main.enr.c
          0794  A$main$1761                        main.enr.c
          0796  A$main$1766                        main.enr.c
          0798  A$main$1767                        main.enr.c
          079A  A$main$1768                        main.enr.c
          079C  A$main$1770                        main.enr.c
          079E  A$main$1771                        main.enr.c
          079F  A$main$1773                        main.enr.c
          07A1  A$main$1774                        main.enr.c
          07A3  A$main$1781                        main.enr.c
          07A5  A$main$1782                        main.enr.c
          07A7  A$main$1788                        main.enr.c
          07A9  A$main$1789                        main.enr.c
          07AA  A$main$1790                        main.enr.c
          07AC  A$main$1791                        main.enr.c
          07AE  A$main$1792                        main.enr.c
          07B0  A$main$1793                        main.enr.c
          07B1  A$main$1794                        main.enr.c
          07B2  A$main$1795                        main.enr.c
          07B4  A$main$1796                        main.enr.c
          07B6  A$main$1797                        main.enr.c
          07B8  A$main$1798                        main.enr.c
          07BA  A$main$1799                        main.enr.c
          07BC  A$main$1800                        main.enr.c
          07BD  A$main$1801                        main.enr.c
          07BE  A$main$1802                        main.enr.c
          07C0  A$main$1803                        main.enr.c
          07C2  A$main$1804                        main.enr.c
          07C6  A$main$1805                        main.enr.c
          07C8  A$main$1806                        main.enr.c
          07CA  A$main$1807                        main.enr.c
          07CC  A$main$1809                        main.enr.c
          07CE  A$main$1810                        main.enr.c
          07D0  A$main$1811                        main.enr.c
          07D2  A$main$1812                        main.enr.c
          07D4  A$main$1813                        main.enr.c
          07D6  __Intensity_a                      vec_rum_14_05_Intensity_a.c
          07DB  __Random                           vec_rum_06_02_Random.c
          07E5  __Print_Str_d                      vec_rum_05_02_03_Print_Str_d
          07F8  __Dot_d                            vec_rum_05_01_03_Dot_d.c
          07FD  __Draw_Line_d                      vec_rum_05_03_01_04_Draw_Lin
ASxxxx Linker V05.00,  page 21.
Hexidecimal  [16-Bits]
[ Bank == rom ]

Area                       Addr        Size        Decimal Bytes (Attributes)
--------------------       ----        ----        ------- ----- ------------
.text                      0057        07B0 =        1968. bytes (REL,CON,CSEG)

         Value  Global                             Global Defined In Module
         -----  --------------------------------   ------------------------
          0802  __Moveto_d                         vec_rum_13_07_Moveto_d.c
ASxxxx Linker V05.00,  page 22.
Hexidecimal  [16-Bits]
[ Bank == ram ]

Area                       Addr        Size        Decimal Bytes (Attributes)
--------------------       ----        ----        ------- ----- ------------
.bss                       C880        0018 =          24. bytes (REL,CON,CSEG)

         Value  Global                             Global Defined In Module
         -----  --------------------------------   ------------------------
          C880  _waitTimer                         main.enr.c
          C881  _GameState                         main.enr.c
          C882  _hook_yPos                         main.enr.c
          C883  _hook_xPos                         main.enr.c
          C884  _lives                             main.enr.c
          C885  _fishIsCaught                      main.enr.c
          C886  _current_fishes                    main.enr.c

ASxxxx Linker V05.00,  page 23.
Hexidecimal  [16-Bits]
[ Bank == page_c8 ]

Area                       Addr        Size        Decimal Bytes (Attributes)
--------------------       ----        ----        ------- ----- ------------
.dpc8                      C800        0080 =         128. bytes (ABS,OVR,CSEG)

         Value  Global                             Global Defined In Module
         -----  --------------------------------   ------------------------
          C800  _Vec_Snd_shadow                    vec_ram_0xc8_0.c
          C800  _Vec_Snd_Shadow                    vec_ram_0xc8_1.c
          C80F  _Vec_Btn_State                     vec_ram_0xc8_0.c
          C810  _Vec_Prev_Btns                     vec_ram_0xc8_0.c
          C811  _Vec_Buttons                       vec_ram_0xc8_0.c
          C812  _Vec_Button_1_1                    vec_ram_0xc8_0.c
          C813  _Vec_Button_1_2                    vec_ram_0xc8_0.c
          C814  _Vec_Button_1_3                    vec_ram_0xc8_0.c
          C815  _Vec_Button_1_4                    vec_ram_0xc8_0.c
          C816  _Vec_Button_2_1                    vec_ram_0xc8_0.c
          C817  _Vec_Button_2_2                    vec_ram_0xc8_0.c
          C818  _Vec_Button_2_3                    vec_ram_0xc8_0.c
          C819  _Vec_Button_2_4                    vec_ram_0xc8_0.c
          C81A  _Vec_Joy_Resltn                    vec_ram_0xc8_0.c
          C81B  _Vec_Joy_1_X                       vec_ram_0xc8_0.c
          C81C  _Vec_Joy_1_Y                       vec_ram_0xc8_0.c
          C81D  _Vec_Joy_2_X                       vec_ram_0xc8_0.c
          C81E  _Vec_Joy_2_Y                       vec_ram_0xc8_0.c
          C81F  _Vec_Joy_mux                       vec_ram_0xc8_0.c
          C81F  _Vec_Joy_Mux_1_X                   vec_ram_0xc8_1.c
          C81F  _Vec_Joy_Mux                       vec_ram_0xc8_2.c
          C820  _Vec_Joy_Mux_1_Y                   vec_ram_0xc8_1.c
          C821  _Vec_Joy_Mux_2_X                   vec_ram_0xc8_1.c
          C822  _Vec_Joy_Mux_2_Y                   vec_ram_0xc8_1.c
          C823  _Vec_Misc_Count                    vec_ram_0xc8_0.c
          C824  _Vec_0Ref_Enable                   vec_ram_0xc8_0.c
          C825  _Vec_Loop_Count                    vec_ram_0xc8_0.c
          C825  _Vec_Loop_Count_hi                 vec_ram_0xc8_1.c
          C826  _Vec_Loop_Count_lo                 vec_ram_0xc8_1.c
          C827  _Vec_Brightness                    vec_ram_0xc8_0.c
          C828  _Vec_Dot_Dwell                     vec_ram_0xc8_0.c
          C829  _Vec_Pattern                       vec_ram_0xc8_0.c
          C82A  _Vec_Text_HW                       vec_ram_0xc8_0.c
          C82A  _Vec_Text_Height                   vec_ram_0xc8_1.c
          C82B  _Vec_Text_Width                    vec_ram_0xc8_1.c
          C82C  _Vec_Str_Ptr                       vec_ram_0xc8_0.c
          C82E  _Vec_counters                      vec_ram_0xc8_0.c
          C82E  _Vec_Counter_1                     vec_ram_0xc8_1.c
          C82E  _Vec_Counters                      vec_ram_0xc8_2.c
          C82F  _Vec_Counter_2                     vec_ram_0xc8_1.c
          C830  _Vec_Counter_3                     vec_ram_0xc8_1.c
          C831  _Vec_Counter_4                     vec_ram_0xc8_1.c
          C832  _Vec_Counter_5                     vec_ram_0xc8_1.c
          C833  _Vec_Counter_6                     vec_ram_0xc8_1.c
          C834  _Vec_RiseRun_Tmp                   vec_ram_0xc8_0.c
          C836  _Vec_Angle                         vec_ram_0xc8_0.c
          C837  _Vec_Run_Index                     vec_ram_0xc8_0.c
          C839  _Vec_Rise_Index                    vec_ram_0xc8_0.c
          C839  _Vec_XXX_00                        vec_ram_0xc8_1.c
ASxxxx Linker V05.00,  page 24.
Hexidecimal  [16-Bits]
[ Bank == page_c8 ]

Area                       Addr        Size        Decimal Bytes (Attributes)
--------------------       ----        ----        ------- ----- ------------
.dpc8                      C800        0080 =         128. bytes (ABS,OVR,CSEG)

         Value  Global                             Global Defined In Module
         -----  --------------------------------   ------------------------
          C83B  _Vec_RiseRun_Len                   vec_ram_0xc8_0.c
          C83B  _Vec_XXX_01                        vec_ram_0xc8_1.c
          C83C  _Vec_XXX_02                        vec_ram_0xc8_0.c
          C83D  _Vec_Rfrsh                         vec_ram_0xc8_0.c
          C83D  _Vec_Rfrsh_lo                      vec_ram_0xc8_1.c
          C83E  _Vec_Rfrsh_hi                      vec_ram_0xc8_1.c
          C83F  _Vec_Music_Work                    vec_ram_0xc8_0.c
          C842  _Vec_Music_Wk_A                    vec_ram_0xc8_0.c
          C843  _Vec_XXX_03                        vec_ram_0xc8_0.c
          C844  _Vec_XXX_04                        vec_ram_0xc8_0.c
          C845  _Vec_Music_Wk_7                    vec_ram_0xc8_0.c
          C846  _Vec_Music_Wk_6                    vec_ram_0xc8_0.c
          C847  _Vec_Music_Wk_5                    vec_ram_0xc8_0.c
          C848  _Vec_XXX_05                        vec_ram_0xc8_0.c
          C849  _Vec_XXX_06                        vec_ram_0xc8_0.c
          C84A  _Vec_XXX_07                        vec_ram_0xc8_0.c
          C84B  _Vec_Music_Wk_1                    vec_ram_0xc8_0.c
          C84C  _Vec_XXX_08                        vec_ram_0xc8_0.c
          C84D  _Vec_Freq_Table                    vec_ram_0xc8_0.c
          C84F  _Vec_ADSR_Table                    vec_ram_0xc8_0.c
          C84F  _Vec_Max_Players                   vec_ram_0xc8_1.c
          C850  _Vec_Max_Games                     vec_ram_0xc8_1.c
          C851  _Vec_Twang_Table                   vec_ram_0xc8_0.c
          C853  _Vec_Music_Ptr                     vec_ram_0xc8_0.c
          C853  _Vec_Expl_ChanA                    vec_ram_0xc8_1.c
          C854  _Vec_Expl_Chans                    vec_ram_0xc8_1.c
          C855  _Vec_Music_Chan                    vec_ram_0xc8_0.c
          C856  _Vec_Music_Flag                    vec_ram_0xc8_0.c
          C857  _Vec_Duration                      vec_ram_0xc8_0.c
          C858  _Vec_Expl_1                        vec_ram_0xc8_0.c
          C858  _Vec_Music_Twang                   vec_ram_0xc8_1.c
          C859  _Vec_Expl_2                        vec_ram_0xc8_0.c
          C85A  _Vec_Expl_3                        vec_ram_0xc8_0.c
          C85B  _Vec_Expl_4                        vec_ram_0xc8_0.c
          C85C  _Vec_Expl_Chan                     vec_ram_0xc8_0.c
          C85D  _Vec_Expl_ChanB                    vec_ram_0xc8_0.c
          C85E  _Vec_ADSR_timers                   vec_ram_0xc8_0.c
          C85E  _Vec_ADSR_Timers                   vec_ram_0xc8_1.c
          C85E  _Vec_XXX_09                        vec_ram_0xc8_2.c
          C861  _Vec_Music_freq                    vec_ram_0xc8_0.c
          C861  _Vec_Music_Freq                    vec_ram_0xc8_1.c
          C867  _Vec_Expl_Flag                     vec_ram_0xc8_0.c
          C868  _Vec_XXX_10                        vec_ram_0xc8_0.c
          C869  _Vec_XXX_11                        vec_ram_0xc8_0.c
          C86A  _Vec_XXX_12                        vec_ram_0xc8_0.c
          C86B  _Vec_XXX_13                        vec_ram_0xc8_0.c
          C86C  _Vec_XXX_14                        vec_ram_0xc8_0.c
          C86D  _Vec_XXX_15                        vec_ram_0xc8_0.c
          C86E  _Vec_XXX_16                        vec_ram_0xc8_0.c
          C86F  _Vec_XXX_17                        vec_ram_0xc8_0.c
ASxxxx Linker V05.00,  page 25.
Hexidecimal  [16-Bits]
[ Bank == page_c8 ]

Area                       Addr        Size        Decimal Bytes (Attributes)
--------------------       ----        ----        ------- ----- ------------
.dpc8                      C800        0080 =         128. bytes (ABS,OVR,CSEG)

         Value  Global                             Global Defined In Module
         -----  --------------------------------   ------------------------
          C870  _Vec_XXX_18                        vec_ram_0xc8_0.c
          C871  _Vec_XXX_19                        vec_ram_0xc8_0.c
          C872  _Vec_XXX_20                        vec_ram_0xc8_0.c
          C873  _Vec_XXX_21                        vec_ram_0xc8_0.c
          C874  _Vec_XXX_22                        vec_ram_0xc8_0.c
          C875  _Vec_XXX_23                        vec_ram_0xc8_0.c
          C876  _Vec_XXX_24                        vec_ram_0xc8_0.c
          C877  _Vec_Expl_Timer                    vec_ram_0xc8_0.c
          C878  _Vec_XXX_25                        vec_ram_0xc8_0.c
          C879  _Vec_Num_Players                   vec_ram_0xc8_0.c
          C87A  _Vec_Num_Game                      vec_ram_0xc8_0.c
          C87B  _Vec_Seed_Ptr                      vec_ram_0xc8_0.c
          C87D  _Vec_Random_Seed0                  vec_ram_0xc8_0.c
          C87D  _Vec_Random_Seed                   vec_ram_0xc8_1.c
          C87E  _Vec_Random_Seed1                  vec_ram_0xc8_0.c
          C87F  _Vec_Random_Seed2                  vec_ram_0xc8_0.c

ASxxxx Linker V05.00,  page 26.
Hexidecimal  [16-Bits]
[ Bank == page_cb ]

Area                       Addr        Size        Decimal Bytes (Attributes)
--------------------       ----        ----        ------- ----- ------------
.dpcb                      CBEA        0016 =          22. bytes (ABS,OVR,CSEG)

         Value  Global                             Global Defined In Module
         -----  --------------------------------   ------------------------
          CBEA  _Vec_Default_Stk                   vec_ram_0xcb_0.c
          CBEB  _Vec_High_Score                    vec_ram_0xcb_0.c
          CBEB  _Vec_High_score                    vec_ram_0xcb_1.c
          CBF2  _Vec_SWI3_Vector                   vec_ram_0xcb_0.c
          CBF2  _Vec_SWI3_vector                   vec_ram_0xcb_1.c
          CBF2  _Vec_SWI2_Vector                   vec_ram_0xcb_2.c
          CBF2  _Vec_SWI2_vector                   vec_ram_0xcb_3.c
          CBF5  _Vec_FIRQ_Vector                   vec_ram_0xcb_0.c
          CBF5  _Vec_FIRQ_vector                   vec_ram_0xcb_1.c
          CBF8  _Vec_IRQ_Vector                    vec_ram_0xcb_0.c
          CBF8  _Vec_IRQ_vector                    vec_ram_0xcb_1.c
          CBFB  _Vec_SWI_Vector                    vec_ram_0xcb_0.c
          CBFB  _Vec_SWI_vector                    vec_ram_0xcb_1.c
          CBFB  _Vec_NWI_Vector                    vec_ram_0xcb_2.c
          CBFB  _Vec_NWI_vector                    vec_ram_0xcb_3.c
          CBFE  _Vec_Cold_Flag                     vec_ram_0xcb_0.c
ASxxxx Linker V05.00,  page 27.
Hexidecimal  [16-Bits]
[ Bank == page_d0 ]

Area                       Addr        Size        Decimal Bytes (Attributes)
--------------------       ----        ----        ------- ----- ------------
.dpd0                      D000        0010 =          16. bytes (ABS,OVR,CSEG)

         Value  Global                             Global Defined In Module
         -----  --------------------------------   ------------------------
          D000  _VIA_port_b                        vec_ram_0xd0_0.c
          D000  _VIA_port_ba                       vec_ram_0xd0_1.c
          D001  _VIA_port_a                        vec_ram_0xd0_0.c
          D002  _VIA_DDR_b                         vec_ram_0xd0_0.c
          D002  _VIA_DDR_ba                        vec_ram_0xd0_1.c
          D003  _VIA_DDR_a                         vec_ram_0xd0_0.c
          D004  _VIA_t1_cnt_lo                     vec_ram_0xd0_0.c
          D004  _VIA_t1_cnt                        vec_ram_0xd0_1.c
          D005  _VIA_t1_cnt_hi                     vec_ram_0xd0_0.c
          D006  _VIA_t1_lch_lo                     vec_ram_0xd0_0.c
          D006  _VIA_t1_lch                        vec_ram_0xd0_1.c
          D007  _VIA_t1_lch_hi                     vec_ram_0xd0_0.c
          D008  _VIA_t2_lo                         vec_ram_0xd0_0.c
          D008  _VIA_t2                            vec_ram_0xd0_1.c
          D009  _VIA_t2_hi                         vec_ram_0xd0_0.c
          D00A  _VIA_shift_reg                     vec_ram_0xd0_0.c
          D00A  _dummy                             vec_ram_0xd0_1.c
          D00B  _VIA_aux_cntl                      vec_ram_0xd0_0.c
          D00B  _VIA_aux_cntl_w                    vec_ram_0xd0_1.c
          D00C  _VIA_cntl                          vec_ram_0xd0_0.c
          D00D  _VIA_int_flags                     vec_ram_0xd0_0.c
          D00E  _VIA_int_enable                    vec_ram_0xd0_0.c
          D00F  _VIA_port_a_nohs                   vec_ram_0xd0_0.c

ASxxxx Linker V05.00,  page 28.
Hexidecimal  [16-Bits]
[ Bank == page_00 ]

Area                       Addr        Size        Decimal Bytes (Attributes)
--------------------       ----        ----        ------- ----- ------------
.direct                    0000        0100 =         256. bytes (ABS,OVR,CSEG)

         Value  Global                             Global Defined In Module
         -----  --------------------------------   ------------------------
          0000  _dp_Vec_Snd_shadow                 vec_ram_dpc8_0.c
          0000  _dp_Vec_Snd_Shadow                 vec_ram_dpc8_1.c
          0000  _dp_VIA_port_b                     vec_ram_dpd0_0.c
          0000  _dp_VIA_port_ba                    vec_ram_dpd0_1.c
          0001  _dp_VIA_port_a                     vec_ram_dpd0_0.c
          0002  _dp_VIA_DDR_b                      vec_ram_dpd0_0.c
          0002  _dp_VIA_DDR_ba                     vec_ram_dpd0_1.c
          0003  _dp_VIA_DDR_a                      vec_ram_dpd0_0.c
          0004  _dp_VIA_t1_cnt_lo                  vec_ram_dpd0_0.c
          0004  _dp_VIA_t1_cnt                     vec_ram_dpd0_1.c
          0005  _dp_VIA_t1_cnt_hi                  vec_ram_dpd0_0.c
          0006  _dp_VIA_t1_lch_lo                  vec_ram_dpd0_0.c
          0006  _dp_VIA_t1_lch                     vec_ram_dpd0_1.c
          0007  _dp_VIA_t1_lch_hi                  vec_ram_dpd0_0.c
          0008  _dp_VIA_t2_lo                      vec_ram_dpd0_0.c
          0008  _dp_VIA_t2                         vec_ram_dpd0_1.c
          0009  _dp_VIA_t2_hi                      vec_ram_dpd0_0.c
          000A  _dp_VIA_shift_reg                  vec_ram_dpd0_0.c
          000A  _dp_dummy                          vec_ram_dpd0_1.c
          000B  _dp_VIA_aux_cntl                   vec_ram_dpd0_0.c
          000B  _dp_VIA_aux_cntl_w                 vec_ram_dpd0_1.c
          000C  _dp_VIA_cntl                       vec_ram_dpd0_0.c
          000D  _dp_VIA_int_flags                  vec_ram_dpd0_0.c
          000D  _dp_Vec_Music_1                    vec_rom_dpfd_0.c
[...]
          FF62  _Vec_Music_b                       vec_rom_0xff_0.c
          FF7A  _Vec_Music_c                       vec_rom_0xff_0.c
          FF8F  _Vec_Music_d                       vec_rom_0xff_0.c

ASxxxx Linker V05.00,  page 37.
Hexidecimal  [16-Bits]
[ Bank == page_e7 ]

Area                       Addr        Size        Decimal Bytes (Attributes)
--------------------       ----        ----        ------- ----- ------------
.0xe7                      E7B5        001E =          30. bytes (ABS,OVR,CSEG)

         Value  Global                             Global Defined In Module
         -----  --------------------------------   ------------------------
          E7B5  ___Displ8_xy                       vec_rum_0xe7.c
          E7D2  ___Displ16_xy                      vec_rum_0xe7.c

ASxxxx Linker V05.00,  page 38.
Hexidecimal  [16-Bits]
[ Bank == page_e9 ]

Area                       Addr        Size        Decimal Bytes (Attributes)
--------------------       ----        ----        ------- ----- ------------
.0xe9                      E98A        0002 =           2. bytes (ABS,OVR,CSEG)

         Value  Global                             Global Defined In Module
         -----  --------------------------------   ------------------------
          E98A  ___Ranpos                          vec_rum_0xe9.c

ASxxxx Linker V05.00,  page 39.
Hexidecimal  [16-Bits]
[ Bank == page_ea ]

Area                       Addr        Size        Decimal Bytes (Attributes)
--------------------       ----        ----        ------- ----- ------------
.0xea                      EA3E        00B3 =         179. bytes (ABS,OVR,CSEG)

         Value  Global                             Global Defined In Module
         -----  --------------------------------   ------------------------
          EA3E  ___Rnd_Cone                        vec_rum_0xea.c
          EA5D  ___Dot_y                           vec_rum_0xea.c
          EA6D  ___Dot_py                          vec_rum_0xea.c
          EA7F  ___Draw_Pack                       vec_rum_0xea.c
          EA8D  ___Draw_Pack_py                    vec_rum_0xea.c
          EAA8  ___Print_Msg                       vec_rum_0xea.c
          EAB4  ___Draw_Score                      vec_rum_0xea.c
          EACF  ___Draw_Scores                     vec_rum_0xea.c
          EAF0  ___Wait_Bound                      vec_rum_0xea.c

ASxxxx Linker V05.00,  page 40.
Hexidecimal  [16-Bits]
[ Bank == page_f0 ]

Area                       Addr        Size        Decimal Bytes (Attributes)
--------------------       ----        ----        ------- ----- ------------
.0xf0                      F000        0001 =           1. bytes (ABS,OVR,CSEG)

         Value  Global                             Global Defined In Module
         -----  --------------------------------   ------------------------
          F000  ___Reset                           vec_rum_0xf0.c

ASxxxx Linker V05.00,  page 41.
Hexidecimal  [16-Bits]
[ Bank == page_f1 ]

Area                       Addr        Size        Decimal Bytes (Attributes)
--------------------       ----        ----        ------- ----- ------------
.0xf1                      F14C        00AD =         173. bytes (ABS,OVR,CSEG)

         Value  Global                             Global Defined In Module
         -----  --------------------------------   ------------------------
          F14C  ___Init_VIA                        vec_rum_0xf1.c
          F164  ___Init_OS_RAM                     vec_rum_0xf1.c
          F18B  ___Init_OS                         vec_rum_0xf1.c
          F192  ___Wait_Recal                      vec_rum_0xf1.c
          F1AA  ___DP_to_D0                        vec_rum_0xf1.c
          F1AF  ___DP_to_C8                        vec_rum_0xf1.c
          F1B4  ___Read_Btns_Mask                  vec_rum_0xf1.c
          F1BA  ___Read_Btns                       vec_rum_0xf1.c
          F1F5  ___Joy_Analog                      vec_rum_0xf1.c
          F1F8  ___Joy_Digital                     vec_rum_0xf1.c

ASxxxx Linker V05.00,  page 42.
Hexidecimal  [16-Bits]
[ Bank == page_f2 ]

Area                       Addr        Size        Decimal Bytes (Attributes)
--------------------       ----        ----        ------- ----- ------------
.0xf2                      F256        00A7 =         167. bytes (ABS,OVR,CSEG)

         Value  Global                             Global Defined In Module
         -----  --------------------------------   ------------------------
          F256  ___Sound_Byte                      vec_rum_0xf2.c
          F259  ___Sound_Byte_x                    vec_rum_0xf2.c
          F272  ___Clear_Sound                     vec_rum_0xf2.c
          F27D  ___Sound_Bytes                     vec_rum_0xf2.c
          F284  ___Sound_Bytes_x                   vec_rum_0xf2.c
          F289  ___Do_Sound                        vec_rum_0xf2.c
          F28C  ___Do_Sound_x                      vec_rum_0xf2.c
          F29D  ___Intensity_1F                    vec_rum_0xf2.c
          F2A1  ___Intensity_3F                    vec_rum_0xf2.c
          F2A5  ___Intensity_5F                    vec_rum_0xf2.c
          F2A9  ___Intensity_7F                    vec_rum_0xf2.c
          F2AB  ___Intensity_a                     vec_rum_0xf2.c
          F2BE  ___Dot_ix_b                        vec_rum_0xf2.c
          F2C1  ___Dot_ix                          vec_rum_0xf2.c
          F2C3  ___Dot_d                           vec_rum_0xf2.c
          F2C5  ___Dot_here                        vec_rum_0xf2.c
          F2D5  ___Dot_List                        vec_rum_0xf2.c
          F2DE  ___Dot_List_Reset                  vec_rum_0xf2.c
          F2E6  ___Recalibrate                     vec_rum_0xf2.c
          F2F2  ___Moveto_x_7F                     vec_rum_0xf2.c
          F2FC  ___Moveto_d_7F                     vec_rum_0xf2.c

ASxxxx Linker V05.00,  page 43.
Hexidecimal  [16-Bits]
[ Bank == page_f3 ]

Area                       Addr        Size        Decimal Bytes (Attributes)
--------------------       ----        ----        ------- ----- ------------
.0xf3                      F308        00D8 =         216. bytes (ABS,OVR,CSEG)

         Value  Global                             Global Defined In Module
         -----  --------------------------------   ------------------------
          F308  ___Moveto_ix_FF                    vec_rum_0xf3.c
          F30C  ___Moveto_ix_7F                    vec_rum_0xf3.c
          F30E  ___Moveto_ix_b                     vec_rum_0xf3.c
          F310  ___Moveto_ix                       vec_rum_0xf3.c
          F312  ___Moveto_d                        vec_rum_0xf3.c
          F34A  ___Reset0Ref_D0                    vec_rum_0xf3.c
          F34F  ___Check0Ref                       vec_rum_0xf3.c
          F354  ___Reset0Ref                       vec_rum_0xf3.c
          F35B  ___Reset_Pen                       vec_rum_0xf3.c
          F36B  ___Reset0Int                       vec_rum_0xf3.c
          F373  ___Print_Str_hwyx                  vec_rum_0xf3.c
          F378  ___Print_Str_yx                    vec_rum_0xf3.c
          F37A  ___Print_Str_d                     vec_rum_0xf3.c
          F385  ___Print_List_hw                   vec_rum_0xf3.c
          F38A  ___Print_List                      vec_rum_0xf3.c
          F38C  ___Print_List_chk                  vec_rum_0xf3.c
          F391  ___Print_Ships_x                   vec_rum_0xf3.c
          F393  ___Print_Ships                     vec_rum_0xf3.c
          F3AD  ___Mov_Draw_VLc_a                  vec_rum_0xf3.c
          F3B1  ___Mov_Draw_VL_b                   vec_rum_0xf3.c
          F3B5  ___Mov_Draw_VLcs                   vec_rum_0xf3.c
          F3B7  ___Mov_Draw_VL_ab                  vec_rum_0xf3.c
          F3B9  ___Mov_Draw_VL_a                   vec_rum_0xf3.c
          F3BC  ___Mov_Draw_VL                     vec_rum_0xf3.c
          F3BE  ___Mov_Draw_VL_d                   vec_rum_0xf3.c
          F3CE  ___Draw_VLc                        vec_rum_0xf3.c
          F3D2  ___Draw_VL_b                       vec_rum_0xf3.c
          F3D6  ___Draw_VLcs                       vec_rum_0xf3.c
          F3D8  ___Draw_VL_ab                      vec_rum_0xf3.c
          F3DA  ___Draw_VL_a                       vec_rum_0xf3.c
          F3DD  ___Draw_VL                         vec_rum_0xf3.c
          F3DF  ___Draw_Line_d                     vec_rum_0xf3.c
ASxxxx Linker V05.00,  page 44.
Hexidecimal  [16-Bits]
[ Bank == page_f4 ]

Area                       Addr        Size        Decimal Bytes (Attributes)
--------------------       ----        ----        ------- ----- ------------
.0xf4                      F404        0095 =         149. bytes (ABS,OVR,CSEG)

         Value  Global                             Global Defined In Module
         -----  --------------------------------   ------------------------
          F404  ___Draw_VLp_FF                     vec_rum_0xf4.c
          F408  ___Draw_VLp_7F                     vec_rum_0xf4.c
          F40C  ___Draw_VLp_scale                  vec_rum_0xf4.c
          F40E  ___Draw_VLp_b                      vec_rum_0xf4.c
          F410  ___Draw_VLp                        vec_rum_0xf4.c
          F433  ___Draw_Pat_VL_aa                  vec_rum_0xf4.c
          F434  ___Draw_Pat_VL_a                   vec_rum_0xf4.c
          F437  ___Draw_Pat_VL                     vec_rum_0xf4.c
          F439  ___Draw_Pat_VL_d                   vec_rum_0xf4.c
          F46E  ___Draw_VL_mode                    vec_rum_0xf4.c
          F495  ___Print_Str                       vec_rum_0xf4.c
          F498  ___Print_MRast                     vec_rum_0xf4.c
ASxxxx Linker V05.00,  page 45.
Hexidecimal  [16-Bits]
[ Bank == page_f5 ]

Area                       Addr        Size        Decimal Bytes (Attributes)
--------------------       ----        ----        ------- ----- ------------
.0xf5                      F511        00EF =         239. bytes (ABS,OVR,CSEG)

         Value  Global                             Global Defined In Module
         -----  --------------------------------   ------------------------
          F511  ___Random_3                        vec_rum_0xf5.c
          F517  ___Random                          vec_rum_0xf5.c
          F533  ___Init_Music_Buf                  vec_rum_0xf5.c
          F53F  ___Clear_x_b                       vec_rum_0xf5.c
          F542  ___Clear_C8_RAM                    vec_rum_0xf5.c
          F545  ___Clear_x_256                     vec_rum_0xf5.c
          F548  ___Clear_x_d                       vec_rum_0xf5.c
          F550  ___Clear_x_b_80                    vec_rum_0xf5.c
          F552  ___Clear_x_b_a                     vec_rum_0xf5.c
          F55A  ___Dec_3_Counters                  vec_rum_0xf5.c
          F55E  ___Dec_6_Counters                  vec_rum_0xf5.c
          F563  ___Dec_Counters                    vec_rum_0xf5.c
          F56D  ___Delay_3                         vec_rum_0xf5.c
          F571  ___Delay_2                         vec_rum_0xf5.c
          F575  ___Delay_1                         vec_rum_0xf5.c
          F579  ___Delay_0                         vec_rum_0xf5.c
          F57A  ___Delay_b                         vec_rum_0xf5.c
          F57D  ___Delay_RTS                       vec_rum_0xf5.c
          F57E  ___Bitmask_a                       vec_rum_0xf5.c
          F584  ___Abs_a_b                         vec_rum_0xf5.c
          F58B  ___Abs_b                           vec_rum_0xf5.c
          F593  ___Rise_Run_Angle                  vec_rum_0xf5.c
          F5D9  ___Get_Rise_Idx                    vec_rum_0xf5.c
          F5DB  ___Xform_Sin                       vec_rum_0xf5.c
          F5EF  ___Get_Rise_Run                    vec_rum_0xf5.c
          F5FF  ___Rise_Run_X                      vec_rum_0xf5.c

ASxxxx Linker V05.00,  page 46.
Hexidecimal  [16-Bits]
[ Bank == page_f6 ]

Area                       Addr        Size        Decimal Bytes (Attributes)
--------------------       ----        ----        ------- ----- ------------
.0xf6                      F601        0092 =         146. bytes (ABS,OVR,CSEG)

         Value  Global                             Global Defined In Module
         -----  --------------------------------   ------------------------
          F601  ___Rise_Run_Y                      vec_rum_0xf6.c
          F603  ___Rise_Run_Len                    vec_rum_0xf6.c
          F610  ___Rot_VL_ab                       vec_rum_0xf6.c
          F613  ___Rot_VL_Diff                     vec_rum_0xf6.c
          F616  ___Rot_VL                          vec_rum_0xf6.c
          F61F  ___Rot_VL_Mode                     vec_rum_0xf6.c
          F622  ___Rot_VL_Pack                     vec_rum_0xf6.c
          F62B  ___Rot_VL_M_dft                    vec_rum_0xf6.c
          F65B  ___Xform_Run_a                     vec_rum_0xf6.c
          F65D  ___Xform_Run                       vec_rum_0xf6.c
          F661  ___Xform_Rise_a                    vec_rum_0xf6.c
          F663  ___Xform_Rise                      vec_rum_0xf6.c
          F67F  ___Move_Mem_a_1                    vec_rum_0xf6.c
          F683  ___Move_Mem_a                      vec_rum_0xf6.c
          F687  ___Init_Music_chk                  vec_rum_0xf6.c
          F68D  ___Init_Music                      vec_rum_0xf6.c
          F690  ___Init_Music_a                    vec_rum_0xf6.c
          F692  ___Init_Music_x                    vec_rum_0xf6.c

ASxxxx Linker V05.00,  page 47.
Hexidecimal  [16-Bits]
[ Bank == page_f7 ]

Area                       Addr        Size        Decimal Bytes (Attributes)
--------------------       ----        ----        ------- ----- ------------
.0xf7                      F742        0068 =         104. bytes (ABS,OVR,CSEG)

         Value  Global                             Global Defined In Module
         -----  --------------------------------   ------------------------
          F742  ___Stop_Sound                      vec_rum_0xf7.c
          F7A9  ___Select_Game                     vec_rum_0xf7.c

ASxxxx Linker V05.00,  page 48.
Hexidecimal  [16-Bits]
[ Bank == page_f8 ]

Area                       Addr        Size        Decimal Bytes (Attributes)
--------------------       ----        ----        ------- ----- ------------
.0xf8                      F835        00CB =         203. bytes (ABS,OVR,CSEG)

         Value  Global                             Global Defined In Module
         -----  --------------------------------   ------------------------
          F835  ___Display_Option                  vec_rum_0xf8.c
          F84F  ___Clear_Score                     vec_rum_0xf8.c
          F85E  ___Add_Score_a                     vec_rum_0xf8.c
          F87C  ___Add_Score_d                     vec_rum_0xf8.c
          F8B7  ___Strip_Zeros                     vec_rum_0xf8.c
          F8C7  ___Compare_Score                   vec_rum_0xf8.c
          F8D8  ___New_High_Score                  vec_rum_0xf8.c
          F8E5  ___Obj_Will_Hit_u                  vec_rum_0xf8.c
          F8F3  ___Obj_Will_Hit                    vec_rum_0xf8.c
          F8FF  ___Obj_Hit                         vec_rum_0xf8.c

ASxxxx Linker V05.00,  page 49.
Hexidecimal  [16-Bits]
[ Bank == page_f9 ]

Area                       Addr        Size        Decimal Bytes (Attributes)
--------------------       ----        ----        ------- ----- ------------
.0xf9                      F92E        009D =         157. bytes (ABS,OVR,CSEG)

         Value  Global                             Global Defined In Module
         -----  --------------------------------   ------------------------
          F92E  ___Explosion_Snd                   vec_rum_0xf9.c
          F9CA  ___Set_Amp                         vec_rum_0xf9.c

ASxxxx Linker V05.00,  page 50.
Hexidecimal  [16-Bits]
[ Bank == page_ffx ]

Area                       Addr        Size        Decimal Bytes (Attributes)
--------------------       ----        ----        ------- ----- ------------
.0xffx                     FF9F        0001 =           1. bytes (ABS,OVR,CSEG)

         Value  Global                             Global Defined In Module
         -----  --------------------------------   ------------------------
          FF9F  ___Draw_Grid_VL                    vec_rum_0xff.c

ASxxxx Linker V05.00,  page 51.

Files Linked                              [ module(s) ]

C:\Users\tsuok\Downloads\Vide2.6_RC03.w3  [ crt0.c ]
C:\Users\tsuok\FalloutTTRPG\VectrexTest\  [ cartridge.enr.c ]
C:\Users\tsuok\FalloutTTRPG\VectrexTest\  [ main.enr.c ]
C:\Users\tsuok\Downloads\Vide2.6_RC03.w3  [ vec_ram_0xc8_0.c ]
C:\Users\tsuok\Downloads\Vide2.6_RC03.w3  [ vec_ram_0xc8_1.c ]
C:\Users\tsuok\Downloads\Vide2.6_RC03.w3  [ vec_ram_0xc8_2.c ]
C:\Users\tsuok\Downloads\Vide2.6_RC03.w3  [ vec_ram_0xcb_0.c ]
C:\Users\tsuok\Downloads\Vide2.6_RC03.w3  [ vec_ram_0xcb_1.c ]
C:\Users\tsuok\Downloads\Vide2.6_RC03.w3  [ vec_ram_0xcb_2.c ]
C:\Users\tsuok\Downloads\Vide2.6_RC03.w3  [ vec_ram_0xcb_3.c ]
C:\Users\tsuok\Downloads\Vide2.6_RC03.w3  [ vec_ram_0xd0_0.c ]
C:\Users\tsuok\Downloads\Vide2.6_RC03.w3  [ vec_ram_0xd0_1.c ]
C:\Users\tsuok\Downloads\Vide2.6_RC03.w3  [ vec_ram_dpc8_0.c ]
C:\Users\tsuok\Downloads\Vide2.6_RC03.w3  [ vec_ram_dpc8_1.c ]
C:\Users\tsuok\Downloads\Vide2.6_RC03.w3  [ vec_ram_dpc8_2.c ]
C:\Users\tsuok\Downloads\Vide2.6_RC03.w3  [ vec_ram_dpcb_0.c ]
C:\Users\tsuok\Downloads\Vide2.6_RC03.w3  [ vec_ram_dpcb_1.c ]
C:\Users\tsuok\Downloads\Vide2.6_RC03.w3  [ vec_ram_dpcb_2.c ]
C:\Users\tsuok\Downloads\Vide2.6_RC03.w3  [ vec_ram_dpcb_3.c ]
C:\Users\tsuok\Downloads\Vide2.6_RC03.w3  [ vec_ram_dpd0_0.c ]
C:\Users\tsuok\Downloads\Vide2.6_RC03.w3  [ vec_ram_dpd0_1.c ]
C:\Users\tsuok\Downloads\Vide2.6_RC03.w3  [ vec_rom_0xed_0.c ]
C:\Users\tsuok\Downloads\Vide2.6_RC03.w3  [ vec_rom_0xfc_0.c ]
C:\Users\tsuok\Downloads\Vide2.6_RC03.w3  [ vec_rom_0xfd_0.c ]
C:\Users\tsuok\Downloads\Vide2.6_RC03.w3  [ vec_rom_0xfe_0.c ]
C:\Users\tsuok\Downloads\Vide2.6_RC03.w3  [ vec_rom_0xfe_1.c ]
C:\Users\tsuok\Downloads\Vide2.6_RC03.w3  [ vec_rom_0xff_0.c ]
C:\Users\tsuok\Downloads\Vide2.6_RC03.w3  [ vec_rom_dped_0.c ]
C:\Users\tsuok\Downloads\Vide2.6_RC03.w3  [ vec_rom_dpfc_0.c ]
C:\Users\tsuok\Downloads\Vide2.6_RC03.w3  [ vec_rom_dpfd_0.c ]
C:\Users\tsuok\Downloads\Vide2.6_RC03.w3  [ vec_rom_dpfe_0.c ]
C:\Users\tsuok\Downloads\Vide2.6_RC03.w3  [ vec_rom_dpfe_1.c ]
C:\Users\tsuok\Downloads\Vide2.6_RC03.w3  [ vec_rom_dpff_0.c ]
C:\Users\tsuok\Downloads\Vide2.6_RC03.w3  [ vec_rum_0xe7.c ]
C:\Users\tsuok\Downloads\Vide2.6_RC03.w3  [ vec_rum_0xe9.c ]
C:\Users\tsuok\Downloads\Vide2.6_RC03.w3  [ vec_rum_0xea.c ]
C:\Users\tsuok\Downloads\Vide2.6_RC03.w3  [ vec_rum_0xf0.c ]
C:\Users\tsuok\Downloads\Vide2.6_RC03.w3  [ vec_rum_0xf1.c ]
C:\Users\tsuok\Downloads\Vide2.6_RC03.w3  [ vec_rum_0xf2.c ]
C:\Users\tsuok\Downloads\Vide2.6_RC03.w3  [ vec_rum_0xf3.c ]
C:\Users\tsuok\Downloads\Vide2.6_RC03.w3  [ vec_rum_0xf4.c ]
C:\Users\tsuok\Downloads\Vide2.6_RC03.w3  [ vec_rum_0xf5.c ]
C:\Users\tsuok\Downloads\Vide2.6_RC03.w3  [ vec_rum_0xf6.c ]
C:\Users\tsuok\Downloads\Vide2.6_RC03.w3  [ vec_rum_0xf7.c ]
C:\Users\tsuok\Downloads\Vide2.6_RC03.w3  [ vec_rum_0xf8.c ]
C:\Users\tsuok\Downloads\Vide2.6_RC03.w3  [ vec_rum_0xf9.c ]
C:\Users\tsuok\Downloads\Vide2.6_RC03.w3  [ vec_rum_0xff.c ]


Libraries Linked                          [ object file ]

C:\Users\tsuok\Downloads\Vide2.6_RC03.w3  [ ./rum/vec_rum_14_05_Intensity_a. ]
C:\Users\tsuok\Downloads\Vide2.6_RC03.w3  [ ./rum/vec_rum_06_02_Random.rel ]
C:\Users\tsuok\Downloads\Vide2.6_RC03.w3  [ ./rum/vec_rum_05_02_03_Print_Str ]
C:\Users\tsuok\Downloads\Vide2.6_RC03.w3  [ ./rum/vec_rum_05_01_03_Dot_d.rel ]
C:\Users\tsuok\Downloads\Vide2.6_RC03.w3  [ ./rum/vec_rum_05_03_01_04_Draw_L ]
C:\Users\tsuok\Downloads\Vide2.6_RC03.w3  [ ./rum/vec_rum_13_07_Moveto_d.rel ]


