ASxxxx Linker V05.00,  page 1.
Hexidecimal  [16-Bits]

Area                       Addr        Size        Decimal Bytes (Attributes)
--------------------       ----        ----        ------- ----- ------------
.  .ABS.                   0000        0000 =           0. bytes (ABS,OVR,CSEG)

         Value  Global                             Global Defined In Module
         -----  --------------------------------   ------------------------
          0000  l__DATA                         
          0000  l__CODE                         
          0000  s__DATA                         
          0000  s__CODE                         
          0000  l_.data                         
          0000  l_.text.unlikely                
          0000  .__.ABS.                           crt0.c
          0000  l_.text.last                    
          0000  l_.bankswitch.data              
          0000  l_.bankswitch.code              
          0000  s_.cartridge                    
          0000  l_.text.hot                     
          0000  s_.direct                       
          0001  l_.0xffx                        
          0001  l_.0xf0                         
          0002  l_.0xe9                         
          0010  l_.dpd0                         
          0015  l_.bss                          
          0016  l_.dpcb                         
          0019  l_.dped                         
          001D  s_.bootloader                   
          001D  l_.cartridge                    
          001E  l_.0xe7                         
          0021  l_.dpfc                         
          003B  l_.bootloader                   
          0058  s_.text                         
          0058  s_.bankswitch.data              
          0058  s_.bankswitch.code              
          0068  l_.0xf7                         
          007A  l_.dpff                         
          0080  l_.dpc8                         
          0092  l_.0xf6                         
          0095  l_.0xf4                         
          009D  l_.0xf9                         
          00A7  l_.0xf2                         
          00AD  l_.0xf1                         
          00B3  l_.0xea                         
          00C7  l_.dpfd                         
          00CB  l_.0xf8                         
          00D1  l_.dpfe                         
          00D8  l_.0xf3                         
          00EF  l_.0xf5                         
          0100  l_.direct                       
          0542  l_.text                         
          059A  s_.text.unlikely                
          059A  s_.text.last                    
          059A  s_.text.hot                     
          C800  s_.dpc8                         
          C880  s_.bss                          
          C880  s_.data                         
ASxxxx Linker V05.00,  page 2.
Hexidecimal  [16-Bits]

Area                       Addr        Size        Decimal Bytes (Attributes)
--------------------       ----        ----        ------- ----- ------------
.  .ABS.                   0000        0000 =           0. bytes (ABS,OVR,CSEG)

         Value  Global                             Global Defined In Module
         -----  --------------------------------   ------------------------
          CBEA  s_.dpcb                         
          D000  s_.dpd0                         
          E7B5  s_.0xe7                         
          E98A  s_.0xe9                         
          EA3E  s_.0xea                         
          ED77  s_.dped                         
          F000  s_.0xf0                         
          F14C  s_.0xf1                         
          F256  s_.0xf2                         
          F308  s_.0xf3                         
          F404  s_.0xf4                         
          F511  s_.0xf5                         
          F601  s_.0xf6                         
          F742  s_.0xf7                         
          F835  s_.0xf8                         
          F92E  s_.0xf9                         
          FC6D  s_.dpfc                         
          FD0D  s_.dpfd                         
          FE28  s_.dpfe                         
          FF16  s_.dpff                         
          FF9F  s_.0xffx                        

ASxxxx Linker V05.00,  page 3.
Hexidecimal  [16-Bits]
[ Bank == rom ]

Area                       Addr        Size        Decimal Bytes (Attributes)
--------------------       ----        ----        ------- ----- ------------
.cartridge                 0000        001D =          29. bytes (REL,CON,CSEG)

         Value  Global                             Global Defined In Module
         -----  --------------------------------   ------------------------
          0000  _game_header                       cartridge.enr.c

ASxxxx Linker V05.00,  page 4.
Hexidecimal  [16-Bits]
[ Bank == rom ]

Area                       Addr        Size        Decimal Bytes (Attributes)
--------------------       ----        ----        ------- ----- ------------
.bootloader                001D        003B =          59. bytes (REL,CON,CSEG)

         Value  Global                             Global Defined In Module
         -----  --------------------------------   ------------------------
          001D  A$crt0$58                          crt0.c
          0020  A$crt0$59                          crt0.c
          0024  A$crt0$60                          crt0.c
          0028  A$crt0$61                          crt0.c
          002C  A$crt0$62                          crt0.c
          0030  A$crt0$63                          crt0.c
          0033  A$crt0$64                          crt0.c
          0035  A$crt0$66                          crt0.c
          0037  A$crt0$67                          crt0.c
          0039  A$crt0$68                          crt0.c
          003B  A$crt0$69                          crt0.c
          003D  A$crt0$71                          crt0.c
          0041  A$crt0$72                          crt0.c
          0044  A$crt0$73                          crt0.c
          0046  A$crt0$75                          crt0.c
          0048  A$crt0$76                          crt0.c
          004A  A$crt0$77                          crt0.c
          004C  A$crt0$79                          crt0.c
          004F  A$crt0$80                          crt0.c
          0050  A$crt0$81                          crt0.c
          0052  A$crt0$82                          crt0.c
          0055  A$crt0$84                          crt0.c

ASxxxx Linker V05.00,  page 5.
Hexidecimal  [16-Bits]
[ Bank == rom ]

Area                       Addr        Size        Decimal Bytes (Attributes)
--------------------       ----        ----        ------- ----- ------------
.text                      0058        0542 =        1346. bytes (REL,CON,CSEG)

         Value  Global                             Global Defined In Module
         -----  --------------------------------   ------------------------
          0058  _drawScaleScreen                   main.enr.c
          0059  _MousePointer                      main.enr.c
          0074  _AnotherWave                       main.enr.c
          0091  _setup                             main.enr.c
          0091  A$main$100                         main.enr.c
          0094  A$main$105                         main.enr.c
          0097  A$main$110                         main.enr.c
          009A  A$main$115                         main.enr.c
          009D  A$main$120                         main.enr.c
          00A0  A$main$125                         main.enr.c
          00A3  A$main$126                         main.enr.c
          00A4  A$main$128                         main.enr.c
          00A7  A$main$129                         main.enr.c
          00A8  A$main$131                         main.enr.c
          00AB  A$main$132                         main.enr.c
          00AC  A$main$134                         main.enr.c
          00AE  A$main$135                         main.enr.c
          00B1  A$main$136                         main.enr.c
          00B2  A$main$138                         main.enr.c
          00B4  A$main$139                         main.enr.c
          00B7  A$main$140                         main.enr.c
          00B8  A$main$143                         main.enr.c
          00B8  _drawSpriteWithScaleAtPos          main.enr.c
          00BA  A$main$144                         main.enr.c
          00BC  A$main$145                         main.enr.c
          00BE  A$main$150                         main.enr.c
          00C1  A$main$155                         main.enr.c
          00C4  A$main$156                         main.enr.c
          00C7  A$main$161                         main.enr.c
          00C9  A$main$162                         main.enr.c
          00CB  A$main$163                         main.enr.c
          00CD  A$main$164                         main.enr.c
          00CF  A$main$165                         main.enr.c
          00D1  A$main$166                         main.enr.c
          00D3  A$main$167                         main.enr.c
          00D5  A$main$168                         main.enr.c
          00D8  A$main$169                         main.enr.c
          00DA  A$main$174                         main.enr.c
          00DC  A$main$175                         main.enr.c
          00DF  A$main$180                         main.enr.c
          00E1  A$main$181                         main.enr.c
          00E3  A$main$182                         main.enr.c
          00E5  A$main$183                         main.enr.c
          00E8  A$main$184                         main.enr.c
          00EA  A$main$185                         main.enr.c
          00EB  _movehook                          main.enr.c
          00EB  A$main$192                         main.enr.c
          00EE  A$main$193                         main.enr.c
          00EF  A$main$194                         main.enr.c
ASxxxx Linker V05.00,  page 6.
Hexidecimal  [16-Bits]
[ Bank == rom ]

Area                       Addr        Size        Decimal Bytes (Attributes)
--------------------       ----        ----        ------- ----- ------------
.text                      0058        0542 =        1346. bytes (REL,CON,CSEG)

         Value  Global                             Global Defined In Module
         -----  --------------------------------   ------------------------
          00F1  A$main$199                         main.enr.c
          00F4  A$main$200                         main.enr.c
          00F6  A$main$201                         main.enr.c
          00F9  A$main$202                         main.enr.c
          00FB  A$main$204                         main.enr.c
          00FE  A$main$205                         main.enr.c
          00FF  A$main$206                         main.enr.c
          0101  A$main$211                         main.enr.c
          0104  A$main$212                         main.enr.c
          0106  A$main$213                         main.enr.c
          0109  A$main$219                         main.enr.c
          010C  A$main$220                         main.enr.c
          010D  A$main$221                         main.enr.c
          010F  A$main$226                         main.enr.c
          0112  A$main$227                         main.enr.c
          0114  A$main$228                         main.enr.c
          0117  A$main$229                         main.enr.c
          0119  A$main$231                         main.enr.c
          011C  A$main$232                         main.enr.c
          011D  A$main$233                         main.enr.c
          011F  A$main$238                         main.enr.c
          0122  A$main$239                         main.enr.c
          0124  A$main$240                         main.enr.c
          0127  A$main$246                         main.enr.c
          012A  A$main$247                         main.enr.c
          012C  A$main$248                         main.enr.c
          012E  A$main$249                         main.enr.c
          0130  A$main$250                         main.enr.c
          0133  A$main$256                         main.enr.c
          0136  A$main$257                         main.enr.c
          0138  A$main$258                         main.enr.c
          013A  A$main$259                         main.enr.c
          013C  A$main$260                         main.enr.c
          013F  A$main$266                         main.enr.c
          0142  A$main$267                         main.enr.c
          0144  A$main$268                         main.enr.c
          0146  A$main$269                         main.enr.c
          0148  A$main$270                         main.enr.c
          014B  A$main$276                         main.enr.c
          014E  A$main$277                         main.enr.c
          0150  A$main$278                         main.enr.c
          0152  A$main$279                         main.enr.c
          0154  A$main$280                         main.enr.c
          0157  A$main$286                         main.enr.c
          015A  A$main$287                         main.enr.c
          015B  A$main$289                         main.enr.c
          015E  A$main$290                         main.enr.c
          015F  A$main$292                         main.enr.c
          0162  A$main$293                         main.enr.c
          0163  A$main$296                         main.enr.c
ASxxxx Linker V05.00,  page 7.
Hexidecimal  [16-Bits]
[ Bank == rom ]

Area                       Addr        Size        Decimal Bytes (Attributes)
--------------------       ----        ----        ------- ----- ------------
.text                      0058        0542 =        1346. bytes (REL,CON,CSEG)

         Value  Global                             Global Defined In Module
         -----  --------------------------------   ------------------------
          0163  _FishGame                          main.enr.c
          0165  A$main$301                         main.enr.c
          0168  A$main$306                         main.enr.c
          016A  A$main$307                         main.enr.c
          016D  A$main$312                         main.enr.c
          0170  A$main$313                         main.enr.c
          0172  A$main$314                         main.enr.c
          0175  A$main$315                         main.enr.c
          0177  A$main$316                         main.enr.c
          0179  A$main$317                         main.enr.c
          017B  A$main$318                         main.enr.c
          017D  A$main$319                         main.enr.c
          017F  A$main$320                         main.enr.c
          0181  A$main$321                         main.enr.c
          0184  A$main$322                         main.enr.c
          0186  A$main$327                         main.enr.c
          0188  A$main$328                         main.enr.c
          018B  A$main$333                         main.enr.c
          018E  A$main$334                         main.enr.c
          0191  A$main$339                         main.enr.c
          0194  A$main$340                         main.enr.c
          0196  A$main$341                         main.enr.c
          0197  A$main$348                         main.enr.c
          0197  _drawWater                         main.enr.c
          0199  A$main$349                         main.enr.c
          019B  A$main$350                         main.enr.c
          019D  A$main$351                         main.enr.c
          019F  A$main$352                         main.enr.c
          01A1  A$main$353                         main.enr.c
          01A4  A$main$354                         main.enr.c
          01A7  A$main$355                         main.enr.c
          01A9  A$main$356                         main.enr.c
          01AA  _main                              main.enr.c
          01AA  A$main$359                         main.enr.c
          01AC  A$main$366                         main.enr.c
          01AF  A$main$371                         main.enr.c
          01B2  A$main$376                         main.enr.c
          01B5  A$main$381                         main.enr.c
          01B8  A$main$386                         main.enr.c
          01BB  A$main$396                         main.enr.c
          01BD  A$main$397                         main.enr.c
          01C0  A$main$402                         main.enr.c
          01C3  A$main$407                         main.enr.c
          01C6  A$main$412                         main.enr.c
          01C8  A$main$413                         main.enr.c
          01CB  A$main$418                         main.enr.c
          01CE  A$main$423                         main.enr.c
          01D1  A$main$428                         main.enr.c
          01D3  A$main$429                         main.enr.c
          01D6  A$main$435                         main.enr.c
ASxxxx Linker V05.00,  page 8.
Hexidecimal  [16-Bits]
[ Bank == rom ]

Area                       Addr        Size        Decimal Bytes (Attributes)
--------------------       ----        ----        ------- ----- ------------
.text                      0058        0542 =        1346. bytes (REL,CON,CSEG)

         Value  Global                             Global Defined In Module
         -----  --------------------------------   ------------------------
          01D8  A$main$436                         main.enr.c
          01D9  A$main$437                         main.enr.c
          01DB  A$main$438                         main.enr.c
          01DD  A$main$439                         main.enr.c
          01DF  A$main$440                         main.enr.c
          01E0  A$main$441                         main.enr.c
          01E1  A$main$442                         main.enr.c
          01E3  A$main$443                         main.enr.c
          01E5  A$main$444                         main.enr.c
          01E7  A$main$445                         main.enr.c
          01E9  A$main$446                         main.enr.c
          01EB  A$main$447                         main.enr.c
          01EC  A$main$448                         main.enr.c
          01ED  A$main$449                         main.enr.c
          01EF  A$main$450                         main.enr.c
          01F1  A$main$451                         main.enr.c
          01F5  A$main$452                         main.enr.c
          01F8  A$main$457                         main.enr.c
          01FA  A$main$458                         main.enr.c
          01FB  A$main$459                         main.enr.c
          01FD  A$main$460                         main.enr.c
          01FF  A$main$461                         main.enr.c
          0201  A$main$462                         main.enr.c
          0202  A$main$463                         main.enr.c
          0203  A$main$464                         main.enr.c
          0205  A$main$465                         main.enr.c
          0207  A$main$466                         main.enr.c
          0209  A$main$467                         main.enr.c
          020B  A$main$468                         main.enr.c
          020D  A$main$469                         main.enr.c
          020E  A$main$470                         main.enr.c
          020F  A$main$471                         main.enr.c
          0211  A$main$472                         main.enr.c
          0213  A$main$473                         main.enr.c
          0217  A$main$474                         main.enr.c
          021A  A$main$475                         main.enr.c
          021C  A$main$477                         main.enr.c
          021E  A$main$478                         main.enr.c
          0220  A$main$479                         main.enr.c
          0224  A$main$480                         main.enr.c
          0242  A$main$487                         main.enr.c
          0244  A$main$488                         main.enr.c
          0246  A$main$493                         main.enr.c
          0249  A$main$494                         main.enr.c
          024B  A$main$495                         main.enr.c
          024D  A$main$500                         main.enr.c
          0250  A$main$505                         main.enr.c
          0252  A$main$506                         main.enr.c
          0254  A$main$507                         main.enr.c
          0257  A$main$508                         main.enr.c
ASxxxx Linker V05.00,  page 9.
Hexidecimal  [16-Bits]
[ Bank == rom ]

Area                       Addr        Size        Decimal Bytes (Attributes)
--------------------       ----        ----        ------- ----- ------------
.text                      0058        0542 =        1346. bytes (REL,CON,CSEG)

         Value  Global                             Global Defined In Module
         -----  --------------------------------   ------------------------
          0259  A$main$509                         main.enr.c
          025C  A$main$510                         main.enr.c
          025E  A$main$511                         main.enr.c
          0260  A$main$513                         main.enr.c
          0262  A$main$514                         main.enr.c
          0264  A$main$515                         main.enr.c
          0266  A$main$516                         main.enr.c
          0269  A$main$517                         main.enr.c
          026B  A$main$518                         main.enr.c
          026D  A$main$519                         main.enr.c
          026F  A$main$520                         main.enr.c
          0271  A$main$521                         main.enr.c
          0273  A$main$522                         main.enr.c
          0276  A$main$523                         main.enr.c
          0278  A$main$524                         main.enr.c
          027A  A$main$530                         main.enr.c
          027D  A$main$531                         main.enr.c
          027E  A$main$532                         main.enr.c
          0280  A$main$537                         main.enr.c
          0282  A$main$538                         main.enr.c
          0285  A$main$544                         main.enr.c
          0287  A$main$545                         main.enr.c
          0288  A$main$547                         main.enr.c
          028A  A$main$548                         main.enr.c
          028D  A$main$549                         main.enr.c
          0290  A$main$554                         main.enr.c
          0293  A$main$559                         main.enr.c
          0296  A$main$560                         main.enr.c
          0297  A$main$561                         main.enr.c
          0299  A$main$566                         main.enr.c
          029C  A$main$567                         main.enr.c
          029D  A$main$568                         main.enr.c
          02A0  A$main$573                         main.enr.c
          02A3  A$main$574                         main.enr.c
          02A4  A$main$575                         main.enr.c
          02A6  A$main$580                         main.enr.c
          02A9  A$main$581                         main.enr.c
          02AC  A$main$587                         main.enr.c
          02AF  A$main$593                         main.enr.c
          02B2  A$main$594                         main.enr.c
          02B4  A$main$595                         main.enr.c
          02B6  A$main$596                         main.enr.c
          02B8  A$main$597                         main.enr.c
          02BA  A$main$598                         main.enr.c
          02BE  A$main$599                         main.enr.c
          02C0  A$main$600                         main.enr.c
          02C1  A$main$601                         main.enr.c
          02C3  A$main$602                         main.enr.c
          02C5  A$main$603                         main.enr.c
          02C6  A$main$604                         main.enr.c
ASxxxx Linker V05.00,  page 10.
Hexidecimal  [16-Bits]
[ Bank == rom ]

Area                       Addr        Size        Decimal Bytes (Attributes)
--------------------       ----        ----        ------- ----- ------------
.text                      0058        0542 =        1346. bytes (REL,CON,CSEG)

         Value  Global                             Global Defined In Module
         -----  --------------------------------   ------------------------
          02C7  A$main$605                         main.enr.c
          02CA  A$main$606                         main.enr.c
          02CC  A$main$607                         main.enr.c
          02CE  A$main$608                         main.enr.c
          02E0  A$main$625                         main.enr.c
          02E3  A$main$626                         main.enr.c
          02E5  A$main$627                         main.enr.c
          02E7  A$main$628                         main.enr.c
          02E9  A$main$629                         main.enr.c
          02EC  A$main$630                         main.enr.c
          02EE  A$main$631                         main.enr.c
          02F0  A$main$632                         main.enr.c
          02F2  A$main$640                         main.enr.c
          02F4  A$main$641                         main.enr.c
          02F7  A$main$648                         main.enr.c
          02FA  A$main$654                         main.enr.c
          02FD  A$main$655                         main.enr.c
          02FF  A$main$656                         main.enr.c
          0301  A$main$657                         main.enr.c
          0304  A$main$658                         main.enr.c
          0306  A$main$659                         main.enr.c
          0308  A$main$660                         main.enr.c
          030B  A$main$661                         main.enr.c
          030D  A$main$666                         main.enr.c
          0310  A$main$667                         main.enr.c
          0312  A$main$668                         main.enr.c
          0314  A$main$669                         main.enr.c
          0317  A$main$670                         main.enr.c
          0319  A$main$671                         main.enr.c
          031B  A$main$672                         main.enr.c
          031E  A$main$673                         main.enr.c
          0320  A$main$678                         main.enr.c
          0323  A$main$686                         main.enr.c
          0326  A$main$687                         main.enr.c
          0328  A$main$688                         main.enr.c
          032A  A$main$689                         main.enr.c
          032C  A$main$696                         main.enr.c
          032E  A$main$697                         main.enr.c
          0331  A$main$704                         main.enr.c
          0334  A$main$712                         main.enr.c
          0337  A$main$713                         main.enr.c
          0339  A$main$714                         main.enr.c
          033B  A$main$715                         main.enr.c
          033E  A$main$716                         main.enr.c
          0340  A$main$717                         main.enr.c
          0342  A$main$718                         main.enr.c
          0345  A$main$719                         main.enr.c
          0347  A$main$724                         main.enr.c
          034A  A$main$732                         main.enr.c
          034D  A$main$733                         main.enr.c
ASxxxx Linker V05.00,  page 11.
Hexidecimal  [16-Bits]
[ Bank == rom ]

Area                       Addr        Size        Decimal Bytes (Attributes)
--------------------       ----        ----        ------- ----- ------------
.text                      0058        0542 =        1346. bytes (REL,CON,CSEG)

         Value  Global                             Global Defined In Module
         -----  --------------------------------   ------------------------
          034F  A$main$734                         main.enr.c
          0351  A$main$735                         main.enr.c
          0353  A$main$736                         main.enr.c
          0356  A$main$737                         main.enr.c
          0358  A$main$738                         main.enr.c
          035A  A$main$739                         main.enr.c
          035C  A$main$747                         main.enr.c
          035E  A$main$748                         main.enr.c
          0361  A$main$755                         main.enr.c
          0364  A$main$763                         main.enr.c
          0367  A$main$764                         main.enr.c
          0369  A$main$765                         main.enr.c
          036B  A$main$766                         main.enr.c
          036E  A$main$767                         main.enr.c
          0370  A$main$768                         main.enr.c
          0372  A$main$769                         main.enr.c
          0375  A$main$770                         main.enr.c
          0377  A$main$775                         main.enr.c
          037A  A$main$776                         main.enr.c
          037C  A$main$777                         main.enr.c
          037E  A$main$778                         main.enr.c
          0381  A$main$779                         main.enr.c
          0383  A$main$780                         main.enr.c
          0385  A$main$781                         main.enr.c
          0386  A$main$782                         main.enr.c
          0389  A$main$783                         main.enr.c
          038B  A$main$788                         main.enr.c
          038E  A$main$796                         main.enr.c
          0391  A$main$797                         main.enr.c
          0393  A$main$798                         main.enr.c
          0395  A$main$799                         main.enr.c
          0397  A$main$806                         main.enr.c
          0399  A$main$807                         main.enr.c
          039C  A$main$814                         main.enr.c
          039F  A$main$822                         main.enr.c
          03A2  A$main$823                         main.enr.c
          03A4  A$main$824                         main.enr.c
          03A6  A$main$825                         main.enr.c
          03A9  A$main$826                         main.enr.c
          03AB  A$main$827                         main.enr.c
          03AD  A$main$828                         main.enr.c
          03AE  A$main$829                         main.enr.c
          03B1  A$main$830                         main.enr.c
          03B3  A$main$835                         main.enr.c
          03B6  A$main$843                         main.enr.c
          03B9  A$main$844                         main.enr.c
          03BB  A$main$845                         main.enr.c
          03BD  A$main$846                         main.enr.c
          03BF  A$main$847                         main.enr.c
          03C2  A$main$848                         main.enr.c
ASxxxx Linker V05.00,  page 12.
Hexidecimal  [16-Bits]
[ Bank == rom ]

Area                       Addr        Size        Decimal Bytes (Attributes)
--------------------       ----        ----        ------- ----- ------------
.text                      0058        0542 =        1346. bytes (REL,CON,CSEG)

         Value  Global                             Global Defined In Module
         -----  --------------------------------   ------------------------
          03C4  A$main$849                         main.enr.c
          03C6  A$main$850                         main.enr.c
          03C8  A$main$858                         main.enr.c
          03CA  A$main$859                         main.enr.c
          03CD  A$main$866                         main.enr.c
          03D0  A$main$874                         main.enr.c
          03D3  A$main$875                         main.enr.c
          03D5  A$main$876                         main.enr.c
          03D7  A$main$877                         main.enr.c
          03DA  A$main$878                         main.enr.c
          03DC  A$main$879                         main.enr.c
          03DE  A$main$880                         main.enr.c
          03DF  A$main$881                         main.enr.c
          03E2  A$main$882                         main.enr.c
          03E4  A$main$887                         main.enr.c
          03E7  A$main$888                         main.enr.c
          03E9  A$main$889                         main.enr.c
          03EB  A$main$890                         main.enr.c
          03EE  A$main$891                         main.enr.c
          03F0  A$main$892                         main.enr.c
          03F2  A$main$893                         main.enr.c
          03F3  A$main$894                         main.enr.c
          03F6  A$main$895                         main.enr.c
          03F8  A$main$900                         main.enr.c
          03FB  A$main$908                         main.enr.c
          03FE  A$main$909                         main.enr.c
          0400  A$main$910                         main.enr.c
          0402  A$main$911                         main.enr.c
          0404  A$main$918                         main.enr.c
          0406  A$main$919                         main.enr.c
          0409  A$main$926                         main.enr.c
          040C  A$main$934                         main.enr.c
          040F  A$main$935                         main.enr.c
          0411  A$main$936                         main.enr.c
          0413  A$main$937                         main.enr.c
          0416  A$main$938                         main.enr.c
          0418  A$main$939                         main.enr.c
          041A  A$main$940                         main.enr.c
          041B  A$main$941                         main.enr.c
          041E  A$main$942                         main.enr.c
          0420  A$main$947                         main.enr.c
          0423  A$main$955                         main.enr.c
          0426  A$main$956                         main.enr.c
          0428  A$main$957                         main.enr.c
          042A  A$main$958                         main.enr.c
          042C  A$main$959                         main.enr.c
          042F  A$main$960                         main.enr.c
          0431  A$main$961                         main.enr.c
          0433  A$main$962                         main.enr.c
          0435  A$main$970                         main.enr.c
ASxxxx Linker V05.00,  page 13.
Hexidecimal  [16-Bits]
[ Bank == rom ]

Area                       Addr        Size        Decimal Bytes (Attributes)
--------------------       ----        ----        ------- ----- ------------
.text                      0058        0542 =        1346. bytes (REL,CON,CSEG)

         Value  Global                             Global Defined In Module
         -----  --------------------------------   ------------------------
          0437  A$main$971                         main.enr.c
          043A  A$main$978                         main.enr.c
          043D  A$main$986                         main.enr.c
          0440  A$main$987                         main.enr.c
          0442  A$main$988                         main.enr.c
          0444  A$main$989                         main.enr.c
          0447  A$main$990                         main.enr.c
          0449  A$main$991                         main.enr.c
          044B  A$main$992                         main.enr.c
          044C  A$main$993                         main.enr.c
          044F  A$main$994                         main.enr.c
          0451  A$main$999                         main.enr.c
          0454  A$main$1000                        main.enr.c
          0456  A$main$1001                        main.enr.c
          0458  A$main$1002                        main.enr.c
          045B  A$main$1003                        main.enr.c
          045D  A$main$1004                        main.enr.c
          045F  A$main$1005                        main.enr.c
          0462  A$main$1006                        main.enr.c
          0464  A$main$1011                        main.enr.c
          0467  A$main$1019                        main.enr.c
          046A  A$main$1020                        main.enr.c
          046C  A$main$1021                        main.enr.c
          046E  A$main$1022                        main.enr.c
          0470  A$main$1029                        main.enr.c
          0472  A$main$1030                        main.enr.c
          0475  A$main$1037                        main.enr.c
          0478  A$main$1045                        main.enr.c
          047B  A$main$1046                        main.enr.c
          047D  A$main$1047                        main.enr.c
          047F  A$main$1048                        main.enr.c
          0482  A$main$1049                        main.enr.c
          0484  A$main$1050                        main.enr.c
          0486  A$main$1051                        main.enr.c
          0489  A$main$1052                        main.enr.c
          048B  A$main$1057                        main.enr.c
          048D  A$main$1065                        main.enr.c
          048F  A$main$1066                        main.enr.c
          0492  A$main$1071                        main.enr.c
          0494  A$main$1079                        main.enr.c
          0496  A$main$1080                        main.enr.c
          0499  A$main$1085                        main.enr.c
          049B  A$main$1086                        main.enr.c
          049E  A$main$1091                        main.enr.c
          04A1  A$main$1092                        main.enr.c
          04A3  A$main$1093                        main.enr.c
          04A5  A$main$1094                        main.enr.c
          04A8  A$main$1095                        main.enr.c
          04AA  A$main$1096                        main.enr.c
          04AD  A$main$1097                        main.enr.c
ASxxxx Linker V05.00,  page 14.
Hexidecimal  [16-Bits]
[ Bank == rom ]

Area                       Addr        Size        Decimal Bytes (Attributes)
--------------------       ----        ----        ------- ----- ------------
.text                      0058        0542 =        1346. bytes (REL,CON,CSEG)

         Value  Global                             Global Defined In Module
         -----  --------------------------------   ------------------------
          04AF  A$main$1098                        main.enr.c
          04B2  A$main$1099                        main.enr.c
          04B5  A$main$1100                        main.enr.c
          04B7  A$main$1101                        main.enr.c
          04BA  A$main$1102                        main.enr.c
          04BD  A$main$1103                        main.enr.c
          04BF  A$main$1105                        main.enr.c
          04C2  A$main$1106                        main.enr.c
          04C4  A$main$1108                        main.enr.c
          04C6  A$main$1109                        main.enr.c
          04C8  A$main$1114                        main.enr.c
          04CB  A$main$1115                        main.enr.c
          04CD  A$main$1116                        main.enr.c
          04CF  A$main$1121                        main.enr.c
          04D1  A$main$1122                        main.enr.c
          04D3  A$main$1127                        main.enr.c
          04D5  A$main$1128                        main.enr.c
          04D7  A$main$1133                        main.enr.c
          04DA  A$main$1134                        main.enr.c
          04DC  A$main$1135                        main.enr.c
          04DE  A$main$1136                        main.enr.c
          04E0  A$main$1141                        main.enr.c
          04E3  A$main$1142                        main.enr.c
          04E5  A$main$1143                        main.enr.c
          04E6  A$main$1144                        main.enr.c
          04E8  A$main$1145                        main.enr.c
          04EA  A$main$1150                        main.enr.c
          04EC  A$main$1151                        main.enr.c
          04EE  A$main$1156                        main.enr.c
          04F0  A$main$1157                        main.enr.c
          04F2  A$main$1162                        main.enr.c
          04F4  A$main$1163                        main.enr.c
          04F6  A$main$1164                        main.enr.c
          04F8  A$main$1169                        main.enr.c
          04FA  A$main$1170                        main.enr.c
          04FC  A$main$1171                        main.enr.c
          04FE  A$main$1177                        main.enr.c
          0500  A$main$1178                        main.enr.c
          0502  A$main$1179                        main.enr.c
          0504  A$main$1184                        main.enr.c
          0506  A$main$1185                        main.enr.c
          0508  A$main$1186                        main.enr.c
          050A  A$main$1191                        main.enr.c
          050C  A$main$1192                        main.enr.c
          050E  A$main$1193                        main.enr.c
          0510  A$main$1199                        main.enr.c
          0512  A$main$1200                        main.enr.c
          0514  A$main$1201                        main.enr.c
          0516  A$main$1206                        main.enr.c
          0518  A$main$1207                        main.enr.c
ASxxxx Linker V05.00,  page 15.
Hexidecimal  [16-Bits]
[ Bank == rom ]

Area                       Addr        Size        Decimal Bytes (Attributes)
--------------------       ----        ----        ------- ----- ------------
.text                      0058        0542 =        1346. bytes (REL,CON,CSEG)

         Value  Global                             Global Defined In Module
         -----  --------------------------------   ------------------------
          051A  A$main$1208                        main.enr.c
          051C  A$main$1213                        main.enr.c
          051E  A$main$1214                        main.enr.c
          0520  A$main$1215                        main.enr.c
          0522  A$main$1221                        main.enr.c
          0524  A$main$1222                        main.enr.c
          0526  A$main$1223                        main.enr.c
          0528  A$main$1228                        main.enr.c
          052A  A$main$1229                        main.enr.c
          052C  A$main$1230                        main.enr.c
          052E  A$main$1235                        main.enr.c
          0530  A$main$1236                        main.enr.c
          0532  A$main$1237                        main.enr.c
          0534  A$main$1239                        main.enr.c
          0536  A$main$1240                        main.enr.c
          0537  A$main$1242                        main.enr.c
          0539  A$main$1243                        main.enr.c
          053B  A$main$1250                        main.enr.c
          053D  A$main$1251                        main.enr.c
          053F  A$main$1257                        main.enr.c
          0541  A$main$1258                        main.enr.c
          0542  A$main$1259                        main.enr.c
          0544  A$main$1260                        main.enr.c
          0546  A$main$1261                        main.enr.c
          0548  A$main$1262                        main.enr.c
          0549  A$main$1263                        main.enr.c
          054A  A$main$1264                        main.enr.c
          054C  A$main$1265                        main.enr.c
          054E  A$main$1266                        main.enr.c
          0550  A$main$1267                        main.enr.c
          0552  A$main$1268                        main.enr.c
          0554  A$main$1269                        main.enr.c
          0555  A$main$1270                        main.enr.c
          0556  A$main$1271                        main.enr.c
          0558  A$main$1272                        main.enr.c
          055A  A$main$1273                        main.enr.c
          055E  A$main$1274                        main.enr.c
          0560  A$main$1275                        main.enr.c
          0562  A$main$1276                        main.enr.c
          0564  A$main$1278                        main.enr.c
          0566  A$main$1279                        main.enr.c
          0568  A$main$1280                        main.enr.c
          056A  A$main$1281                        main.enr.c
          056C  A$main$1282                        main.enr.c
          056E  __Intensity_a                      vec_rum_14_05_Intensity_a.c
          0573  __Random                           vec_rum_06_02_Random.c
          057D  __Print_Str_d                      vec_rum_05_02_03_Print_Str_d
          0590  __Dot_d                            vec_rum_05_01_03_Dot_d.c
          0595  __Moveto_d                         vec_rum_13_07_Moveto_d.c
ASxxxx Linker V05.00,  page 16.
Hexidecimal  [16-Bits]
[ Bank == ram ]

Area                       Addr        Size        Decimal Bytes (Attributes)
--------------------       ----        ----        ------- ----- ------------
.bss                       C880        0015 =          21. bytes (REL,CON,CSEG)

         Value  Global                             Global Defined In Module
         -----  --------------------------------   ------------------------
          C880  _hook_x                            main.enr.c
          C881  _hook_y                            main.enr.c
          C882  _visible                           main.enr.c
          C883  _current_fishes                    main.enr.c
ASxxxx Linker V05.00,  page 17.
Hexidecimal  [16-Bits]
[ Bank == page_c8 ]

Area                       Addr        Size        Decimal Bytes (Attributes)
--------------------       ----        ----        ------- ----- ------------
.dpc8                      C800        0080 =         128. bytes (ABS,OVR,CSEG)

         Value  Global                             Global Defined In Module
         -----  --------------------------------   ------------------------
          C800  _Vec_Snd_shadow                    vec_ram_0xc8_0.c
          C800  _Vec_Snd_Shadow                    vec_ram_0xc8_1.c
          C80F  _Vec_Btn_State                     vec_ram_0xc8_0.c
          C810  _Vec_Prev_Btns                     vec_ram_0xc8_0.c
          C811  _Vec_Buttons                       vec_ram_0xc8_0.c
          C812  _Vec_Button_1_1                    vec_ram_0xc8_0.c
          C813  _Vec_Button_1_2                    vec_ram_0xc8_0.c
          C814  _Vec_Button_1_3                    vec_ram_0xc8_0.c
          C815  _Vec_Button_1_4                    vec_ram_0xc8_0.c
          C816  _Vec_Button_2_1                    vec_ram_0xc8_0.c
          C817  _Vec_Button_2_2                    vec_ram_0xc8_0.c
          C818  _Vec_Button_2_3                    vec_ram_0xc8_0.c
          C819  _Vec_Button_2_4                    vec_ram_0xc8_0.c
          C81A  _Vec_Joy_Resltn                    vec_ram_0xc8_0.c
          C81B  _Vec_Joy_1_X                       vec_ram_0xc8_0.c
          C81C  _Vec_Joy_1_Y                       vec_ram_0xc8_0.c
          C81D  _Vec_Joy_2_X                       vec_ram_0xc8_0.c
          C81E  _Vec_Joy_2_Y                       vec_ram_0xc8_0.c
          C81F  _Vec_Joy_mux                       vec_ram_0xc8_0.c
          C81F  _Vec_Joy_Mux_1_X                   vec_ram_0xc8_1.c
          C81F  _Vec_Joy_Mux                       vec_ram_0xc8_2.c
          C820  _Vec_Joy_Mux_1_Y                   vec_ram_0xc8_1.c
          C821  _Vec_Joy_Mux_2_X                   vec_ram_0xc8_1.c
          C822  _Vec_Joy_Mux_2_Y                   vec_ram_0xc8_1.c
          C823  _Vec_Misc_Count                    vec_ram_0xc8_0.c
          C824  _Vec_0Ref_Enable                   vec_ram_0xc8_0.c
          C825  _Vec_Loop_Count                    vec_ram_0xc8_0.c
          C825  _Vec_Loop_Count_hi                 vec_ram_0xc8_1.c
          C826  _Vec_Loop_Count_lo                 vec_ram_0xc8_1.c
          C827  _Vec_Brightness                    vec_ram_0xc8_0.c
          C828  _Vec_Dot_Dwell                     vec_ram_0xc8_0.c
          C829  _Vec_Pattern                       vec_ram_0xc8_0.c
          C82A  _Vec_Text_HW                       vec_ram_0xc8_0.c
          C82A  _Vec_Text_Height                   vec_ram_0xc8_1.c
          C82B  _Vec_Text_Width                    vec_ram_0xc8_1.c
          C82C  _Vec_Str_Ptr                       vec_ram_0xc8_0.c
          C82E  _Vec_counters                      vec_ram_0xc8_0.c
          C82E  _Vec_Counter_1                     vec_ram_0xc8_1.c
          C82E  _Vec_Counters                      vec_ram_0xc8_2.c
          C82F  _Vec_Counter_2                     vec_ram_0xc8_1.c
          C830  _Vec_Counter_3                     vec_ram_0xc8_1.c
          C831  _Vec_Counter_4                     vec_ram_0xc8_1.c
          C832  _Vec_Counter_5                     vec_ram_0xc8_1.c
          C833  _Vec_Counter_6                     vec_ram_0xc8_1.c
          C834  _Vec_RiseRun_Tmp                   vec_ram_0xc8_0.c
          C836  _Vec_Angle                         vec_ram_0xc8_0.c
          C837  _Vec_Run_Index                     vec_ram_0xc8_0.c
          C839  _Vec_Rise_Index                    vec_ram_0xc8_0.c
          C839  _Vec_XXX_00                        vec_ram_0xc8_1.c
ASxxxx Linker V05.00,  page 18.
Hexidecimal  [16-Bits]
[ Bank == page_c8 ]

Area                       Addr        Size        Decimal Bytes (Attributes)
--------------------       ----        ----        ------- ----- ------------
.dpc8                      C800        0080 =         128. bytes (ABS,OVR,CSEG)

         Value  Global                             Global Defined In Module
         -----  --------------------------------   ------------------------
          C83B  _Vec_RiseRun_Len                   vec_ram_0xc8_0.c
          C83B  _Vec_XXX_01                        vec_ram_0xc8_1.c
          C83C  _Vec_XXX_02                        vec_ram_0xc8_0.c
          C83D  _Vec_Rfrsh                         vec_ram_0xc8_0.c
          C83D  _Vec_Rfrsh_lo                      vec_ram_0xc8_1.c
          C83E  _Vec_Rfrsh_hi                      vec_ram_0xc8_1.c
          C83F  _Vec_Music_Work                    vec_ram_0xc8_0.c
          C842  _Vec_Music_Wk_A                    vec_ram_0xc8_0.c
          C843  _Vec_XXX_03                        vec_ram_0xc8_0.c
          C844  _Vec_XXX_04                        vec_ram_0xc8_0.c
          C845  _Vec_Music_Wk_7                    vec_ram_0xc8_0.c
          C846  _Vec_Music_Wk_6                    vec_ram_0xc8_0.c
          C847  _Vec_Music_Wk_5                    vec_ram_0xc8_0.c
          C848  _Vec_XXX_05                        vec_ram_0xc8_0.c
          C849  _Vec_XXX_06                        vec_ram_0xc8_0.c
          C84A  _Vec_XXX_07                        vec_ram_0xc8_0.c
          C84B  _Vec_Music_Wk_1                    vec_ram_0xc8_0.c
          C84C  _Vec_XXX_08                        vec_ram_0xc8_0.c
          C84D  _Vec_Freq_Table                    vec_ram_0xc8_0.c
          C84F  _Vec_ADSR_Table                    vec_ram_0xc8_0.c
          C84F  _Vec_Max_Players                   vec_ram_0xc8_1.c
          C850  _Vec_Max_Games                     vec_ram_0xc8_1.c
          C851  _Vec_Twang_Table                   vec_ram_0xc8_0.c
          C853  _Vec_Music_Ptr                     vec_ram_0xc8_0.c
          C853  _Vec_Expl_ChanA                    vec_ram_0xc8_1.c
          C854  _Vec_Expl_Chans                    vec_ram_0xc8_1.c
          C855  _Vec_Music_Chan                    vec_ram_0xc8_0.c
          C856  _Vec_Music_Flag                    vec_ram_0xc8_0.c
          C857  _Vec_Duration                      vec_ram_0xc8_0.c
          C858  _Vec_Expl_1                        vec_ram_0xc8_0.c
          C858  _Vec_Music_Twang                   vec_ram_0xc8_1.c
          C859  _Vec_Expl_2                        vec_ram_0xc8_0.c
          C85A  _Vec_Expl_3                        vec_ram_0xc8_0.c
          C85B  _Vec_Expl_4                        vec_ram_0xc8_0.c
          C85C  _Vec_Expl_Chan                     vec_ram_0xc8_0.c
          C85D  _Vec_Expl_ChanB                    vec_ram_0xc8_0.c
          C85E  _Vec_ADSR_timers                   vec_ram_0xc8_0.c
          C85E  _Vec_ADSR_Timers                   vec_ram_0xc8_1.c
          C85E  _Vec_XXX_09                        vec_ram_0xc8_2.c
          C861  _Vec_Music_freq                    vec_ram_0xc8_0.c
          C861  _Vec_Music_Freq                    vec_ram_0xc8_1.c
          C867  _Vec_Expl_Flag                     vec_ram_0xc8_0.c
          C868  _Vec_XXX_10                        vec_ram_0xc8_0.c
          C869  _Vec_XXX_11                        vec_ram_0xc8_0.c
          C86A  _Vec_XXX_12                        vec_ram_0xc8_0.c
          C86B  _Vec_XXX_13                        vec_ram_0xc8_0.c
          C86C  _Vec_XXX_14                        vec_ram_0xc8_0.c
          C86D  _Vec_XXX_15                        vec_ram_0xc8_0.c
          C86E  _Vec_XXX_16                        vec_ram_0xc8_0.c
          C86F  _Vec_XXX_17                        vec_ram_0xc8_0.c
ASxxxx Linker V05.00,  page 19.
Hexidecimal  [16-Bits]
[ Bank == page_c8 ]

Area                       Addr        Size        Decimal Bytes (Attributes)
--------------------       ----        ----        ------- ----- ------------
.dpc8                      C800        0080 =         128. bytes (ABS,OVR,CSEG)

         Value  Global                             Global Defined In Module
         -----  --------------------------------   ------------------------
          C870  _Vec_XXX_18                        vec_ram_0xc8_0.c
          C871  _Vec_XXX_19                        vec_ram_0xc8_0.c
          C872  _Vec_XXX_20                        vec_ram_0xc8_0.c
          C873  _Vec_XXX_21                        vec_ram_0xc8_0.c
          C874  _Vec_XXX_22                        vec_ram_0xc8_0.c
          C875  _Vec_XXX_23                        vec_ram_0xc8_0.c
          C876  _Vec_XXX_24                        vec_ram_0xc8_0.c
          C877  _Vec_Expl_Timer                    vec_ram_0xc8_0.c
          C878  _Vec_XXX_25                        vec_ram_0xc8_0.c
          C879  _Vec_Num_Players                   vec_ram_0xc8_0.c
          C87A  _Vec_Num_Game                      vec_ram_0xc8_0.c
          C87B  _Vec_Seed_Ptr                      vec_ram_0xc8_0.c
          C87D  _Vec_Random_Seed0                  vec_ram_0xc8_0.c
          C87D  _Vec_Random_Seed                   vec_ram_0xc8_1.c
          C87E  _Vec_Random_Seed1                  vec_ram_0xc8_0.c
          C87F  _Vec_Random_Seed2                  vec_ram_0xc8_0.c

ASxxxx Linker V05.00,  page 20.
Hexidecimal  [16-Bits]
[ Bank == page_cb ]

Area                       Addr        Size        Decimal Bytes (Attributes)
--------------------       ----        ----        ------- ----- ------------
.dpcb                      CBEA        0016 =          22. bytes (ABS,OVR,CSEG)

         Value  Global                             Global Defined In Module
         -----  --------------------------------   ------------------------
          CBEA  _Vec_Default_Stk                   vec_ram_0xcb_0.c
          CBEB  _Vec_High_Score                    vec_ram_0xcb_0.c
          CBEB  _Vec_High_score                    vec_ram_0xcb_1.c
          CBF2  _Vec_SWI3_Vector                   vec_ram_0xcb_0.c
          CBF2  _Vec_SWI3_vector                   vec_ram_0xcb_1.c
          CBF2  _Vec_SWI2_Vector                   vec_ram_0xcb_2.c
          CBF2  _Vec_SWI2_vector                   vec_ram_0xcb_3.c
          CBF5  _Vec_FIRQ_Vector                   vec_ram_0xcb_0.c
          CBF5  _Vec_FIRQ_vector                   vec_ram_0xcb_1.c
          CBF8  _Vec_IRQ_Vector                    vec_ram_0xcb_0.c
          CBF8  _Vec_IRQ_vector                    vec_ram_0xcb_1.c
          CBFB  _Vec_SWI_Vector                    vec_ram_0xcb_0.c
          CBFB  _Vec_SWI_vector                    vec_ram_0xcb_1.c
          CBFB  _Vec_NWI_Vector                    vec_ram_0xcb_2.c
          CBFB  _Vec_NWI_vector                    vec_ram_0xcb_3.c
          CBFE  _Vec_Cold_Flag                     vec_ram_0xcb_0.c
ASxxxx Linker V05.00,  page 21.
Hexidecimal  [16-Bits]
[ Bank == page_d0 ]

Area                       Addr        Size        Decimal Bytes (Attributes)
--------------------       ----        ----        ------- ----- ------------
.dpd0                      D000        0010 =          16. bytes (ABS,OVR,CSEG)

         Value  Global                             Global Defined In Module
         -----  --------------------------------   ------------------------
          D000  _VIA_port_b                        vec_ram_0xd0_0.c
          D000  _VIA_port_ba                       vec_ram_0xd0_1.c
          D001  _VIA_port_a                        vec_ram_0xd0_0.c
          D002  _VIA_DDR_b                         vec_ram_0xd0_0.c
          D002  _VIA_DDR_ba                        vec_ram_0xd0_1.c
          D003  _VIA_DDR_a                         vec_ram_0xd0_0.c
          D004  _VIA_t1_cnt_lo                     vec_ram_0xd0_0.c
          D004  _VIA_t1_cnt                        vec_ram_0xd0_1.c
          D005  _VIA_t1_cnt_hi                     vec_ram_0xd0_0.c
          D006  _VIA_t1_lch_lo                     vec_ram_0xd0_0.c
          D006  _VIA_t1_lch                        vec_ram_0xd0_1.c
          D007  _VIA_t1_lch_hi                     vec_ram_0xd0_0.c
          D008  _VIA_t2_lo                         vec_ram_0xd0_0.c
          D008  _VIA_t2                            vec_ram_0xd0_1.c
          D009  _VIA_t2_hi                         vec_ram_0xd0_0.c
          D00A  _VIA_shift_reg                     vec_ram_0xd0_0.c
          D00A  _dummy                             vec_ram_0xd0_1.c
          D00B  _VIA_aux_cntl                      vec_ram_0xd0_0.c
          D00B  _VIA_aux_cntl_w                    vec_ram_0xd0_1.c
          D00C  _VIA_cntl                          vec_ram_0xd0_0.c
          D00D  _VIA_int_flags                     vec_ram_0xd0_0.c
          D00E  _VIA_int_enable                    vec_ram_0xd0_0.c
          D00F  _VIA_port_a_nohs                   vec_ram_0xd0_0.c

ASxxxx Linker V05.00,  page 22.
Hexidecimal  [16-Bits]
[ Bank == page_00 ]

Area                       Addr        Size        Decimal Bytes (Attributes)
--------------------       ----        ----        ------- ----- ------------
.direct                    0000        0100 =         256. bytes (ABS,OVR,CSEG)

         Value  Global                             Global Defined In Module
         -----  --------------------------------   ------------------------
          0000  _dp_Vec_Snd_shadow                 vec_ram_dpc8_0.c
          0000  _dp_Vec_Snd_Shadow                 vec_ram_dpc8_1.c
          0000  _dp_VIA_port_b                     vec_ram_dpd0_0.c
          0000  _dp_VIA_port_ba                    vec_ram_dpd0_1.c
          0001  _dp_VIA_port_a                     vec_ram_dpd0_0.c
          0002  _dp_VIA_DDR_b                      vec_ram_dpd0_0.c
          0002  _dp_VIA_DDR_ba                     vec_ram_dpd0_1.c
          0003  _dp_VIA_DDR_a                      vec_ram_dpd0_0.c
          0004  _dp_VIA_t1_cnt_lo                  vec_ram_dpd0_0.c
          0004  _dp_VIA_t1_cnt                     vec_ram_dpd0_1.c
          0005  _dp_VIA_t1_cnt_hi                  vec_ram_dpd0_0.c
          0006  _dp_VIA_t1_lch_lo                  vec_ram_dpd0_0.c
          0006  _dp_VIA_t1_lch                     vec_ram_dpd0_1.c
          0007  _dp_VIA_t1_lch_hi                  vec_ram_dpd0_0.c
          0008  _dp_VIA_t2_lo                      vec_ram_dpd0_0.c
          0008  _dp_VIA_t2                         vec_ram_dpd0_1.c
          0009  _dp_VIA_t2_hi                      vec_ram_dpd0_0.c
          000A  _dp_VIA_shift_reg                  vec_ram_dpd0_0.c
          000A  _dp_dummy                          vec_ram_dpd0_1.c
          000B  _dp_VIA_aux_cntl                   vec_ram_dpd0_0.c
          000B  _dp_VIA_aux_cntl_w                 vec_ram_dpd0_1.c
          000C  _dp_VIA_cntl                       vec_ram_dpd0_0.c
          000D  _dp_VIA_int_flags                  vec_ram_dpd0_0.c
          000D  _dp_Vec_Music_1                    vec_rom_dpfd_0.c
          000E  _dp_VIA_int_enable                 vec_ram_dpd0_0.c
          000F  _dp_Vec_Btn_State                  vec_ram_dpc8_0.c
          000F  _dp_VIA_port_a_nohs                vec_ram_dpd0_0.c
          0010  _dp_Vec_Prev_Btns                  vec_ram_dpc8_0.c
          0011  _dp_Vec_Buttons                    vec_ram_dpc8_0.c
          0012  _dp_Vec_Button_1_1                 vec_ram_dpc8_0.c
          0013  _dp_Vec_Button_1_2                 vec_ram_dpc8_0.c
          0014  _dp_Vec_Button_1_3                 vec_ram_dpc8_0.c
          0015  _dp_Vec_Button_1_4                 vec_ram_dpc8_0.c
          0016  _dp_Vec_Button_2_1                 vec_ram_dpc8_0.c
          0016  _dp_Vec_ADSR_FADE8                 vec_rom_dpff_0.c
          0017  _dp_Vec_Button_2_2                 vec_ram_dpc8_0.c
          0018  _dp_Vec_Button_2_3                 vec_ram_dpc8_0.c
          0019  _dp_Vec_Button_2_4                 vec_ram_dpc8_0.c
          001A  _dp_Vec_Joy_Resltn                 vec_ram_dpc8_0.c
          001B  _dp_Vec_Joy_1_X                    vec_ram_dpc8_0.c
          001C  _dp_Vec_Joy_1_Y                    vec_ram_dpc8_0.c
          001D  _dp_Vec_Joy_2_X                    vec_ram_dpc8_0.c
          001D  _dp_Vec_Music_2                    vec_rom_dpfd_0.c
          001E  _dp_Vec_Joy_2_Y                    vec_ram_dpc8_0.c
          001F  _dp_Vec_Joy_mux                    vec_ram_dpc8_0.c
          001F  _dp_Vec_Joy_Mux_1_X                vec_ram_dpc8_1.c
          001F  _dp_Vec_Joy_Mux                    vec_ram_dpc8_2.c
          0020  _dp_Vec_Joy_Mux_1_Y                vec_ram_dpc8_1.c
          0021  _dp_Vec_Joy_Mux_2_X                vec_ram_dpc8_1.c
ASxxxx Linker V05.00,  page 23.
Hexidecimal  [16-Bits]
[ Bank == page_00 ]

Area                       Addr        Size        Decimal Bytes (Attributes)
--------------------       ----        ----        ------- ----- ------------
.direct                    0000        0100 =         256. bytes (ABS,OVR,CSEG)

         Value  Global                             Global Defined In Module
         -----  --------------------------------   ------------------------
          0022  _dp_Vec_Joy_Mux_2_Y                vec_ram_dpc8_1.c
          0023  _dp_Vec_Misc_Count                 vec_ram_dpc8_0.c
          0024  _dp_Vec_0Ref_Enable                vec_ram_dpc8_0.c
          0025  _dp_Vec_Loop_Count                 vec_ram_dpc8_0.c
          0025  _dp_Vec_Loop_Count_hi              vec_ram_dpc8_1.c
          0026  _dp_Vec_Loop_Count_lo              vec_ram_dpc8_1.c
          0026  _dp_Vec_Music_9                    vec_rom_dpff_0.c
          0027  _dp_Vec_Brightness                 vec_ram_dpc8_0.c
          0028  _dp_Vec_Dot_Dwell                  vec_ram_dpc8_0.c
          0028  _dp_Vec_ADSR_FADE1                 vec_rom_dpfe_0.c
          0029  _dp_Vec_Pattern                    vec_ram_dpc8_0.c
          002A  _dp_Vec_Text_HW                    vec_ram_dpc8_0.c
          002A  _dp_Vec_Text_Height                vec_ram_dpc8_1.c
          002B  _dp_Vec_Text_Width                 vec_ram_dpc8_1.c
          002C  _dp_Vec_Str_Ptr                    vec_ram_dpc8_0.c
          002E  _dp_Vec_counters                   vec_ram_dpc8_0.c
          002E  _dp_Vec_Counter_1                  vec_ram_dpc8_1.c
          002E  _dp_Vec_Counters                   vec_ram_dpc8_2.c
          002F  _dp_Vec_Counter_2                  vec_ram_dpc8_1.c
          0030  _dp_Vec_Counter_3                  vec_ram_dpc8_1.c
          0031  _dp_Vec_Counter_4                  vec_ram_dpc8_1.c
          0032  _dp_Vec_Counter_5                  vec_ram_dpc8_1.c
          0033  _dp_Vec_Counter_6                  vec_ram_dpc8_1.c
          0034  _dp_Vec_RiseRun_Tmp                vec_ram_dpc8_0.c
          0036  _dp_Vec_Angle                      vec_ram_dpc8_0.c
          0037  _dp_Vec_Run_Index                  vec_ram_dpc8_0.c
          0038  _dp_Vec_Music_5                    vec_rom_dpfe_0.c
          0039  _dp_Vec_Rise_Index                 vec_ram_dpc8_0.c
          0039  _dp_Vec_XXX_00                     vec_ram_dpc8_1.c
          003B  _dp_Vec_RiseRun_Len                vec_ram_dpc8_0.c
          003B  _dp_Vec_XXX_01                     vec_ram_dpc8_1.c
          003C  _dp_Vec_XXX_02                     vec_ram_dpc8_0.c
          003D  _dp_Vec_Rfrsh                      vec_ram_dpc8_0.c
          003D  _dp_Vec_Rfrsh_lo                   vec_ram_dpc8_1.c
          003E  _dp_Vec_Rfrsh_hi                   vec_ram_dpc8_1.c
          003F  _dp_Vec_Music_Work                 vec_ram_dpc8_0.c
          0042  _dp_Vec_Music_Wk_A                 vec_ram_dpc8_0.c
          0043  _dp_Vec_XXX_03                     vec_ram_dpc8_0.c
          0044  _dp_Vec_XXX_04                     vec_ram_dpc8_0.c
          0044  _dp_Vec_Music_a                    vec_rom_dpff_0.c
          0045  _dp_Vec_Music_Wk_7                 vec_ram_dpc8_0.c
          0046  _dp_Vec_Music_Wk_6                 vec_ram_dpc8_0.c
          0047  _dp_Vec_Music_Wk_5                 vec_ram_dpc8_0.c
          0048  _dp_Vec_XXX_05                     vec_ram_dpc8_0.c
          0049  _dp_Vec_XXX_06                     vec_ram_dpc8_0.c
          004A  _dp_Vec_XXX_07                     vec_ram_dpc8_0.c
          004B  _dp_Vec_Music_Wk_1                 vec_ram_dpc8_0.c
          004C  _dp_Vec_XXX_08                     vec_ram_dpc8_0.c
          004D  _dp_Vec_Freq_Table                 vec_ram_dpc8_0.c
          004F  _dp_Vec_ADSR_Table                 vec_ram_dpc8_0.c
ASxxxx Linker V05.00,  page 24.
Hexidecimal  [16-Bits]
[ Bank == page_00 ]

Area                       Addr        Size        Decimal Bytes (Attributes)
--------------------       ----        ----        ------- ----- ------------
.direct                    0000        0100 =         256. bytes (ABS,OVR,CSEG)

         Value  Global                             Global Defined In Module
         -----  --------------------------------   ------------------------
          004F  _dp_Vec_Max_Players                vec_ram_dpc8_1.c
          0050  _dp_Vec_Max_Games                  vec_ram_dpc8_1.c
          0051  _dp_Vec_Twang_Table                vec_ram_dpc8_0.c
          0053  _dp_Vec_Music_Ptr                  vec_ram_dpc8_0.c
          0053  _dp_Vec_Expl_ChanA                 vec_ram_dpc8_1.c
          0054  _dp_Vec_Expl_Chans                 vec_ram_dpc8_1.c
          0055  _dp_Vec_Music_Chan                 vec_ram_dpc8_0.c
          0056  _dp_Vec_Music_Flag                 vec_ram_dpc8_0.c
          0057  _dp_Vec_Duration                   vec_ram_dpc8_0.c
          0058  _dp_Vec_Expl_1                     vec_ram_dpc8_0.c
          0058  _dp_Vec_Music_Twang                vec_ram_dpc8_1.c
          0059  _dp_Vec_Expl_2                     vec_ram_dpc8_0.c
          005A  _dp_Vec_Expl_3                     vec_ram_dpc8_0.c
          005B  _dp_Vec_Expl_4                     vec_ram_dpc8_0.c
          005C  _dp_Vec_Expl_Chan                  vec_ram_dpc8_0.c
          005D  _dp_Vec_Expl_ChanB                 vec_ram_dpc8_0.c
          005E  _dp_Vec_ADSR_timers                vec_ram_dpc8_0.c
          005E  _dp_Vec_ADSR_Timers                vec_ram_dpc8_1.c
          005E  _dp_Vec_XXX_09                     vec_ram_dpc8_2.c
          0061  _dp_Vec_Music_freq                 vec_ram_dpc8_0.c
          0061  _dp_Vec_Music_Freq                 vec_ram_dpc8_1.c
          0062  _dp_Vec_Music_b                    vec_rom_dpff_0.c
          0066  _dp_Vec_ADSR_FADE2                 vec_rom_dpfe_0.c
          0067  _dp_Vec_Expl_Flag                  vec_ram_dpc8_0.c
          0068  _dp_Vec_XXX_10                     vec_ram_dpc8_0.c
          0069  _dp_Vec_XXX_11                     vec_ram_dpc8_0.c
          0069  _dp_Vec_ADSR_FADE0                 vec_rom_dpfd_0.c
          006A  _dp_Vec_XXX_12                     vec_ram_dpc8_0.c
          006B  _dp_Vec_XXX_13                     vec_ram_dpc8_0.c
          006C  _dp_Vec_XXX_14                     vec_ram_dpc8_0.c
          006D  _dp_Vec_XXX_15                     vec_ram_dpc8_0.c
          006D  _dp_Vec_Sine_Table                 vec_rom_dpfc_0.c
          006E  _dp_Vec_XXX_16                     vec_ram_dpc8_0.c
          006F  _dp_Vec_XXX_17                     vec_ram_dpc8_0.c
          0070  _dp_Vec_XXX_18                     vec_ram_dpc8_0.c
          0071  _dp_Vec_XXX_19                     vec_ram_dpc8_0.c
          0072  _dp_Vec_XXX_20                     vec_ram_dpc8_0.c
          0073  _dp_Vec_XXX_21                     vec_ram_dpc8_0.c
          0074  _dp_Vec_XXX_22                     vec_ram_dpc8_0.c
          0075  _dp_Vec_XXX_23                     vec_ram_dpc8_0.c
          0076  _dp_Vec_XXX_24                     vec_ram_dpc8_0.c
          0076  _dp_Vec_Music_6                    vec_rom_dpfe_0.c
          0077  _dp_Vec_Expl_Timer                 vec_ram_dpc8_0.c
          0077  _dp_Vec_Music_0                    vec_rom_dped_0.c
          0078  _dp_Vec_XXX_25                     vec_ram_dpc8_0.c
          0079  _dp_Vec_Num_Players                vec_ram_dpc8_0.c
          0079  _dp_Vec_TWANG_VIBE0                vec_rom_dpfd_0.c
          007A  _dp_Vec_Num_Game                   vec_ram_dpc8_0.c
          007A  _dp_Vec_Music_c                    vec_rom_dpff_0.c
          007B  _dp_Vec_Seed_Ptr                   vec_ram_dpc8_0.c
ASxxxx Linker V05.00,  page 25.
Hexidecimal  [16-Bits]
[ Bank == page_00 ]

Area                       Addr        Size        Decimal Bytes (Attributes)
--------------------       ----        ----        ------- ----- ------------
.direct                    0000        0100 =         256. bytes (ABS,OVR,CSEG)

         Value  Global                             Global Defined In Module
         -----  --------------------------------   ------------------------
          007D  _dp_Vec_Random_Seed0               vec_ram_dpc8_0.c
          007D  _dp_Vec_Random_Seed                vec_ram_dpc8_1.c
          007D  _dp_Vec_Cosine_Table               vec_rom_dpfc_0.c
          007E  _dp_Vec_Random_Seed1               vec_ram_dpc8_0.c
          007F  _dp_Vec_Random_Seed2               vec_ram_dpc8_0.c
          0081  _dp_Vec_Music_3                    vec_rom_dpfd_0.c
          008D  _dp_Vec_Note_Table                 vec_rom_dpfc_0.c
          008F  _dp_Vec_ADSR_FADE66                vec_rom_dped_0.c
          008F  _dp_Vec_Music_d                    vec_rom_dpff_0.c
          00B2  _dp_Vec_ADSR_FADE3                 vec_rom_dpfe_0.c
          00B6  _dp_Vec_TWANG_VIBEHL               vec_rom_dpfe_0.c
          00B6  _dp_Vec_TWANG_VIBENL               vec_rom_dpfe_1.c
          00C3  _dp_Vec_ADSR_FADE12                vec_rom_dpfd_0.c
          00C6  _dp_Vec_Music_7                    vec_rom_dpfe_0.c
          00D3  _dp_Vec_Music_4                    vec_rom_dpfd_0.c
          00E8  _dp_Vec_ADSR_FADE4                 vec_rom_dpfe_0.c
          00EA  _dp_Vec_Default_Stk                vec_ram_dpcb_0.c
          00EB  _dp_Vec_High_Score                 vec_ram_dpcb_0.c
          00EB  _dp_Vec_High_score                 vec_ram_dpcb_1.c
          00F2  _dp_Vec_SWI3_Vector                vec_ram_dpcb_0.c
          00F2  _dp_Vec_SWI3_vector                vec_ram_dpcb_1.c
          00F2  _dp_Vec_SWI2_Vector                vec_ram_dpcb_2.c
          00F2  _dp_Vec_SWI2_vector                vec_ram_dpcb_3.c
          00F5  _dp_Vec_FIRQ_Vector                vec_ram_dpcb_0.c
          00F5  _dp_Vec_FIRQ_vector                vec_ram_dpcb_1.c
          00F8  _dp_Vec_IRQ_Vector                 vec_ram_dpcb_0.c
          00F8  _dp_Vec_IRQ_vector                 vec_ram_dpcb_1.c
          00F8  _dp_Vec_Music_8                    vec_rom_dpfe_0.c
          00FB  _dp_Vec_SWI_Vector                 vec_ram_dpcb_0.c
          00FB  _dp_Vec_SWI_vector                 vec_ram_dpcb_1.c
          00FB  _dp_Vec_NWI_Vector                 vec_ram_dpcb_2.c
          00FB  _dp_Vec_NWI_vector                 vec_ram_dpcb_3.c
          00FE  _dp_Vec_Cold_Flag                  vec_ram_dpcb_0.c

ASxxxx Linker V05.00,  page 26.
Hexidecimal  [16-Bits]
[ Bank == page_ed ]

Area                       Addr        Size        Decimal Bytes (Attributes)
--------------------       ----        ----        ------- ----- ------------
.dped                      ED77        0019 =          25. bytes (ABS,OVR,CSEG)

         Value  Global                             Global Defined In Module
         -----  --------------------------------   ------------------------
          ED77  _Vec_Music_0                       vec_rom_0xed_0.c
          ED8F  _Vec_ADSR_FADE66                   vec_rom_0xed_0.c

ASxxxx Linker V05.00,  page 27.
Hexidecimal  [16-Bits]
[ Bank == page_fc ]

Area                       Addr        Size        Decimal Bytes (Attributes)
--------------------       ----        ----        ------- ----- ------------
.dpfc                      FC6D        0021 =          33. bytes (ABS,OVR,CSEG)

         Value  Global                             Global Defined In Module
         -----  --------------------------------   ------------------------
          FC6D  _Vec_Sine_Table                    vec_rom_0xfc_0.c
          FC7D  _Vec_Cosine_Table                  vec_rom_0xfc_0.c
          FC8D  _Vec_Note_Table                    vec_rom_0xfc_0.c

ASxxxx Linker V05.00,  page 28.
Hexidecimal  [16-Bits]
[ Bank == page_fd ]

Area                       Addr        Size        Decimal Bytes (Attributes)
--------------------       ----        ----        ------- ----- ------------
.dpfd                      FD0D        00C7 =         199. bytes (ABS,OVR,CSEG)

         Value  Global                             Global Defined In Module
         -----  --------------------------------   ------------------------
          FD0D  _Vec_Music_1                       vec_rom_0xfd_0.c
          FD1D  _Vec_Music_2                       vec_rom_0xfd_0.c
          FD69  _Vec_ADSR_FADE0                    vec_rom_0xfd_0.c
          FD79  _Vec_TWANG_VIBE0                   vec_rom_0xfd_0.c
          FD81  _Vec_Music_3                       vec_rom_0xfd_0.c
          FDC3  _Vec_ADSR_FADE12                   vec_rom_0xfd_0.c
          FDD3  _Vec_Music_4                       vec_rom_0xfd_0.c

ASxxxx Linker V05.00,  page 29.
Hexidecimal  [16-Bits]
[ Bank == page_fe ]

Area                       Addr        Size        Decimal Bytes (Attributes)
--------------------       ----        ----        ------- ----- ------------
.dpfe                      FE28        00D1 =         209. bytes (ABS,OVR,CSEG)

         Value  Global                             Global Defined In Module
         -----  --------------------------------   ------------------------
          FE28  _Vec_ADSR_FADE1                    vec_rom_0xfe_0.c
          FE38  _Vec_Music_5                       vec_rom_0xfe_0.c
          FE66  _Vec_ADSR_FADE2                    vec_rom_0xfe_0.c
          FE76  _Vec_Music_6                       vec_rom_0xfe_0.c
          FEB2  _Vec_ADSR_FADE3                    vec_rom_0xfe_0.c
          FEB6  _Vec_TWANG_VIBEHL                  vec_rom_0xfe_0.c
          FEB6  _Vec_TWANG_VIBENL                  vec_rom_0xfe_1.c
          FEC6  _Vec_Music_7                       vec_rom_0xfe_0.c
          FEE8  _Vec_ADSR_FADE4                    vec_rom_0xfe_0.c
          FEF8  _Vec_Music_8                       vec_rom_0xfe_0.c

ASxxxx Linker V05.00,  page 30.
Hexidecimal  [16-Bits]
[ Bank == page_ff ]

Area                       Addr        Size        Decimal Bytes (Attributes)
--------------------       ----        ----        ------- ----- ------------
.dpff                      FF16        007A =         122. bytes (ABS,OVR,CSEG)

         Value  Global                             Global Defined In Module
         -----  --------------------------------   ------------------------
          FF16  _Vec_ADSR_FADE8                    vec_rom_0xff_0.c
          FF26  _Vec_Music_9                       vec_rom_0xff_0.c
          FF44  _Vec_Music_a                       vec_rom_0xff_0.c
          FF62  _Vec_Music_b                       vec_rom_0xff_0.c
          FF7A  _Vec_Music_c                       vec_rom_0xff_0.c
          FF8F  _Vec_Music_d                       vec_rom_0xff_0.c

ASxxxx Linker V05.00,  page 31.
Hexidecimal  [16-Bits]
[ Bank == page_e7 ]

Area                       Addr        Size        Decimal Bytes (Attributes)
--------------------       ----        ----        ------- ----- ------------
.0xe7                      E7B5        001E =          30. bytes (ABS,OVR,CSEG)

         Value  Global                             Global Defined In Module
         -----  --------------------------------   ------------------------
          E7B5  ___Displ8_xy                       vec_rum_0xe7.c
          E7D2  ___Displ16_xy                      vec_rum_0xe7.c

ASxxxx Linker V05.00,  page 32.
Hexidecimal  [16-Bits]
[ Bank == page_e9 ]

Area                       Addr        Size        Decimal Bytes (Attributes)
--------------------       ----        ----        ------- ----- ------------
.0xe9                      E98A        0002 =           2. bytes (ABS,OVR,CSEG)

         Value  Global                             Global Defined In Module
         -----  --------------------------------   ------------------------
          E98A  ___Ranpos                          vec_rum_0xe9.c

ASxxxx Linker V05.00,  page 33.
Hexidecimal  [16-Bits]
[ Bank == page_ea ]

Area                       Addr        Size        Decimal Bytes (Attributes)
--------------------       ----        ----        ------- ----- ------------
.0xea                      EA3E        00B3 =         179. bytes (ABS,OVR,CSEG)

         Value  Global                             Global Defined In Module
         -----  --------------------------------   ------------------------
          EA3E  ___Rnd_Cone                        vec_rum_0xea.c
          EA5D  ___Dot_y                           vec_rum_0xea.c
          EA6D  ___Dot_py                          vec_rum_0xea.c
          EA7F  ___Draw_Pack                       vec_rum_0xea.c
          EA8D  ___Draw_Pack_py                    vec_rum_0xea.c
          EAA8  ___Print_Msg                       vec_rum_0xea.c
          EAB4  ___Draw_Score                      vec_rum_0xea.c
          EACF  ___Draw_Scores                     vec_rum_0xea.c
          EAF0  ___Wait_Bound                      vec_rum_0xea.c

ASxxxx Linker V05.00,  page 34.
Hexidecimal  [16-Bits]
[ Bank == page_f0 ]

Area                       Addr        Size        Decimal Bytes (Attributes)
--------------------       ----        ----        ------- ----- ------------
.0xf0                      F000        0001 =           1. bytes (ABS,OVR,CSEG)

         Value  Global                             Global Defined In Module
         -----  --------------------------------   ------------------------
          F000  ___Reset                           vec_rum_0xf0.c

ASxxxx Linker V05.00,  page 35.
Hexidecimal  [16-Bits]
[ Bank == page_f1 ]

Area                       Addr        Size        Decimal Bytes (Attributes)
--------------------       ----        ----        ------- ----- ------------
.0xf1                      F14C        00AD =         173. bytes (ABS,OVR,CSEG)

         Value  Global                             Global Defined In Module
         -----  --------------------------------   ------------------------
          F14C  ___Init_VIA                        vec_rum_0xf1.c
          F164  ___Init_OS_RAM                     vec_rum_0xf1.c
          F18B  ___Init_OS                         vec_rum_0xf1.c
          F192  ___Wait_Recal                      vec_rum_0xf1.c
          F1AA  ___DP_to_D0                        vec_rum_0xf1.c
          F1AF  ___DP_to_C8                        vec_rum_0xf1.c
          F1B4  ___Read_Btns_Mask                  vec_rum_0xf1.c
          F1BA  ___Read_Btns                       vec_rum_0xf1.c
          F1F5  ___Joy_Analog                      vec_rum_0xf1.c
          F1F8  ___Joy_Digital                     vec_rum_0xf1.c

ASxxxx Linker V05.00,  page 36.
Hexidecimal  [16-Bits]
[ Bank == page_f2 ]

Area                       Addr        Size        Decimal Bytes (Attributes)
--------------------       ----        ----        ------- ----- ------------
.0xf2                      F256        00A7 =         167. bytes (ABS,OVR,CSEG)

         Value  Global                             Global Defined In Module
         -----  --------------------------------   ------------------------
          F256  ___Sound_Byte                      vec_rum_0xf2.c
          F259  ___Sound_Byte_x                    vec_rum_0xf2.c
          F272  ___Clear_Sound                     vec_rum_0xf2.c
          F27D  ___Sound_Bytes                     vec_rum_0xf2.c
          F284  ___Sound_Bytes_x                   vec_rum_0xf2.c
          F289  ___Do_Sound                        vec_rum_0xf2.c
          F28C  ___Do_Sound_x                      vec_rum_0xf2.c
          F29D  ___Intensity_1F                    vec_rum_0xf2.c
          F2A1  ___Intensity_3F                    vec_rum_0xf2.c
          F2A5  ___Intensity_5F                    vec_rum_0xf2.c
          F2A9  ___Intensity_7F                    vec_rum_0xf2.c
          F2AB  ___Intensity_a                     vec_rum_0xf2.c
          F2BE  ___Dot_ix_b                        vec_rum_0xf2.c
          F2C1  ___Dot_ix                          vec_rum_0xf2.c
          F2C3  ___Dot_d                           vec_rum_0xf2.c
          F2C5  ___Dot_here                        vec_rum_0xf2.c
          F2D5  ___Dot_List                        vec_rum_0xf2.c
          F2DE  ___Dot_List_Reset                  vec_rum_0xf2.c
          F2E6  ___Recalibrate                     vec_rum_0xf2.c
          F2F2  ___Moveto_x_7F                     vec_rum_0xf2.c
          F2FC  ___Moveto_d_7F                     vec_rum_0xf2.c

ASxxxx Linker V05.00,  page 37.
Hexidecimal  [16-Bits]
[ Bank == page_f3 ]

Area                       Addr        Size        Decimal Bytes (Attributes)
--------------------       ----        ----        ------- ----- ------------
.0xf3                      F308        00D8 =         216. bytes (ABS,OVR,CSEG)

         Value  Global                             Global Defined In Module
         -----  --------------------------------   ------------------------
          F308  ___Moveto_ix_FF                    vec_rum_0xf3.c
          F30C  ___Moveto_ix_7F                    vec_rum_0xf3.c
          F30E  ___Moveto_ix_b                     vec_rum_0xf3.c
          F310  ___Moveto_ix                       vec_rum_0xf3.c
          F312  ___Moveto_d                        vec_rum_0xf3.c
          F34A  ___Reset0Ref_D0                    vec_rum_0xf3.c
          F34F  ___Check0Ref                       vec_rum_0xf3.c
          F354  ___Reset0Ref                       vec_rum_0xf3.c
          F35B  ___Reset_Pen                       vec_rum_0xf3.c
          F36B  ___Reset0Int                       vec_rum_0xf3.c
          F373  ___Print_Str_hwyx                  vec_rum_0xf3.c
          F378  ___Print_Str_yx                    vec_rum_0xf3.c
          F37A  ___Print_Str_d                     vec_rum_0xf3.c
          F385  ___Print_List_hw                   vec_rum_0xf3.c
          F38A  ___Print_List                      vec_rum_0xf3.c
          F38C  ___Print_List_chk                  vec_rum_0xf3.c
          F391  ___Print_Ships_x                   vec_rum_0xf3.c
          F393  ___Print_Ships                     vec_rum_0xf3.c
          F3AD  ___Mov_Draw_VLc_a                  vec_rum_0xf3.c
          F3B1  ___Mov_Draw_VL_b                   vec_rum_0xf3.c
          F3B5  ___Mov_Draw_VLcs                   vec_rum_0xf3.c
          F3B7  ___Mov_Draw_VL_ab                  vec_rum_0xf3.c
          F3B9  ___Mov_Draw_VL_a                   vec_rum_0xf3.c
          F3BC  ___Mov_Draw_VL                     vec_rum_0xf3.c
          F3BE  ___Mov_Draw_VL_d                   vec_rum_0xf3.c
          F3CE  ___Draw_VLc                        vec_rum_0xf3.c
          F3D2  ___Draw_VL_b                       vec_rum_0xf3.c
          F3D6  ___Draw_VLcs                       vec_rum_0xf3.c
          F3D8  ___Draw_VL_ab                      vec_rum_0xf3.c
          F3DA  ___Draw_VL_a                       vec_rum_0xf3.c
          F3DD  ___Draw_VL                         vec_rum_0xf3.c
          F3DF  ___Draw_Line_d                     vec_rum_0xf3.c
ASxxxx Linker V05.00,  page 38.
Hexidecimal  [16-Bits]
[ Bank == page_f4 ]

Area                       Addr        Size        Decimal Bytes (Attributes)
--------------------       ----        ----        ------- ----- ------------
.0xf4                      F404        0095 =         149. bytes (ABS,OVR,CSEG)

         Value  Global                             Global Defined In Module
         -----  --------------------------------   ------------------------
          F404  ___Draw_VLp_FF                     vec_rum_0xf4.c
          F408  ___Draw_VLp_7F                     vec_rum_0xf4.c
          F40C  ___Draw_VLp_scale                  vec_rum_0xf4.c
          F40E  ___Draw_VLp_b                      vec_rum_0xf4.c
          F410  ___Draw_VLp                        vec_rum_0xf4.c
          F433  ___Draw_Pat_VL_aa                  vec_rum_0xf4.c
          F434  ___Draw_Pat_VL_a                   vec_rum_0xf4.c
          F437  ___Draw_Pat_VL                     vec_rum_0xf4.c
          F439  ___Draw_Pat_VL_d                   vec_rum_0xf4.c
          F46E  ___Draw_VL_mode                    vec_rum_0xf4.c
          F495  ___Print_Str                       vec_rum_0xf4.c
          F498  ___Print_MRast                     vec_rum_0xf4.c
ASxxxx Linker V05.00,  page 39.
Hexidecimal  [16-Bits]
[ Bank == page_f5 ]

Area                       Addr        Size        Decimal Bytes (Attributes)
--------------------       ----        ----        ------- ----- ------------
.0xf5                      F511        00EF =         239. bytes (ABS,OVR,CSEG)

         Value  Global                             Global Defined In Module
         -----  --------------------------------   ------------------------
          F511  ___Random_3                        vec_rum_0xf5.c
          F517  ___Random                          vec_rum_0xf5.c
          F533  ___Init_Music_Buf                  vec_rum_0xf5.c
          F53F  ___Clear_x_b                       vec_rum_0xf5.c
          F542  ___Clear_C8_RAM                    vec_rum_0xf5.c
          F545  ___Clear_x_256                     vec_rum_0xf5.c
          F548  ___Clear_x_d                       vec_rum_0xf5.c
          F550  ___Clear_x_b_80                    vec_rum_0xf5.c
          F552  ___Clear_x_b_a                     vec_rum_0xf5.c
          F55A  ___Dec_3_Counters                  vec_rum_0xf5.c
          F55E  ___Dec_6_Counters                  vec_rum_0xf5.c
          F563  ___Dec_Counters                    vec_rum_0xf5.c
          F56D  ___Delay_3                         vec_rum_0xf5.c
          F571  ___Delay_2                         vec_rum_0xf5.c
          F575  ___Delay_1                         vec_rum_0xf5.c
          F579  ___Delay_0                         vec_rum_0xf5.c
          F57A  ___Delay_b                         vec_rum_0xf5.c
          F57D  ___Delay_RTS                       vec_rum_0xf5.c
          F57E  ___Bitmask_a                       vec_rum_0xf5.c
          F584  ___Abs_a_b                         vec_rum_0xf5.c
          F58B  ___Abs_b                           vec_rum_0xf5.c
          F593  ___Rise_Run_Angle                  vec_rum_0xf5.c
          F5D9  ___Get_Rise_Idx                    vec_rum_0xf5.c
          F5DB  ___Xform_Sin                       vec_rum_0xf5.c
          F5EF  ___Get_Rise_Run                    vec_rum_0xf5.c
          F5FF  ___Rise_Run_X                      vec_rum_0xf5.c

ASxxxx Linker V05.00,  page 40.
Hexidecimal  [16-Bits]
[ Bank == page_f6 ]

Area                       Addr        Size        Decimal Bytes (Attributes)
--------------------       ----        ----        ------- ----- ------------
.0xf6                      F601        0092 =         146. bytes (ABS,OVR,CSEG)

         Value  Global                             Global Defined In Module
         -----  --------------------------------   ------------------------
          F601  ___Rise_Run_Y                      vec_rum_0xf6.c
          F603  ___Rise_Run_Len                    vec_rum_0xf6.c
          F610  ___Rot_VL_ab                       vec_rum_0xf6.c
          F613  ___Rot_VL_Diff                     vec_rum_0xf6.c
          F616  ___Rot_VL                          vec_rum_0xf6.c
          F61F  ___Rot_VL_Mode                     vec_rum_0xf6.c
          F622  ___Rot_VL_Pack                     vec_rum_0xf6.c
          F62B  ___Rot_VL_M_dft                    vec_rum_0xf6.c
          F65B  ___Xform_Run_a                     vec_rum_0xf6.c
          F65D  ___Xform_Run                       vec_rum_0xf6.c
          F661  ___Xform_Rise_a                    vec_rum_0xf6.c
          F663  ___Xform_Rise                      vec_rum_0xf6.c
          F67F  ___Move_Mem_a_1                    vec_rum_0xf6.c
          F683  ___Move_Mem_a                      vec_rum_0xf6.c
          F687  ___Init_Music_chk                  vec_rum_0xf6.c
          F68D  ___Init_Music                      vec_rum_0xf6.c
          F690  ___Init_Music_a                    vec_rum_0xf6.c
          F692  ___Init_Music_x                    vec_rum_0xf6.c

ASxxxx Linker V05.00,  page 41.
Hexidecimal  [16-Bits]
[ Bank == page_f7 ]

Area                       Addr        Size        Decimal Bytes (Attributes)
--------------------       ----        ----        ------- ----- ------------
.0xf7                      F742        0068 =         104. bytes (ABS,OVR,CSEG)

         Value  Global                             Global Defined In Module
         -----  --------------------------------   ------------------------
          F742  ___Stop_Sound                      vec_rum_0xf7.c
          F7A9  ___Select_Game                     vec_rum_0xf7.c

ASxxxx Linker V05.00,  page 42.
Hexidecimal  [16-Bits]
[ Bank == page_f8 ]

Area                       Addr        Size        Decimal Bytes (Attributes)
--------------------       ----        ----        ------- ----- ------------
.0xf8                      F835        00CB =         203. bytes (ABS,OVR,CSEG)

         Value  Global                             Global Defined In Module
         -----  --------------------------------   ------------------------
          F835  ___Display_Option                  vec_rum_0xf8.c
          F84F  ___Clear_Score                     vec_rum_0xf8.c
          F85E  ___Add_Score_a                     vec_rum_0xf8.c
          F87C  ___Add_Score_d                     vec_rum_0xf8.c
          F8B7  ___Strip_Zeros                     vec_rum_0xf8.c
          F8C7  ___Compare_Score                   vec_rum_0xf8.c
          F8D8  ___New_High_Score                  vec_rum_0xf8.c
          F8E5  ___Obj_Will_Hit_u                  vec_rum_0xf8.c
          F8F3  ___Obj_Will_Hit                    vec_rum_0xf8.c
          F8FF  ___Obj_Hit                         vec_rum_0xf8.c

ASxxxx Linker V05.00,  page 43.
Hexidecimal  [16-Bits]
[ Bank == page_f9 ]

Area                       Addr        Size        Decimal Bytes (Attributes)
--------------------       ----        ----        ------- ----- ------------
.0xf9                      F92E        009D =         157. bytes (ABS,OVR,CSEG)

         Value  Global                             Global Defined In Module
         -----  --------------------------------   ------------------------
          F92E  ___Explosion_Snd                   vec_rum_0xf9.c
          F9CA  ___Set_Amp                         vec_rum_0xf9.c

ASxxxx Linker V05.00,  page 44.
Hexidecimal  [16-Bits]
[ Bank == page_ffx ]

Area                       Addr        Size        Decimal Bytes (Attributes)
--------------------       ----        ----        ------- ----- ------------
.0xffx                     FF9F        0001 =           1. bytes (ABS,OVR,CSEG)

         Value  Global                             Global Defined In Module
         -----  --------------------------------   ------------------------
          FF9F  ___Draw_Grid_VL                    vec_rum_0xff.c

ASxxxx Linker V05.00,  page 45.

Files Linked                              [ module(s) ]

C:\Users\tsuok\Downloads\Vide2.6_RC03.w3  [ crt0.c ]
C:\Users\tsuok\FalloutTTRPG\FishGame\Fis  [ cartridge.enr.c ]
C:\Users\tsuok\FalloutTTRPG\FishGame\Fis  [ main.enr.c ]
C:\Users\tsuok\Downloads\Vide2.6_RC03.w3  [ vec_ram_0xc8_0.c ]
C:\Users\tsuok\Downloads\Vide2.6_RC03.w3  [ vec_ram_0xc8_1.c ]
C:\Users\tsuok\Downloads\Vide2.6_RC03.w3  [ vec_ram_0xc8_2.c ]
C:\Users\tsuok\Downloads\Vide2.6_RC03.w3  [ vec_ram_0xcb_0.c ]
C:\Users\tsuok\Downloads\Vide2.6_RC03.w3  [ vec_ram_0xcb_1.c ]
C:\Users\tsuok\Downloads\Vide2.6_RC03.w3  [ vec_ram_0xcb_2.c ]
C:\Users\tsuok\Downloads\Vide2.6_RC03.w3  [ vec_ram_0xcb_3.c ]
C:\Users\tsuok\Downloads\Vide2.6_RC03.w3  [ vec_ram_0xd0_0.c ]
C:\Users\tsuok\Downloads\Vide2.6_RC03.w3  [ vec_ram_0xd0_1.c ]
C:\Users\tsuok\Downloads\Vide2.6_RC03.w3  [ vec_ram_dpc8_0.c ]
C:\Users\tsuok\Downloads\Vide2.6_RC03.w3  [ vec_ram_dpc8_1.c ]
C:\Users\tsuok\Downloads\Vide2.6_RC03.w3  [ vec_ram_dpc8_2.c ]
C:\Users\tsuok\Downloads\Vide2.6_RC03.w3  [ vec_ram_dpcb_0.c ]
C:\Users\tsuok\Downloads\Vide2.6_RC03.w3  [ vec_ram_dpcb_1.c ]
C:\Users\tsuok\Downloads\Vide2.6_RC03.w3  [ vec_ram_dpcb_2.c ]
C:\Users\tsuok\Downloads\Vide2.6_RC03.w3  [ vec_ram_dpcb_3.c ]
C:\Users\tsuok\Downloads\Vide2.6_RC03.w3  [ vec_ram_dpd0_0.c ]
C:\Users\tsuok\Downloads\Vide2.6_RC03.w3  [ vec_ram_dpd0_1.c ]
C:\Users\tsuok\Downloads\Vide2.6_RC03.w3  [ vec_rom_0xed_0.c ]
C:\Users\tsuok\Downloads\Vide2.6_RC03.w3  [ vec_rom_0xfc_0.c ]
C:\Users\tsuok\Downloads\Vide2.6_RC03.w3  [ vec_rom_0xfd_0.c ]
C:\Users\tsuok\Downloads\Vide2.6_RC03.w3  [ vec_rom_0xfe_0.c ]
C:\Users\tsuok\Downloads\Vide2.6_RC03.w3  [ vec_rom_0xfe_1.c ]
C:\Users\tsuok\Downloads\Vide2.6_RC03.w3  [ vec_rom_0xff_0.c ]
C:\Users\tsuok\Downloads\Vide2.6_RC03.w3  [ vec_rom_dped_0.c ]
C:\Users\tsuok\Downloads\Vide2.6_RC03.w3  [ vec_rom_dpfc_0.c ]
C:\Users\tsuok\Downloads\Vide2.6_RC03.w3  [ vec_rom_dpfd_0.c ]
C:\Users\tsuok\Downloads\Vide2.6_RC03.w3  [ vec_rom_dpfe_0.c ]
C:\Users\tsuok\Downloads\Vide2.6_RC03.w3  [ vec_rom_dpfe_1.c ]
C:\Users\tsuok\Downloads\Vide2.6_RC03.w3  [ vec_rom_dpff_0.c ]
C:\Users\tsuok\Downloads\Vide2.6_RC03.w3  [ vec_rum_0xe7.c ]
C:\Users\tsuok\Downloads\Vide2.6_RC03.w3  [ vec_rum_0xe9.c ]
C:\Users\tsuok\Downloads\Vide2.6_RC03.w3  [ vec_rum_0xea.c ]
C:\Users\tsuok\Downloads\Vide2.6_RC03.w3  [ vec_rum_0xf0.c ]
C:\Users\tsuok\Downloads\Vide2.6_RC03.w3  [ vec_rum_0xf1.c ]
C:\Users\tsuok\Downloads\Vide2.6_RC03.w3  [ vec_rum_0xf2.c ]
C:\Users\tsuok\Downloads\Vide2.6_RC03.w3  [ vec_rum_0xf3.c ]
C:\Users\tsuok\Downloads\Vide2.6_RC03.w3  [ vec_rum_0xf4.c ]
C:\Users\tsuok\Downloads\Vide2.6_RC03.w3  [ vec_rum_0xf5.c ]
C:\Users\tsuok\Downloads\Vide2.6_RC03.w3  [ vec_rum_0xf6.c ]
C:\Users\tsuok\Downloads\Vide2.6_RC03.w3  [ vec_rum_0xf7.c ]
C:\Users\tsuok\Downloads\Vide2.6_RC03.w3  [ vec_rum_0xf8.c ]
C:\Users\tsuok\Downloads\Vide2.6_RC03.w3  [ vec_rum_0xf9.c ]
C:\Users\tsuok\Downloads\Vide2.6_RC03.w3  [ vec_rum_0xff.c ]


Libraries Linked                          [ object file ]

C:\Users\tsuok\Downloads\Vide2.6_RC03.w3  [ ./rum/vec_rum_14_05_Intensity_a. ]
C:\Users\tsuok\Downloads\Vide2.6_RC03.w3  [ ./rum/vec_rum_06_02_Random.rel ]
C:\Users\tsuok\Downloads\Vide2.6_RC03.w3  [ ./rum/vec_rum_05_02_03_Print_Str ]
C:\Users\tsuok\Downloads\Vide2.6_RC03.w3  [ ./rum/vec_rum_05_01_03_Dot_d.rel ]
C:\Users\tsuok\Downloads\Vide2.6_RC03.w3  [ ./rum/vec_rum_13_07_Moveto_d.rel ]


